Component: ARM Compiler 5.06 update 6 (build 750) Tool: armlink [4d35ed]

==============================================================================

Section Cross References

    startup_stm32f103xb.o(RESET) refers to startup_stm32f103xb.o(STACK) for __initial_sp
    startup_stm32f103xb.o(RESET) refers to startup_stm32f103xb.o(.text) for Reset_Handler
    startup_stm32f103xb.o(RESET) refers to stm32f1xx_it.o(i.NMI_Handler) for NMI_Handler
    startup_stm32f103xb.o(RESET) refers to stm32f1xx_it.o(i.HardFault_Handler) for HardFault_Handler
    startup_stm32f103xb.o(RESET) refers to stm32f1xx_it.o(i.MemManage_Handler) for MemManage_Handler
    startup_stm32f103xb.o(RESET) refers to stm32f1xx_it.o(i.BusFault_Handler) for BusFault_Handler
    startup_stm32f103xb.o(RESET) refers to stm32f1xx_it.o(i.UsageFault_Handler) for UsageFault_Handler
    startup_stm32f103xb.o(RESET) refers to port.o(.emb_text) for SVC_Handler
    startup_stm32f103xb.o(RESET) refers to stm32f1xx_it.o(i.DebugMon_Handler) for DebugMon_Handler
    startup_stm32f103xb.o(RESET) refers to stm32f1xx_it.o(i.SysTick_Handler) for SysTick_Handler
    startup_stm32f103xb.o(.text) refers to system_stm32f1xx.o(i.SystemInit) for SystemInit
    startup_stm32f103xb.o(.text) refers to entry.o(.ARM.Collect$$$$00000000) for __main
    main.o(i.SystemClock_Config) refers to memseta.o(.text) for __aeabi_memclr4
    main.o(i.SystemClock_Config) refers to stm32f1xx_hal_rcc.o(i.HAL_RCC_OscConfig) for HAL_RCC_OscConfig
    main.o(i.SystemClock_Config) refers to main.o(i.Error_Handler) for Error_Handler
    main.o(i.SystemClock_Config) refers to stm32f1xx_hal_rcc.o(i.HAL_RCC_ClockConfig) for HAL_RCC_ClockConfig
    main.o(i.SystemClock_Config) refers to stm32f1xx_hal_rcc_ex.o(i.HAL_RCCEx_PeriphCLKConfig) for HAL_RCCEx_PeriphCLKConfig
    main.o(i.main) refers to stm32f1xx_hal.o(i.HAL_Init) for HAL_Init
    main.o(i.main) refers to main.o(i.SystemClock_Config) for SystemClock_Config
    main.o(i.main) refers to gpio.o(i.MX_GPIO_Init) for MX_GPIO_Init
    main.o(i.main) refers to dma.o(i.MX_DMA_Init) for MX_DMA_Init
    main.o(i.main) refers to tim.o(i.MX_TIM1_Init) for MX_TIM1_Init
    main.o(i.main) refers to tim.o(i.MX_TIM2_Init) for MX_TIM2_Init
    main.o(i.main) refers to tim.o(i.MX_TIM3_Init) for MX_TIM3_Init
    main.o(i.main) refers to tim.o(i.MX_TIM4_Init) for MX_TIM4_Init
    main.o(i.main) refers to usart.o(i.MX_USART2_UART_Init) for MX_USART2_UART_Init
    main.o(i.main) refers to adc.o(i.MX_ADC1_Init) for MX_ADC1_Init
    main.o(i.main) refers to i2c.o(i.MX_I2C1_Init) for MX_I2C1_Init
    main.o(i.main) refers to spi.o(i.MX_SPI1_Init) for MX_SPI1_Init
    main.o(i.main) refers to int_mpu6050.o(i.Int_MPU6050_Init) for Int_MPU6050_Init
    main.o(i.main) refers to app_flight.o(i.App_Flight_MPUCalibrate) for App_Flight_MPUCalibrate
    main.o(i.main) refers to stm32f1xx_hal_tim.o(i.HAL_TIM_PWM_Start) for HAL_TIM_PWM_Start
    main.o(i.main) refers to int_si24r1.o(i.Int_SI24R1_Check) for Int_SI24R1_Check
    main.o(i.main) refers to int_si24r1.o(i.Int_SI24R1_InitRxMode) for Int_SI24R1_InitRxMode
    main.o(i.main) refers to app_task.o(i.FreeRTOS_Start) for FreeRTOS_Start
    main.o(i.main) refers to tim.o(.bss) for htim3
    main.o(i.main) refers to app_flight.o(.data) for ledState
    gpio.o(i.MX_GPIO_Init) refers to stm32f1xx_hal_gpio.o(i.HAL_GPIO_WritePin) for HAL_GPIO_WritePin
    gpio.o(i.MX_GPIO_Init) refers to stm32f1xx_hal_gpio.o(i.HAL_GPIO_Init) for HAL_GPIO_Init
    adc.o(i.HAL_ADC_MspDeInit) refers to stm32f1xx_hal_gpio.o(i.HAL_GPIO_DeInit) for HAL_GPIO_DeInit
    adc.o(i.HAL_ADC_MspDeInit) refers to stm32f1xx_hal_dma.o(i.HAL_DMA_DeInit) for HAL_DMA_DeInit
    adc.o(i.HAL_ADC_MspInit) refers to stm32f1xx_hal_gpio.o(i.HAL_GPIO_Init) for HAL_GPIO_Init
    adc.o(i.HAL_ADC_MspInit) refers to stm32f1xx_hal_dma.o(i.HAL_DMA_Init) for HAL_DMA_Init
    adc.o(i.HAL_ADC_MspInit) refers to main.o(i.Error_Handler) for Error_Handler
    adc.o(i.HAL_ADC_MspInit) refers to adc.o(.bss) for hdma_adc1
    adc.o(i.MX_ADC1_Init) refers to stm32f1xx_hal_adc.o(i.HAL_ADC_Init) for HAL_ADC_Init
    adc.o(i.MX_ADC1_Init) refers to main.o(i.Error_Handler) for Error_Handler
    adc.o(i.MX_ADC1_Init) refers to stm32f1xx_hal_adc.o(i.HAL_ADC_ConfigChannel) for HAL_ADC_ConfigChannel
    adc.o(i.MX_ADC1_Init) refers to adc.o(.bss) for hadc1
    i2c.o(i.HAL_I2C_MspDeInit) refers to stm32f1xx_hal_gpio.o(i.HAL_GPIO_DeInit) for HAL_GPIO_DeInit
    i2c.o(i.HAL_I2C_MspInit) refers to stm32f1xx_hal_gpio.o(i.HAL_GPIO_Init) for HAL_GPIO_Init
    i2c.o(i.MX_I2C1_Init) refers to stm32f1xx_hal_i2c.o(i.HAL_I2C_Init) for HAL_I2C_Init
    i2c.o(i.MX_I2C1_Init) refers to main.o(i.Error_Handler) for Error_Handler
    i2c.o(i.MX_I2C1_Init) refers to i2c.o(.bss) for hi2c1
    spi.o(i.Dri_SPI1_SwapByte) refers to stm32f1xx_hal_spi.o(i.HAL_SPI_TransmitReceive) for HAL_SPI_TransmitReceive
[...]
    i.Start_Task                             0x0800582c   Section        0  app_task.o(i.Start_Task)
    i.SysTick_Handler                        0x080058f8   Section        0  stm32f1xx_it.o(i.SysTick_Handler)
    i.SystemClock_Config                     0x0800590c   Section        0  main.o(i.SystemClock_Config)
    i.SystemInit                             0x08005990   Section        0  system_stm32f1xx.o(i.SystemInit)
    i.TIM_Base_SetConfig                     0x08005994   Section        0  stm32f1xx_hal_tim.o(i.TIM_Base_SetConfig)
    i.TIM_CCxChannelCmd                      0x08005a18   Section        0  stm32f1xx_hal_tim.o(i.TIM_CCxChannelCmd)
    i.TIM_ETR_SetConfig                      0x08005a3a   Section        0  stm32f1xx_hal_tim.o(i.TIM_ETR_SetConfig)
    i.TIM_ITRx_SetConfig                     0x08005a50   Section        0  stm32f1xx_hal_tim.o(i.TIM_ITRx_SetConfig)
    TIM_ITRx_SetConfig                       0x08005a51   Thumb Code    18  stm32f1xx_hal_tim.o(i.TIM_ITRx_SetConfig)
    i.TIM_OC1_SetConfig                      0x08005a64   Section        0  stm32f1xx_hal_tim.o(i.TIM_OC1_SetConfig)
    TIM_OC1_SetConfig                        0x08005a65   Thumb Code    90  stm32f1xx_hal_tim.o(i.TIM_OC1_SetConfig)
    i.TIM_OC2_SetConfig                      0x08005ac4   Section        0  stm32f1xx_hal_tim.o(i.TIM_OC2_SetConfig)
    i.TIM_OC3_SetConfig                      0x08005b2c   Section        0  stm32f1xx_hal_tim.o(i.TIM_OC3_SetConfig)
    TIM_OC3_SetConfig                        0x08005b2d   Thumb Code    98  stm32f1xx_hal_tim.o(i.TIM_OC3_SetConfig)
    i.TIM_OC4_SetConfig                      0x08005b94   Section        0  stm32f1xx_hal_tim.o(i.TIM_OC4_SetConfig)
    TIM_OC4_SetConfig                        0x08005b95   Thumb Code    68  stm32f1xx_hal_tim.o(i.TIM_OC4_SetConfig)
    i.TIM_TI1_ConfigInputStage               0x08005bdc   Section        0  stm32f1xx_hal_tim.o(i.TIM_TI1_ConfigInputStage)
    TIM_TI1_ConfigInputStage                 0x08005bdd   Thumb Code    38  stm32f1xx_hal_tim.o(i.TIM_TI1_ConfigInputStage)
    i.TIM_TI2_ConfigInputStage               0x08005c02   Section        0  stm32f1xx_hal_tim.o(i.TIM_TI2_ConfigInputStage)
    TIM_TI2_ConfigInputStage                 0x08005c03   Thumb Code    40  stm32f1xx_hal_tim.o(i.TIM_TI2_ConfigInputStage)
    i.UART_EndRxTransfer                     0x08005c2a   Section        0  stm32f1xx_hal_uart.o(i.UART_EndRxTransfer)
    UART_EndRxTransfer                       0x08005c2b   Thumb Code   108  stm32f1xx_hal_uart.o(i.UART_EndRxTransfer)
    i.UART_SetConfig                         0x08005c98   Section        0  stm32f1xx_hal_uart.o(i.UART_SetConfig)
    UART_SetConfig                           0x08005c99   Thumb Code   248  stm32f1xx_hal_uart.o(i.UART_SetConfig)
    i.UART_WaitOnFlagUntilTimeout            0x08005d94   Section        0  stm32f1xx_hal_uart.o(i.UART_WaitOnFlagUntilTimeout)
    UART_WaitOnFlagUntilTimeout              0x08005d95   Thumb Code   140  stm32f1xx_hal_uart.o(i.UART_WaitOnFlagUntilTimeout)
    i.UsageFault_Handler                     0x08005e20   Section        0  stm32f1xx_it.o(i.UsageFault_Handler)
    i.__0printf                              0x08005e24   Section        0  printfa.o(i.__0printf)
    i.__ARM_fpclassify                       0x08005e44   Section        0  fpclassify.o(i.__ARM_fpclassify)
    i.__ARM_fpclassifyf                      0x08005e6c   Section        0  fpclassifyf.o(i.__ARM_fpclassifyf)
    i.__NVIC_GetPriorityGrouping             0x08005e94   Section        0  stm32f1xx_hal_cortex.o(i.__NVIC_GetPriorityGrouping)
    __NVIC_GetPriorityGrouping               0x08005e95   Thumb Code    10  stm32f1xx_hal_cortex.o(i.__NVIC_GetPriorityGrouping)
    i.__NVIC_SetPriority                     0x08005ea4   Section        0  stm32f1xx_hal_cortex.o(i.__NVIC_SetPriority)
    __NVIC_SetPriority                       0x08005ea5   Thumb Code    32  stm32f1xx_hal_cortex.o(i.__NVIC_SetPriority)
    i.__kernel_poly                          0x08005ecc   Section        0  poly.o(i.__kernel_poly)
    i.__mathlib_dbl_infnan                   0x08005f76   Section        0  dunder.o(i.__mathlib_dbl_infnan)
    i.__mathlib_dbl_invalid                  0x08005f7c   Section        0  dunder.o(i.__mathlib_dbl_invalid)
    i.__mathlib_dbl_underflow                0x08005f88   Section        0  dunder.o(i.__mathlib_dbl_underflow)
    i.__mathlib_flt_infnan2                  0x08005f98   Section        0  funder.o(i.__mathlib_flt_infnan2)
    i.__mathlib_flt_underflow                0x08005f9c   Section        0  funder.o(i.__mathlib_flt_underflow)
    i.__scatterload_copy                     0x08005fa6   Section       14  handlers.o(i.__scatterload_copy)
    i.__scatterload_null                     0x08005fb4   Section        2  handlers.o(i.__scatterload_null)
    i.__scatterload_zeroinit                 0x08005fb6   Section       14  handlers.o(i.__scatterload_zeroinit)
    i.__set_errno                            0x08005fc4   Section        0  errno.o(i.__set_errno)
    i._fp_digits                             0x08005fd0   Section        0  printfa.o(i._fp_digits)
    _fp_digits                               0x08005fd1   Thumb Code   366  printfa.o(i._fp_digits)
    i._printf_core                           0x08006154   Section        0  printfa.o(i._printf_core)
    _printf_core                             0x08006155   Thumb Code  1744  printfa.o(i._printf_core)
    i._printf_post_padding                   0x08006830   Section        0  printfa.o(i._printf_post_padding)
    _printf_post_padding                     0x08006831   Thumb Code    36  printfa.o(i._printf_post_padding)
    i._printf_pre_padding                    0x08006854   Section        0  printfa.o(i._printf_pre_padding)
    _printf_pre_padding                      0x08006855   Thumb Code    46  printfa.o(i._printf_pre_padding)
    i.asin                                   0x08006884   Section        0  asin.o(i.asin)
    i.atan2f                                 0x08006af4   Section        0  atan2f.o(i.atan2f)
    i.fputc                                  0x08006d50   Section        0  usart.o(i.fputc)
    i.main                                   0x08006d68   Section        0  main.o(i.main)
    i.prvAddCurrentTaskToDelayedList         0x08006dec   Section        0  tasks.o(i.prvAddCurrentTaskToDelayedList)
    prvAddCurrentTaskToDelayedList           0x08006ded   Thumb Code   164  tasks.o(i.prvAddCurrentTaskToDelayedList)
    i.prvAddNewTaskToReadyList               0x08006eac   Section        0  tasks.o(i.prvAddNewTaskToReadyList)
    prvAddNewTaskToReadyList                 0x08006ead   Thumb Code   200  tasks.o(i.prvAddNewTaskToReadyList)
    i.prvCheckTasksWaitingTermination        0x08006f90   Section        0  tasks.o(i.prvCheckTasksWaitingTermination)
    prvCheckTasksWaitingTermination          0x08006f91   Thumb Code    60  tasks.o(i.prvCheckTasksWaitingTermination)
    i.prvDeleteTCB                           0x08006fd8   Section        0  tasks.o(i.prvDeleteTCB)
    prvDeleteTCB                             0x08006fd9   Thumb Code    18  tasks.o(i.prvDeleteTCB)
    i.prvHeapInit                            0x08006fec   Section        0  heap_4.o(i.prvHeapInit)
    prvHeapInit                              0x08006fed   Thumb Code    90  heap_4.o(i.prvHeapInit)
    i.prvIdleTask                            0x0800705c   Section        0  tasks.o(i.prvIdleTask)
    prvIdleTask                              0x0800705d   Thumb Code    32  tasks.o(i.prvIdleTask)
    i.prvInitialiseNewTask                   0x08007084   Section        0  tasks.o(i.prvInitialiseNewTask)
    prvInitialiseNewTask                     0x08007085   Thumb Code   122  tasks.o(i.prvInitialiseNewTask)
    i.prvInitialiseTaskLists                 0x08007100   Section        0  tasks.o(i.prvInitialiseTaskLists)
    prvInitialiseTaskLists                   0x08007101   Thumb Code    70  tasks.o(i.prvInitialiseTaskLists)
    i.prvInsertBlockIntoFreeList             0x08007168   Section        0  heap_4.o(i.prvInsertBlockIntoFreeList)
    prvInsertBlockIntoFreeList               0x08007169   Thumb Code    96  heap_4.o(i.prvInsertBlockIntoFreeList)
    i.prvResetNextTaskUnblockTime            0x080071d0   Section        0  tasks.o(i.prvResetNextTaskUnblockTime)
    prvResetNextTaskUnblockTime              0x080071d1   Thumb Code    40  tasks.o(i.prvResetNextTaskUnblockTime)
    i.prvTaskExitError                       0x08007200   Section        0  port.o(i.prvTaskExitError)
    prvTaskExitError                         0x08007201   Thumb Code    22  port.o(i.prvTaskExitError)
    i.pvPortMalloc                           0x08007218   Section        0  heap_4.o(i.pvPortMalloc)
    i.pxPortInitialiseStack                  0x080072fc   Section        0  port.o(i.pxPortInitialiseStack)
    i.sqrt                                   0x08007320   Section        0  sqrt.o(i.sqrt)
    i.uxListRemove                           0x0800736c   Section        0  list.o(i.uxListRemove)
    i.vListInitialise                        0x08007394   Section        0  list.o(i.vListInitialise)
    i.vListInitialiseItem                    0x080073ae   Section        0  list.o(i.vListInitialiseItem)
    i.vListInsert                            0x080073b4   Section        0  list.o(i.vListInsert)
    i.vListInsertEnd                         0x080073e8   Section        0  list.o(i.vListInsertEnd)
    i.vPortEnterCritical                     0x08007400   Section        0  port.o(i.vPortEnterCritical)
    i.vPortExitCritical                      0x08007424   Section        0  port.o(i.vPortExitCritical)
    i.vPortFree                              0x08007444   Section        0  heap_4.o(i.vPortFree)
    i.vPortSetupTimerInterrupt               0x08007490   Section        0  port.o(i.vPortSetupTimerInterrupt)
    i.vTaskDelay                             0x080074a8   Section        0  tasks.o(i.vTaskDelay)
    i.vTaskDelete                            0x080074dc   Section        0  tasks.o(i.vTaskDelete)
    i.vTaskStartScheduler                    0x080075b0   Section        0  tasks.o(i.vTaskStartScheduler)
    i.vTaskSuspendAll                        0x0800761c   Section        0  tasks.o(i.vTaskSuspendAll)
    i.vTaskSwitchContext                     0x0800762c   Section        0  tasks.o(i.vTaskSwitchContext)
    i.xPortStartScheduler                    0x0800768c   Section        0  port.o(i.xPortStartScheduler)
    i.xPortSysTickHandler                    0x080076c0   Section        0  port.o(i.xPortSysTickHandler)
    i.xTaskCreate                            0x080076f4   Section        0  tasks.o(i.xTaskCreate)
    i.xTaskDelayUntil                        0x0800775c   Section        0  tasks.o(i.xTaskDelayUntil)
    i.xTaskGetSchedulerState                 0x080077d0   Section        0  tasks.o(i.xTaskGetSchedulerState)
    i.xTaskGetTickCount                      0x080077f0   Section        0  tasks.o(i.xTaskGetTickCount)
    i.xTaskIncrementTick                     0x080077fc   Section        0  tasks.o(i.xTaskIncrementTick)
    i.xTaskResumeAll                         0x0800798c   Section        0  tasks.o(i.xTaskResumeAll)
    .constdata                               0x08007ae8   Section       18  stm32f1xx_hal_rcc.o(.constdata)
    aPLLMULFactorTable                       0x08007ae8   Data          16  stm32f1xx_hal_rcc.o(.constdata)
    aPredivFactorTable                       0x08007af8   Data           2  stm32f1xx_hal_rcc.o(.constdata)
    .constdata                               0x08007afa   Section       24  system_stm32f1xx.o(.constdata)
    .constdata                               0x08007b14   Section       12  com_imu.o(.constdata)
    .constdata                               0x08007b20   Section       80  asin.o(.constdata)
    pS                                       0x08007b20   Data          48  asin.o(.constdata)
    qS                                       0x08007b50   Data          32  asin.o(.constdata)
    .data                                    0x20000000   Section        9  stm32f1xx_hal.o(.data)
    .data                                    0x2000000c   Section        4  system_stm32f1xx.o(.data)
    .data                                    0x20000010   Section       64  tasks.o(.data)
    pxDelayedTaskList                        0x20000014   Data           4  tasks.o(.data)
    pxOverflowDelayedTaskList                0x20000018   Data           4  tasks.o(.data)
    uxDeletedTasksWaitingCleanUp             0x2000001c   Data           4  tasks.o(.data)
    uxCurrentNumberOfTasks                   0x20000020   Data           4  tasks.o(.data)
    xTickCount                               0x20000024   Data           4  tasks.o(.data)
    uxTopReadyPriority                       0x20000028   Data           4  tasks.o(.data)
    xSchedulerRunning                        0x2000002c   Data           4  tasks.o(.data)
    xPendedTicks                             0x20000030   Data           4  tasks.o(.data)
    xYieldPending                            0x20000034   Data           4  tasks.o(.data)
    xNumOfOverflows                          0x20000038   Data           4  tasks.o(.data)
    uxTaskNumber                             0x2000003c   Data           4  tasks.o(.data)
    xNextTaskUnblockTime                     0x20000040   Data           4  tasks.o(.data)
    xIdleTaskHandle                          0x20000044   Data           4  tasks.o(.data)
    uxSchedulerSuspended                     0x2000004c   Data           4  tasks.o(.data)
    .data                                    0x20000050   Section       28  heap_4.o(.data)
    xStart                                   0x20000050   Data           8  heap_4.o(.data)
    pxEnd                                    0x20000058   Data           4  heap_4.o(.data)
    xFreeBytesRemaining                      0x2000005c   Data           4  heap_4.o(.data)
    xMinimumEverFreeBytesRemaining           0x20000060   Data           4  heap_4.o(.data)
    xNumberOfSuccessfulAllocations           0x20000064   Data           4  heap_4.o(.data)
    xNumberOfSuccessfulFrees                 0x20000068   Data           4  heap_4.o(.data)
    .data                                    0x2000006c   Section        4  port.o(.data)
    uxCriticalNesting                        0x2000006c   Data           4  port.o(.data)
    .data                                    0x20000070   Section       10  int_si24r1.o(.data)
    .data                                    0x2000007c   Section       66  app_flight.o(.data)
    unlockState                              0x20000098   Data           1  app_flight.o(.data)
    batteryVoltage                           0x2000009c   Data           4  app_flight.o(.data)
    lastGyro                                 0x200000a0   Data           6  app_flight.o(.data)
    lastDisconncectTick                      0x200000a8   Data           4  app_flight.o(.data)
    lastSlowDownTick                         0x200000ac   Data           4  app_flight.o(.data)
    pidStage                                 0x200000b0   Data           1  app_flight.o(.data)
    motorStage                               0x200000b1   Data           1  app_flight.o(.data)
    motor1                                   0x200000b2   Data           2  app_flight.o(.data)
    motor2                                   0x200000b4   Data           2  app_flight.o(.data)
    motor3                                   0x200000b6   Data           2  app_flight.o(.data)
    motor4                                   0x200000b8   Data           2  app_flight.o(.data)
    thr                                      0x200000ba   Data           2  app_flight.o(.data)
    cnt                                      0x200000bc   Data           2  app_flight.o(.data)
    .data                                    0x200000c0   Section       20  app_task.o(.data)
    .data                                    0x200000d4   Section       72  com_kalman.o(.data)
    .data                                    0x2000011c   Section       28  com_imu.o(.data)
    NormAccz                                 0x2000011c   Data           4  com_imu.o(.data)
    KpDef                                    0x20000120   Data           4  com_imu.o(.data)
    KiDef                                    0x20000124   Data           4  com_imu.o(.data)
    NumQ                                     0x20000128   Data          16  com_imu.o(.data)
    .data                                    0x20000138   Section        4  stdout.o(.data)
    .data                                    0x2000013c   Section        4  errno.o(.data)
    _errno                                   0x2000013c   Data           4  errno.o(.data)
    .bss                                     0x20000140   Section      116  adc.o(.bss)
    .bss                                     0x200001b4   Section       84  i2c.o(.bss)
    .bss                                     0x20000208   Section       88  spi.o(.bss)
    .bss                                     0x20000260   Section      288  tim.o(.bss)
    .bss                                     0x20000380   Section       72  usart.o(.bss)
    .bss                                     0x200003c8   Section      740  tasks.o(.bss)
    pxReadyTasksLists                        0x200003c8   Data         640  tasks.o(.bss)
    xDelayedTaskList1                        0x20000648   Data          20  tasks.o(.bss)
    xDelayedTaskList2                        0x2000065c   Data          20  tasks.o(.bss)
    xPendingReadyList                        0x20000670   Data          20  tasks.o(.bss)
    xTasksWaitingTermination                 0x20000684   Data          20  tasks.o(.bss)
    xSuspendedTaskList                       0x20000698   Data          20  tasks.o(.bss)
    .bss                                     0x200006ac   Section    15360  heap_4.o(.bss)
    ucHeap                                   0x200006ac   Data       15360  heap_4.o(.bss)
    .bss                                     0x200042ac   Section      276  app_flight.o(.bss)
    rcdata                                   0x20004384   Data          20  app_flight.o(.bss)
    mpuCalibrationBias                       0x20004398   Data          12  app_flight.o(.bss)
    packet                                   0x200043a4   Data          28  app_flight.o(.bss)
    .bss                                     0x200043c0   Section       12  com_imu.o(.bss)
    GyroIntegError                           0x200043c0   Data          12  com_imu.o(.bss)
    STACK                                    0x200043d0   Section     1024  startup_stm32f103xb.o(STACK)

    Global Symbols

    Symbol Name                              Value     Ov Type        Size  Object(Section)

    BuildAttributes$$THM_ISAv4$P$D$K$B$S$PE$A:L22UL41UL21$X:L11$S22US41US21$IEEE1$IW$USESV6$~STKCKD$USESV7$~SHL$OTIME$ROPI$IEEEX$EBA8$MICROLIB$REQ8$PRES8$EABIv2 0x00000000   Number         0  anon$$obj.o ABSOLUTE
    __ARM_use_no_argv                        0x00000000   Number         0  main.o ABSOLUTE
    _printf_a                                0x00000000   Number         0  stubs.o ABSOLUTE
    _printf_c                                0x00000000   Number         0  stubs.o ABSOLUTE
    _printf_charcount                        0x00000000   Number         0  stubs.o ABSOLUTE
    _printf_d                                0x00000000   Number         0  stubs.o ABSOLUTE
    _printf_e                                0x00000000   Number         0  stubs.o ABSOLUTE
    _printf_f                                0x00000000   Number         0  stubs.o ABSOLUTE
    _printf_flags                            0x00000000   Number         0  stubs.o ABSOLUTE
    _printf_fp_dec                           0x00000000   Number         0  stubs.o ABSOLUTE
    _printf_fp_hex                           0x00000000   Number         0  stubs.o ABSOLUTE
    _printf_g                                0x00000000   Number         0  stubs.o ABSOLUTE
    _printf_i                                0x00000000   Number         0  stubs.o ABSOLUTE
    _printf_int_dec                          0x00000000   Number         0  stubs.o ABSOLUTE
    _printf_l                                0x00000000   Number         0  stubs.o ABSOLUTE
    _printf_lc                               0x00000000   Number         0  stubs.o ABSOLUTE
    _printf_ll                               0x00000000   Number         0  stubs.o ABSOLUTE
    _printf_lld                              0x00000000   Number         0  stubs.o ABSOLUTE
    _printf_lli                              0x00000000   Number         0  stubs.o ABSOLUTE
    _printf_llo                              0x00000000   Number         0  stubs.o ABSOLUTE
    _printf_llu                              0x00000000   Number         0  stubs.o ABSOLUTE
    _printf_llx                              0x00000000   Number         0  stubs.o ABSOLUTE
    _printf_longlong_dec                     0x00000000   Number         0  stubs.o ABSOLUTE
    _printf_longlong_hex                     0x00000000   Number         0  stubs.o ABSOLUTE
    _printf_longlong_oct                     0x00000000   Number         0  stubs.o ABSOLUTE
    _printf_ls                               0x00000000   Number         0  stubs.o ABSOLUTE
    _printf_mbtowc                           0x00000000   Number         0  stubs.o ABSOLUTE
    _printf_n                                0x00000000   Number         0  stubs.o ABSOLUTE
    _printf_o                                0x00000000   Number         0  stubs.o ABSOLUTE
    _printf_p                                0x00000000   Number         0  stubs.o ABSOLUTE
    _printf_percent                          0x00000000   Number         0  stubs.o ABSOLUTE
    _printf_pre_padding                      0x00000000   Number         0  stubs.o ABSOLUTE
    _printf_return_value                     0x00000000   Number         0  stubs.o ABSOLUTE
    _printf_s                                0x00000000   Number         0  stubs.o ABSOLUTE
    _printf_sizespec                         0x00000000   Number         0  stubs.o ABSOLUTE
    _printf_str                              0x00000000   Number         0  stubs.o ABSOLUTE
    _printf_truncate_signed                  0x00000000   Number         0  stubs.o ABSOLUTE
    _printf_truncate_unsigned                0x00000000   Number         0  stubs.o ABSOLUTE
    _printf_u                                0x00000000   Number         0  stubs.o ABSOLUTE
    _printf_wc                               0x00000000   Number         0  stubs.o ABSOLUTE
    _printf_wctomb                           0x00000000   Number         0  stubs.o ABSOLUTE
    _printf_widthprec                        0x00000000   Number         0  stubs.o ABSOLUTE
    _printf_x                                0x00000000   Number         0  stubs.o ABSOLUTE
    __cpp_initialize__aeabi_                  - Undefined Weak Reference
    __cxa_finalize                            - Undefined Weak Reference
    _clock_init                               - Undefined Weak Reference
    _microlib_exit                            - Undefined Weak Reference
    __Vectors_Size                           0x000000ec   Number         0  startup_stm32f103xb.o ABSOLUTE
    __Vectors                                0x08000000   Data           4  startup_stm32f103xb.o(RESET)
    __Vectors_End                            0x080000ec   Data           0  startup_stm32f103xb.o(RESET)
    __main                                   0x080000ed   Thumb Code     0  entry.o(.ARM.Collect$$$$00000000)
    _main_stk                                0x080000ed   Thumb Code     0  entry2.o(.ARM.Collect$$$$00000001)
    _main_scatterload                        0x080000f1   Thumb Code     0  entry5.o(.ARM.Collect$$$$00000004)
    __main_after_scatterload                 0x080000f5   Thumb Code     0  entry5.o(.ARM.Collect$$$$00000004)
    _main_clock                              0x080000f5   Thumb Code     0  entry7b.o(.ARM.Collect$$$$00000008)
    _main_cpp_init                           0x080000f5   Thumb Code     0  entry8b.o(.ARM.Collect$$$$0000000A)
    _main_init                               0x080000f5   Thumb Code     0  entry9a.o(.ARM.Collect$$$$0000000B)
    __rt_final_cpp                           0x080000fd   Thumb Code     0  entry10a.o(.ARM.Collect$$$$0000000D)
    __rt_final_exit                          0x080000fd   Thumb Code     0  entry11a.o(.ARM.Collect$$$$0000000F)
    SVC_Handler                              0x08000101   Thumb Code    32  port.o(.emb_text)
    __asm___6_port_c_39a90d8d__prvStartFirstTask 0x08000125   Thumb Code    28  port.o(.emb_text)
    PendSV_Handler                           0x08000145   Thumb Code    72  port.o(.emb_text)
    vPortGetIPSR                             0x08000191   Thumb Code     6  port.o(.emb_text)
    Reset_Handler                            0x08000199   Thumb Code     8  startup_stm32f103xb.o(.text)
    ADC1_2_IRQHandler                        0x080001b3   Thumb Code     0  startup_stm32f103xb.o(.text)
    CAN1_RX1_IRQHandler                      0x080001b3   Thumb Code     0  startup_stm32f103xb.o(.text)
    CAN1_SCE_IRQHandler                      0x080001b3   Thumb Code     0  startup_stm32f103xb.o(.text)
    DMA1_Channel1_IRQHandler                 0x080001b3   Thumb Code     0  startup_stm32f103xb.o(.text)
    DMA1_Channel2_IRQHandler                 0x080001b3   Thumb Code     0  startup_stm32f103xb.o(.text)
    DMA1_Channel3_IRQHandler                 0x080001b3   Thumb Code     0  startup_stm32f103xb.o(.text)
    DMA1_Channel4_IRQHandler                 0x080001b3   Thumb Code     0  startup_stm32f103xb.o(.text)
    DMA1_Channel5_IRQHandler                 0x080001b3   Thumb Code     0  startup_stm32f103xb.o(.text)
    DMA1_Channel6_IRQHandler                 0x080001b3   Thumb Code     0  startup_stm32f103xb.o(.text)
    DMA1_Channel7_IRQHandler                 0x080001b3   Thumb Code     0  startup_stm32f103xb.o(.text)
    EXTI0_IRQHandler                         0x080001b3   Thumb Code     0  startup_stm32f103xb.o(.text)
    EXTI15_10_IRQHandler                     0x080001b3   Thumb Code     0  startup_stm32f103xb.o(.text)
    EXTI1_IRQHandler                         0x080001b3   Thumb Code     0  startup_stm32f103xb.o(.text)
    EXTI2_IRQHandler                         0x080001b3   Thumb Code     0  startup_stm32f103xb.o(.text)
    EXTI3_IRQHandler                         0x080001b3   Thumb Code     0  startup_stm32f103xb.o(.text)
    EXTI4_IRQHandler                         0x080001b3   Thumb Code     0  startup_stm32f103xb.o(.text)
    EXTI9_5_IRQHandler                       0x080001b3   Thumb Code     0  startup_stm32f103xb.o(.text)
    FLASH_IRQHandler                         0x080001b3   Thumb Code     0  startup_stm32f103xb.o(.text)
    I2C1_ER_IRQHandler                       0x080001b3   Thumb Code     0  startup_stm32f103xb.o(.text)
    I2C1_EV_IRQHandler                       0x080001b3   Thumb Code     0  startup_stm32f103xb.o(.text)
    I2C2_ER_IRQHandler                       0x080001b3   Thumb Code     0  startup_stm32f103xb.o(.text)
    I2C2_EV_IRQHandler                       0x080001b3   Thumb Code     0  startup_stm32f103xb.o(.text)
    PVD_IRQHandler                           0x080001b3   Thumb Code     0  startup_stm32f103xb.o(.text)
    RCC_IRQHandler                           0x080001b3   Thumb Code     0  startup_stm32f103xb.o(.text)
    RTC_Alarm_IRQHandler                     0x080001b3   Thumb Code     0  startup_stm32f103xb.o(.text)
    RTC_IRQHandler                           0x080001b3   Thumb Code     0  startup_stm32f103xb.o(.text)
    SPI1_IRQHandler                          0x080001b3   Thumb Code     0  startup_stm32f103xb.o(.text)
    SPI2_IRQHandler                          0x080001b3   Thumb Code     0  startup_stm32f103xb.o(.text)
    TAMPER_IRQHandler                        0x080001b3   Thumb Code     0  startup_stm32f103xb.o(.text)
    TIM1_BRK_IRQHandler                      0x080001b3   Thumb Code     0  startup_stm32f103xb.o(.text)
    TIM1_CC_IRQHandler                       0x080001b3   Thumb Code     0  startup_stm32f103xb.o(.text)
    TIM1_TRG_COM_IRQHandler                  0x080001b3   Thumb Code     0  startup_stm32f103xb.o(.text)
    TIM1_UP_IRQHandler                       0x080001b3   Thumb Code     0  startup_stm32f103xb.o(.text)
    TIM2_IRQHandler                          0x080001b3   Thumb Code     0  startup_stm32f103xb.o(.text)
    TIM3_IRQHandler                          0x080001b3   Thumb Code     0  startup_stm32f103xb.o(.text)
    TIM4_IRQHandler                          0x080001b3   Thumb Code     0  startup_stm32f103xb.o(.text)
    USART1_IRQHandler                        0x080001b3   Thumb Code     0  startup_stm32f103xb.o(.text)
    USART2_IRQHandler                        0x080001b3   Thumb Code     0  startup_stm32f103xb.o(.text)
    USART3_IRQHandler                        0x080001b3   Thumb Code     0  startup_stm32f103xb.o(.text)
    USBWakeUp_IRQHandler                     0x080001b3   Thumb Code     0  startup_stm32f103xb.o(.text)
    USB_HP_CAN1_TX_IRQHandler                0x080001b3   Thumb Code     0  startup_stm32f103xb.o(.text)
    USB_LP_CAN1_RX0_IRQHandler               0x080001b3   Thumb Code     0  startup_stm32f103xb.o(.text)
    WWDG_IRQHandler                          0x080001b3   Thumb Code     0  startup_stm32f103xb.o(.text)
    __aeabi_llsr                             0x080001bd   Thumb Code    32  llushr.o(.text)
    _ll_ushift_r                             0x080001bd   Thumb Code     0  llushr.o(.text)
    __aeabi_memcpy                           0x080001dd   Thumb Code    36  memcpya.o(.text)
    __aeabi_memcpy4                          0x080001dd   Thumb Code     0  memcpya.o(.text)
    __aeabi_memcpy8                          0x080001dd   Thumb Code     0  memcpya.o(.text)
    __aeabi_memset                           0x08000201   Thumb Code    14  memseta.o(.text)
    __aeabi_memset4                          0x08000201   Thumb Code     0  memseta.o(.text)
    __aeabi_memset8                          0x08000201   Thumb Code     0  memseta.o(.text)
    __aeabi_memclr                           0x0800020f   Thumb Code     4  memseta.o(.text)
    __aeabi_memclr4                          0x0800020f   Thumb Code     0  memseta.o(.text)
    __aeabi_memclr8                          0x0800020f   Thumb Code     0  memseta.o(.text)
    _memset$wrapper                          0x08000213   Thumb Code    18  memseta.o(.text)
    strrchr                                  0x08000225   Thumb Code    32  strrchr.o(.text)
    __aeabi_fadd                             0x08000245   Thumb Code   164  fadd.o(.text)
    __aeabi_fsub                             0x080002e9   Thumb Code     6  fadd.o(.text)
    __aeabi_frsub                            0x080002ef   Thumb Code     6  fadd.o(.text)
    __aeabi_fmul                             0x080002f5   Thumb Code   100  fmul.o(.text)
    __aeabi_fdiv                             0x08000359   Thumb Code   124  fdiv.o(.text)
    __aeabi_dadd                             0x080003d5   Thumb Code   322  dadd.o(.text)
    __aeabi_dsub                             0x08000517   Thumb Code     6  dadd.o(.text)
    __aeabi_drsub                            0x0800051d   Thumb Code     6  dadd.o(.text)
    __aeabi_dmul                             0x08000523   Thumb Code   228  dmul.o(.text)
    __aeabi_i2f                              0x08000607   Thumb Code    18  fflti.o(.text)
    __aeabi_i2d                              0x08000619   Thumb Code    34  dflti.o(.text)
    __aeabi_f2iz                             0x0800063b   Thumb Code    50  ffixi.o(.text)
    __aeabi_d2iz                             0x0800066d   Thumb Code    62  dfixi.o(.text)
    __aeabi_f2d                              0x080006ab   Thumb Code    38  f2d.o(.text)
    __aeabi_d2f                              0x080006d1   Thumb Code    56  d2f.o(.text)
    __aeabi_cfcmpeq                          0x08000709   Thumb Code     0  cfcmple.o(.text)
    __aeabi_cfcmple                          0x08000709   Thumb Code    20  cfcmple.o(.text)
    __aeabi_cfrcmple                         0x0800071d   Thumb Code    20  cfrcmple.o(.text)
    __aeabi_uidiv                            0x08000731   Thumb Code     0  uidiv.o(.text)
    __aeabi_uidivmod                         0x08000731   Thumb Code    44  uidiv.o(.text)
    __aeabi_uldivmod                         0x0800075d   Thumb Code    98  uldiv.o(.text)
    __aeabi_llsl                             0x080007bf   Thumb Code    30  llshl.o(.text)
    _ll_shift_l                              0x080007bf   Thumb Code     0  llshl.o(.text)
    __aeabi_lasr                             0x080007dd   Thumb Code    36  llsshr.o(.text)
    _ll_sshift_r                             0x080007dd   Thumb Code     0  llsshr.o(.text)
    __I$use$fp                               0x08000801   Thumb Code     0  iusefp.o(.text)
    _float_round                             0x08000801   Thumb Code    18  fepilogue.o(.text)
    _float_epilogue                          0x08000813   Thumb Code    92  fepilogue.o(.text)
    _double_round                            0x0800086f   Thumb Code    30  depilogue.o(.text)
    _double_epilogue                         0x0800088d   Thumb Code   156  depilogue.o(.text)
    __aeabi_ddiv                             0x08000929   Thumb Code   222  ddiv.o(.text)
    __ARM_scalbn                             0x08000a07   Thumb Code    46  dscalb.o(.text)
    scalbn                                   0x08000a07   Thumb Code     0  dscalb.o(.text)
    __aeabi_d2ulz                            0x08000a35   Thumb Code    48  dfixul.o(.text)
    __aeabi_cdrcmple                         0x08000a65   Thumb Code    48  cdrcmple.o(.text)
    __scatterload                            0x08000a95   Thumb Code    28  init.o(.text)
    __scatterload_rt2                        0x08000a95   Thumb Code     0  init.o(.text)
    __ARM_scalbnf                            0x08000ab9   Thumb Code    24  fscalb.o(.text)
    scalbnf                                  0x08000ab9   Thumb Code     0  fscalb.o(.text)
    _dsqrt                                   0x08000ad1   Thumb Code   162  dsqrt.o(.text)
    __decompress                             0x08000b73   Thumb Code     0  __dczerorl2.o(.text)
    __decompress1                            0x08000b73   Thumb Code    86  __dczerorl2.o(.text)
    ADC_ConversionStop_Disable               0x08000bc9   Thumb Code    92  stm32f1xx_hal_adc.o(i.ADC_ConversionStop_Disable)
    App_Flight_FetchMPUData                  0x08000c25   Thumb Code   488  app_flight.o(i.App_Flight_FetchMPUData)
    App_Flight_MPUCalibrate                  0x08000e25   Thumb Code   326  app_flight.o(i.App_Flight_MPUCalibrate)
    App_Flight_MotorControl                  0x08000f75   Thumb Code   660  app_flight.o(i.App_Flight_MotorControl)
    App_Flight_PIDControl                    0x080012a5   Thumb Code   252  app_flight.o(i.App_Flight_PIDControl)
    App_Flight_PilotLED                      0x08001509   Thumb Code   256  app_flight.o(i.App_Flight_PilotLED)
    App_Flight_RCUnlock                      0x08001615   Thumb Code   266  app_flight.o(i.App_Flight_RCUnlock)
    App_Flight_RxRCDATA                      0x08001795   Thumb Code   310  app_flight.o(i.App_Flight_RxRCDATA)
    App_Task_10000MS                         0x08001965   Thumb Code    38  app_task.o(i.App_Task_10000MS)
    App_Task_2MS                             0x0800198d   Thumb Code    48  app_task.o(i.App_Task_2MS)
    App_Task_4MS                             0x080019c9   Thumb Code    28  app_task.o(i.App_Task_4MS)
    App_Task_50MS                            0x080019e5   Thumb Code    28  app_task.o(i.App_Task_50MS)
    BusFault_Handler                         0x08001a01   Thumb Code     4  stm32f1xx_it.o(i.BusFault_Handler)
    Com_Kalman_1                             0x08001a05   Thumb Code    88  com_kalman.o(i.Com_Kalman_1)
    Com_PID_CascadeControl                   0x08001a5d   Thumb Code    30  com_pid.o(i.Com_PID_CascadeControl)
    Com_PID_Control                          0x08001a7b   Thumb Code   106  com_pid.o(i.Com_PID_Control)
    Com_PID_Reset                            0x08001ae5   Thumb Code    44  com_pid.o(i.Com_PID_Reset)
    DebugMon_Handler                         0x08001b11   Thumb Code     2  stm32f1xx_it.o(i.DebugMon_Handler)
    Dri_SPI1_SwapByte                        0x08001b15   Thumb Code    28  spi.o(i.Dri_SPI1_SwapByte)
    Error_Handler                            0x08001b35   Thumb Code     6  main.o(i.Error_Handler)
    FreeRTOS_Start                           0x08001b3d   Thumb Code    28  app_task.o(i.FreeRTOS_Start)
    GetAngle                                 0x08001b6d   Thumb Code  1850  com_imu.o(i.GetAngle)
    HAL_ADC_ConfigChannel                    0x080022c1   Thumb Code   338  stm32f1xx_hal_adc.o(i.HAL_ADC_ConfigChannel)
    HAL_ADC_Init                             0x08002421   Thumb Code   314  stm32f1xx_hal_adc.o(i.HAL_ADC_Init)
    HAL_ADC_MspInit                          0x08002565   Thumb Code   154  adc.o(i.HAL_ADC_MspInit)
    HAL_DMA_Init                             0x08002615   Thumb Code   100  stm32f1xx_hal_dma.o(i.HAL_DMA_Init)
    HAL_Delay                                0x0800267d   Thumb Code    36  stm32f1xx_hal.o(i.HAL_Delay)
    HAL_GPIO_Init                            0x080026a5   Thumb Code   766  stm32f1xx_hal_gpio.o(i.HAL_GPIO_Init)
    HAL_GPIO_TogglePin                       0x080029c5   Thumb Code    20  stm32f1xx_hal_gpio.o(i.HAL_GPIO_TogglePin)
    HAL_GPIO_WritePin                        0x080029d9   Thumb Code    12  stm32f1xx_hal_gpio.o(i.HAL_GPIO_WritePin)
    HAL_GetTick                              0x080029e5   Thumb Code     6  stm32f1xx_hal.o(i.HAL_GetTick)
    HAL_I2C_Init                             0x080029f1   Thumb Code   446  stm32f1xx_hal_i2c.o(i.HAL_I2C_Init)
    HAL_I2C_Mem_Read                         0x08002bc1   Thumb Code   868  stm32f1xx_hal_i2c.o(i.HAL_I2C_Mem_Read)
    HAL_I2C_Mem_Write                        0x08002f35   Thumb Code   348  stm32f1xx_hal_i2c.o(i.HAL_I2C_Mem_Write)
    HAL_I2C_MspInit                          0x08003099   Thumb Code   104  i2c.o(i.HAL_I2C_MspInit)
    HAL_IncTick                              0x0800310d   Thumb Code    16  stm32f1xx_hal.o(i.HAL_IncTick)
    HAL_Init                                 0x08003125   Thumb Code    34  stm32f1xx_hal.o(i.HAL_Init)
    HAL_InitTick                             0x0800314d   Thumb Code    64  stm32f1xx_hal.o(i.HAL_InitTick)
    HAL_MspInit                              0x08003199   Thumb Code    76  stm32f1xx_hal_msp.o(i.HAL_MspInit)
    HAL_NVIC_SetPriority                     0x080031ed   Thumb Code   124  stm32f1xx_hal_cortex.o(i.HAL_NVIC_SetPriority)
    HAL_NVIC_SetPriorityGrouping             0x08003269   Thumb Code    32  stm32f1xx_hal_cortex.o(i.HAL_NVIC_SetPriorityGrouping)
    HAL_RCCEx_PeriphCLKConfig                0x08003291   Thumb Code   290  stm32f1xx_hal_rcc_ex.o(i.HAL_RCCEx_PeriphCLKConfig)
    HAL_RCC_ClockConfig                      0x080033c1   Thumb Code   376  stm32f1xx_hal_rcc.o(i.HAL_RCC_ClockConfig)
    HAL_RCC_GetHCLKFreq                      0x0800354d   Thumb Code     6  stm32f1xx_hal_rcc.o(i.HAL_RCC_GetHCLKFreq)
    HAL_RCC_GetPCLK1Freq                     0x08003559   Thumb Code    22  stm32f1xx_hal_rcc.o(i.HAL_RCC_GetPCLK1Freq)
    HAL_RCC_GetPCLK2Freq                     0x08003579   Thumb Code    22  stm32f1xx_hal_rcc.o(i.HAL_RCC_GetPCLK2Freq)
    HAL_RCC_GetSysClockFreq                  0x08003599   Thumb Code    92  stm32f1xx_hal_rcc.o(i.HAL_RCC_GetSysClockFreq)
    HAL_RCC_OscConfig                        0x08003609   Thumb Code  1114  stm32f1xx_hal_rcc.o(i.HAL_RCC_OscConfig)
    HAL_SPI_Init                             0x08003a6d   Thumb Code   190  stm32f1xx_hal_spi.o(i.HAL_SPI_Init)
    HAL_SPI_MspInit                          0x08003b2d   Thumb Code   120  spi.o(i.HAL_SPI_MspInit)
    HAL_SPI_TransmitReceive                  0x08003bb1   Thumb Code   584  stm32f1xx_hal_spi.o(i.HAL_SPI_TransmitReceive)
    HAL_SYSTICK_Config                       0x08003df9   Thumb Code    52  stm32f1xx_hal_cortex.o(i.HAL_SYSTICK_Config)
    HAL_TIMEx_ConfigBreakDeadTime            0x08003e2d   Thumb Code   116  stm32f1xx_hal_tim_ex.o(i.HAL_TIMEx_ConfigBreakDeadTime)
    HAL_TIMEx_MasterConfigSynchronization    0x08003ea1   Thumb Code   118  stm32f1xx_hal_tim_ex.o(i.HAL_TIMEx_MasterConfigSynchronization)
    HAL_TIM_Base_Init                        0x08003f25   Thumb Code   102  stm32f1xx_hal_tim.o(i.HAL_TIM_Base_Init)
    HAL_TIM_Base_MspInit                     0x08003f8d   Thumb Code    40  tim.o(i.HAL_TIM_Base_MspInit)
    HAL_TIM_ConfigClockSource                0x08003fbd   Thumb Code   268  stm32f1xx_hal_tim.o(i.HAL_TIM_ConfigClockSource)
    HAL_TIM_MspPostInit                      0x080040c9   Thumb Code   260  tim.o(i.HAL_TIM_MspPostInit)
    HAL_TIM_PWM_ConfigChannel                0x080041e9   Thumb Code   260  stm32f1xx_hal_tim.o(i.HAL_TIM_PWM_ConfigChannel)
    HAL_TIM_PWM_Init                         0x080042ed   Thumb Code   102  stm32f1xx_hal_tim.o(i.HAL_TIM_PWM_Init)
    HAL_TIM_PWM_MspInit                      0x08004355   Thumb Code   112  tim.o(i.HAL_TIM_PWM_MspInit)
    HAL_TIM_PWM_Start                        0x080043d1   Thumb Code   198  stm32f1xx_hal_tim.o(i.HAL_TIM_PWM_Start)
    HAL_UART_Init                            0x080044a5   Thumb Code   118  stm32f1xx_hal_uart.o(i.HAL_UART_Init)
    HAL_UART_MspInit                         0x0800451d   Thumb Code   120  usart.o(i.HAL_UART_MspInit)
    HAL_UART_Transmit                        0x080045a1   Thumb Code   190  stm32f1xx_hal_uart.o(i.HAL_UART_Transmit)
    HardFault_Handler                        0x0800465f   Thumb Code     4  stm32f1xx_it.o(i.HardFault_Handler)
    Int_IP5305T_ShortPress                   0x08004bf1   Thumb Code    30  int_ip5305t.o(i.Int_IP5305T_ShortPress)
    Int_IP5305T_Wakeup                       0x08004c15   Thumb Code     8  int_ip5305t.o(i.Int_IP5305T_Wakeup)
    Int_LED_Off                              0x08004c1d   Thumb Code    18  int_led.o(i.Int_LED_Off)
    Int_LED_On                               0x08004c2f   Thumb Code    18  int_led.o(i.Int_LED_On)
    Int_LED_Toggle                           0x08004c41   Thumb Code    16  int_led.o(i.Int_LED_Toggle)
    Int_MPU6050_Init                         0x08004c51   Thumb Code   210  int_mpu6050.o(i.Int_MPU6050_Init)
    Int_MPU6050_ReadAccel                    0x08004db1   Thumb Code    68  int_mpu6050.o(i.Int_MPU6050_ReadAccel)
    Int_MPU6050_ReadByte                     0x08004df5   Thumb Code    32  int_mpu6050.o(i.Int_MPU6050_ReadByte)
    Int_MPU6050_ReadBytes                    0x08004e19   Thumb Code    32  int_mpu6050.o(i.Int_MPU6050_ReadBytes)
    Int_MPU6050_ReadGyro                     0x08004e3d   Thumb Code    68  int_mpu6050.o(i.Int_MPU6050_ReadGyro)
    Int_MPU6050_SendByte                     0x08004e81   Thumb Code    94  int_mpu6050.o(i.Int_MPU6050_SendByte)
    Int_MPU6050_SetSampleRate                0x08004f85   Thumb Code    58  int_mpu6050.o(i.Int_MPU6050_SetSampleRate)
    Int_SI24R1_Check                         0x08004fc1   Thumb Code    66  int_si24r1.o(i.Int_SI24R1_Check)
    Int_SI24R1_InitRxMode                    0x08005009   Thumb Code   168  int_si24r1.o(i.Int_SI24R1_InitRxMode)
    Int_SI24R1_ReadByte                      0x08005109   Thumb Code    42  int_si24r1.o(i.Int_SI24R1_ReadByte)
    Int_SI24R1_ReadBytes                     0x08005139   Thumb Code    60  int_si24r1.o(i.Int_SI24R1_ReadBytes)
    Int_SI24R1_RxPacket                      0x08005179   Thumb Code    52  int_si24r1.o(i.Int_SI24R1_RxPacket)
    Int_SI24R1_WriteByte                     0x080051ad   Thumb Code    40  int_si24r1.o(i.Int_SI24R1_WriteByte)
    Int_SI24R1_WriteBytes                    0x080051d9   Thumb Code    58  int_si24r1.o(i.Int_SI24R1_WriteBytes)
    MX_ADC1_Init                             0x08005219   Thumb Code    86  adc.o(i.MX_ADC1_Init)
    MX_DMA_Init                              0x08005279   Thumb Code    32  dma.o(i.MX_DMA_Init)
    MX_GPIO_Init                             0x0800529d   Thumb Code   232  gpio.o(i.MX_GPIO_Init)
    MX_I2C1_Init                             0x08005391   Thumb Code    48  i2c.o(i.MX_I2C1_Init)
    MX_SPI1_Init                             0x080053cd   Thumb Code    60  spi.o(i.MX_SPI1_Init)
    MX_TIM1_Init                             0x08005411   Thumb Code   206  tim.o(i.MX_TIM1_Init)
    MX_TIM2_Init                             0x080054e9   Thumb Code   116  tim.o(i.MX_TIM2_Init)
    MX_TIM3_Init                             0x08005561   Thumb Code   114  tim.o(i.MX_TIM3_Init)
    MX_TIM4_Init                             0x080055dd   Thumb Code   114  tim.o(i.MX_TIM4_Init)
    MX_USART2_UART_Init                      0x08005659   Thumb Code    46  usart.o(i.MX_USART2_UART_Init)
    MemManage_Handler                        0x08005691   Thumb Code     4  stm32f1xx_it.o(i.MemManage_Handler)
    NMI_Handler                              0x08005695   Thumb Code     4  stm32f1xx_it.o(i.NMI_Handler)
    Q_rsqrt                                  0x08005699   Thumb Code    74  com_imu.o(i.Q_rsqrt)
    Start_Task                               0x0800582d   Thumb Code   102  app_task.o(i.Start_Task)
    SysTick_Handler                          0x080058f9   Thumb Code    20  stm32f1xx_it.o(i.SysTick_Handler)
    SystemClock_Config                       0x0800590d   Thumb Code   132  main.o(i.SystemClock_Config)
    SystemInit                               0x08005991   Thumb Code     2  system_stm32f1xx.o(i.SystemInit)
    TIM_Base_SetConfig                       0x08005995   Thumb Code   120  stm32f1xx_hal_tim.o(i.TIM_Base_SetConfig)
    TIM_CCxChannelCmd                        0x08005a19   Thumb Code    34  stm32f1xx_hal_tim.o(i.TIM_CCxChannelCmd)
    TIM_ETR_SetConfig                        0x08005a3b   Thumb Code    22  stm32f1xx_hal_tim.o(i.TIM_ETR_SetConfig)
    TIM_OC2_SetConfig                        0x08005ac5   Thumb Code   100  stm32f1xx_hal_tim.o(i.TIM_OC2_SetConfig)
    UsageFault_Handler                       0x08005e21   Thumb Code     4  stm32f1xx_it.o(i.UsageFault_Handler)
    __0printf                                0x08005e25   Thumb Code    22  printfa.o(i.__0printf)
    __1printf                                0x08005e25   Thumb Code     0  printfa.o(i.__0printf)
    __2printf                                0x08005e25   Thumb Code     0  printfa.o(i.__0printf)
    __c89printf                              0x08005e25   Thumb Code     0  printfa.o(i.__0printf)
    printf                                   0x08005e25   Thumb Code     0  printfa.o(i.__0printf)
    __ARM_fpclassify                         0x08005e45   Thumb Code    40  fpclassify.o(i.__ARM_fpclassify)
    __ARM_fpclassifyf                        0x08005e6d   Thumb Code    38  fpclassifyf.o(i.__ARM_fpclassifyf)
    __kernel_poly                            0x08005ecd   Thumb Code   170  poly.o(i.__kernel_poly)
    __mathlib_dbl_infnan                     0x08005f77   Thumb Code     6  dunder.o(i.__mathlib_dbl_infnan)
    __mathlib_dbl_invalid                    0x08005f7d   Thumb Code    12  dunder.o(i.__mathlib_dbl_invalid)
    __mathlib_dbl_underflow                  0x08005f89   Thumb Code    10  dunder.o(i.__mathlib_dbl_underflow)
    __mathlib_flt_infnan2                    0x08005f99   Thumb Code     4  funder.o(i.__mathlib_flt_infnan2)
    __mathlib_flt_underflow                  0x08005f9d   Thumb Code    10  funder.o(i.__mathlib_flt_underflow)
    __scatterload_copy                       0x08005fa7   Thumb Code    14  handlers.o(i.__scatterload_copy)
    __scatterload_null                       0x08005fb5   Thumb Code     2  handlers.o(i.__scatterload_null)
    __scatterload_zeroinit                   0x08005fb7   Thumb Code    14  handlers.o(i.__scatterload_zeroinit)
    __set_errno                              0x08005fc5   Thumb Code     6  errno.o(i.__set_errno)
    asin                                     0x08006885   Thumb Code   572  asin.o(i.asin)
    atan2f                                   0x08006af5   Thumb Code   528  atan2f.o(i.atan2f)
    fputc                                    0x08006d51   Thumb Code    20  usart.o(i.fputc)
    main                                     0x08006d69   Thumb Code   110  main.o(i.main)
    pvPortMalloc                             0x08007219   Thumb Code   208  heap_4.o(i.pvPortMalloc)
    pxPortInitialiseStack                    0x080072fd   Thumb Code    30  port.o(i.pxPortInitialiseStack)
    sqrt                                     0x08007321   Thumb Code    76  sqrt.o(i.sqrt)
    uxListRemove                             0x0800736d   Thumb Code    40  list.o(i.uxListRemove)
    vListInitialise                          0x08007395   Thumb Code    26  list.o(i.vListInitialise)
    vListInitialiseItem                      0x080073af   Thumb Code     6  list.o(i.vListInitialiseItem)
    vListInsert                              0x080073b5   Thumb Code    52  list.o(i.vListInsert)
    vListInsertEnd                           0x080073e9   Thumb Code    24  list.o(i.vListInsertEnd)
    vPortEnterCritical                       0x08007401   Thumb Code    30  port.o(i.vPortEnterCritical)
    vPortExitCritical                        0x08007425   Thumb Code    28  port.o(i.vPortExitCritical)
    vPortFree                                0x08007445   Thumb Code    68  heap_4.o(i.vPortFree)
    vPortSetupTimerInterrupt                 0x08007491   Thumb Code    20  port.o(i.vPortSetupTimerInterrupt)
    vTaskDelay                               0x080074a9   Thumb Code    46  tasks.o(i.vTaskDelay)
    vTaskDelete                              0x080074dd   Thumb Code   174  tasks.o(i.vTaskDelete)
    vTaskStartScheduler                      0x080075b1   Thumb Code    76  tasks.o(i.vTaskStartScheduler)
    vTaskSuspendAll                          0x0800761d   Thumb Code    12  tasks.o(i.vTaskSuspendAll)
    vTaskSwitchContext                       0x0800762d   Thumb Code    76  tasks.o(i.vTaskSwitchContext)
    xPortStartScheduler                      0x0800768d   Thumb Code    42  port.o(i.xPortStartScheduler)
    xPortSysTickHandler                      0x080076c1   Thumb Code    46  port.o(i.xPortSysTickHandler)
    xTaskCreate                              0x080076f5   Thumb Code   104  tasks.o(i.xTaskCreate)
    xTaskDelayUntil                          0x0800775d   Thumb Code   108  tasks.o(i.xTaskDelayUntil)
    xTaskGetSchedulerState                   0x080077d1   Thumb Code    24  tasks.o(i.xTaskGetSchedulerState)
    xTaskGetTickCount                        0x080077f1   Thumb Code     6  tasks.o(i.xTaskGetTickCount)
    xTaskIncrementTick                       0x080077fd   Thumb Code   356  tasks.o(i.xTaskIncrementTick)
    xTaskResumeAll                           0x0800798d   Thumb Code   310  tasks.o(i.xTaskResumeAll)
    AHBPrescTable                            0x08007afa   Data          16  system_stm32f1xx.o(.constdata)
    APBPrescTable                            0x08007b0a   Data           8  system_stm32f1xx.o(.constdata)
    RtA                                      0x08007b14   Data           4  com_imu.o(.constdata)
    Gyro_G                                   0x08007b18   Data           4  com_imu.o(.constdata)
    Gyro_Gr                                  0x08007b1c   Data           4  com_imu.o(.constdata)
    Region$$Table$$Base                      0x08007b70   Number         0  anon$$obj.o(Region$$Table)
    Region$$Table$$Limit                     0x08007b90   Number         0  anon$$obj.o(Region$$Table)
    uwTick                                   0x20000000   Data           4  stm32f1xx_hal.o(.data)
    uwTickPrio                               0x20000004   Data           4  stm32f1xx_hal.o(.data)
    uwTickFreq                               0x20000008   Data           1  stm32f1xx_hal.o(.data)
    SystemCoreClock                          0x2000000c   Data           4  system_stm32f1xx.o(.data)
    pxCurrentTCB                             0x20000010   Data           4  tasks.o(.data)
    uxTopUsedPriority                        0x20000048   Data           4  tasks.o(.data)
    TX_ADDRESS                               0x20000070   Data           5  int_si24r1.o(.data)
    RX_ADDRESS                               0x20000075   Data           5  int_si24r1.o(.data)
    ledState                                 0x2000007c   Data           4  app_flight.o(.data)
    pids                                     0x20000080   Data          24  app_flight.o(.data)
    start_task_handle                        0x200000c0   Data           4  app_task.o(.data)
    task_2ms_handle                          0x200000c4   Data           4  app_task.o(.data)
    task_4ms_handle                          0x200000c8   Data           4  app_task.o(.data)
    task_50ms_handle                         0x200000cc   Data           4  app_task.o(.data)
    task_10000ms_handle                      0x200000d0   Data           4  app_task.o(.data)
    ekf                                      0x200000d4   Data          72  com_kalman.o(.data)
    __stdout                                 0x20000138   Data           4  stdout.o(.data)
    hadc1                                    0x20000140   Data          48  adc.o(.bss)
    hdma_adc1                                0x20000170   Data          68  adc.o(.bss)
    hi2c1                                    0x200001b4   Data          84  i2c.o(.bss)
    hspi1                                    0x20000208   Data          88  spi.o(.bss)
    htim1                                    0x20000260   Data          72  tim.o(.bss)
    htim2                                    0x200002a8   Data          72  tim.o(.bss)
    htim3                                    0x200002f0   Data          72  tim.o(.bss)
    htim4                                    0x20000338   Data          72  tim.o(.bss)
    huart2                                   0x20000380   Data          72  usart.o(.bss)
    mpu6050                                  0x200042ac   Data          12  app_flight.o(.bss)
    flightAngle                              0x200042b8   Data          12  app_flight.o(.bss)
    pidPitch                                 0x200042c4   Data          32  app_flight.o(.bss)
    pidYaw                                   0x200042e4   Data          32  app_flight.o(.bss)
    pidRoll                                  0x20004304   Data          32  app_flight.o(.bss)
    pidRateX                                 0x20004324   Data          32  app_flight.o(.bss)
    pidRateY                                 0x20004344   Data          32  app_flight.o(.bss)
    pidRateZ                                 0x20004364   Data          32  app_flight.o(.bss)
    __initial_sp                             0x200047d0   Data           0  startup_stm32f103xb.o(STACK)



==============================================================================

Memory Map of the image

  Image Entry point : 0x080000ed

  Load Region LR_IROM1 (Base: 0x08000000, Size: 0x00007cd0, Max: 0x00010000, ABSOLUTE, COMPRESSED[0x00007be8])

    Execution Region ER_IROM1 (Exec base: 0x08000000, Load base: 0x08000000, Size: 0x00007b90, Max: 0x00010000, ABSOLUTE)

    Exec Addr    Load Addr    Size         Type   Attr      Idx    E Section Name        Object

    0x08000000   0x08000000   0x000000ec   Data   RO            3    RESET               startup_stm32f103xb.o
    0x080000ec   0x080000ec   0x00000000   Code   RO         5594  * .ARM.Collect$$$$00000000  mc_w.l(entry.o)
    0x080000ec   0x080000ec   0x00000004   Code   RO         5939    .ARM.Collect$$$$00000001  mc_w.l(entry2.o)
    0x080000f0   0x080000f0   0x00000004   Code   RO         5942    .ARM.Collect$$$$00000004  mc_w.l(entry5.o)
    0x080000f4   0x080000f4   0x00000000   Code   RO         5944    .ARM.Collect$$$$00000008  mc_w.l(entry7b.o)
    0x080000f4   0x080000f4   0x00000000   Code   RO         5946    .ARM.Collect$$$$0000000A  mc_w.l(entry8b.o)
    0x080000f4   0x080000f4   0x00000008   Code   RO         5947    .ARM.Collect$$$$0000000B  mc_w.l(entry9a.o)
    0x080000fc   0x080000fc   0x00000000   Code   RO         5949    .ARM.Collect$$$$0000000D  mc_w.l(entry10a.o)
    0x080000fc   0x080000fc   0x00000000   Code   RO         5951    .ARM.Collect$$$$0000000F  mc_w.l(entry11a.o)
    0x080000fc   0x080000fc   0x00000004   Code   RO         5940    .ARM.Collect$$$$00002712  mc_w.l(entry2.o)
    0x08000100   0x08000100   0x00000096   Code   RO         4934    .emb_text           port.o
    0x08000196   0x08000196   0x00000002   PAD
    0x08000198   0x08000198   0x00000024   Code   RO            4    .text               startup_stm32f103xb.o
    0x080001bc   0x080001bc   0x00000020   Code   RO         5600    .text               mc_w.l(llushr.o)
    0x080001dc   0x080001dc   0x00000024   Code   RO         5602    .text               mc_w.l(memcpya.o)
    0x08000200   0x08000200   0x00000024   Code   RO         5604    .text               mc_w.l(memseta.o)
    0x08000224   0x08000224   0x00000020   Code   RO         5606    .text               mc_w.l(strrchr.o)
    0x08000244   0x08000244   0x000000b0   Code   RO         5871    .text               mf_w.l(fadd.o)
    0x080002f4   0x080002f4   0x00000064   Code   RO         5873    .text               mf_w.l(fmul.o)
    0x08000358   0x08000358   0x0000007c   Code   RO         5875    .text               mf_w.l(fdiv.o)
    0x080003d4   0x080003d4   0x0000014e   Code   RO         5877    .text               mf_w.l(dadd.o)
    0x08000522   0x08000522   0x000000e4   Code   RO         5879    .text               mf_w.l(dmul.o)
    0x08000606   0x08000606   0x00000012   Code   RO         5881    .text               mf_w.l(fflti.o)
    0x08000618   0x08000618   0x00000022   Code   RO         5883    .text               mf_w.l(dflti.o)
    0x0800063a   0x0800063a   0x00000032   Code   RO         5885    .text               mf_w.l(ffixi.o)
    0x0800066c   0x0800066c   0x0000003e   Code   RO         5887    .text               mf_w.l(dfixi.o)
    0x080006aa   0x080006aa   0x00000026   Code   RO         5889    .text               mf_w.l(f2d.o)
    0x080006d0   0x080006d0   0x00000038   Code   RO         5891    .text               mf_w.l(d2f.o)
    0x08000708   0x08000708   0x00000014   Code   RO         5893    .text               mf_w.l(cfcmple.o)
    0x0800071c   0x0800071c   0x00000014   Code   RO         5895    .text               mf_w.l(cfrcmple.o)
    0x08000730   0x08000730   0x0000002c   Code   RO         5953    .text               mc_w.l(uidiv.o)
    0x0800075c   0x0800075c   0x00000062   Code   RO         5955    .text               mc_w.l(uldiv.o)
    0x080007be   0x080007be   0x0000001e   Code   RO         5957    .text               mc_w.l(llshl.o)
    0x080007dc   0x080007dc   0x00000024   Code   RO         5959    .text               mc_w.l(llsshr.o)
    0x08000800   0x08000800   0x00000000   Code   RO         5968    .text               mc_w.l(iusefp.o)
    0x08000800   0x08000800   0x0000006e   Code   RO         5969    .text               mf_w.l(fepilogue.o)
    0x0800086e   0x0800086e   0x000000ba   Code   RO         5971    .text               mf_w.l(depilogue.o)
    0x08000928   0x08000928   0x000000de   Code   RO         5973    .text               mf_w.l(ddiv.o)
    0x08000a06   0x08000a06   0x0000002e   Code   RO         5975    .text               mf_w.l(dscalb.o)
    0x08000a34   0x08000a34   0x00000030   Code   RO         5977    .text               mf_w.l(dfixul.o)
    0x08000a64   0x08000a64   0x00000030   Code   RO         5979    .text               mf_w.l(cdrcmple.o)
    0x08000a94   0x08000a94   0x00000024   Code   RO         5981    .text               mc_w.l(init.o)
    0x08000ab8   0x08000ab8   0x00000018   Code   RO         5983    .text               mf_w.l(fscalb.o)
    0x08000ad0   0x08000ad0   0x000000a2   Code   RO         5985    .text               mf_w.l(dsqrt.o)
    0x08000b72   0x08000b72   0x00000056   Code   RO         5997    .text               mc_w.l(__dczerorl2.o)
    0x08000bc8   0x08000bc8   0x0000005c   Code   RO          664    i.ADC_ConversionStop_Disable  stm32f1xx_hal_adc.o
    0x08000c24   0x08000c24   0x00000200   Code   RO         5243    i.App_Flight_FetchMPUData  app_flight.o
    0x08000e24   0x08000e24   0x00000150   Code   RO         5244    i.App_Flight_MPUCalibrate  app_flight.o
    0x08000f74   0x08000f74   0x00000330   Code   RO         5245    i.App_Flight_MotorControl  app_flight.o
    0x080012a4   0x080012a4   0x00000174   Code   RO         5246    i.App_Flight_PIDControl  app_flight.o
    0x08001418   0x08001418   0x000000f0   Code   RO         5247    i.App_Flight_PIDParmInit  app_flight.o
    0x08001508   0x08001508   0x0000010c   Code   RO         5248    i.App_Flight_PilotLED  app_flight.o
    0x08001614   0x08001614   0x00000180   Code   RO         5249    i.App_Flight_RCUnlock  app_flight.o
    0x08001794   0x08001794   0x000001d0   Code   RO         5250    i.App_Flight_RxRCDATA  app_flight.o
    0x08001964   0x08001964   0x00000026   Code   RO         5331    i.App_Task_10000MS  app_task.o
    0x0800198a   0x0800198a   0x00000002   PAD
    0x0800198c   0x0800198c   0x0000003c   Code   RO         5332    i.App_Task_2MS      app_task.o
    0x080019c8   0x080019c8   0x0000001c   Code   RO         5333    i.App_Task_4MS      app_task.o
    0x080019e4   0x080019e4   0x0000001c   Code   RO         5334    i.App_Task_50MS     app_task.o
    0x08001a00   0x08001a00   0x00000004   Code   RO          514    i.BusFault_Handler  stm32f1xx_it.o
    0x08001a04   0x08001a04   0x00000058   Code   RO         5470    i.Com_Kalman_1      com_kalman.o
    0x08001a5c   0x08001a5c   0x0000001e   Code   RO         5540    i.Com_PID_CascadeControl  com_pid.o
    0x08001a7a   0x08001a7a   0x0000006a   Code   RO         5541    i.Com_PID_Control   com_pid.o
    0x08001ae4   0x08001ae4   0x0000002c   Code   RO         5542    i.Com_PID_Reset     com_pid.o
    0x08001b10   0x08001b10   0x00000002   Code   RO          515    i.DebugMon_Handler  stm32f1xx_it.o
    0x08001b12   0x08001b12   0x00000002   PAD
    0x08001b14   0x08001b14   0x00000020   Code   RO          340    i.Dri_SPI1_SwapByte  spi.o
    0x08001b34   0x08001b34   0x00000006   Code   RO           13    i.Error_Handler     main.o
    0x08001b3a   0x08001b3a   0x00000002   PAD
    0x08001b3c   0x08001b3c   0x00000030   Code   RO         5335    i.FreeRTOS_Start    app_task.o
    0x08001b6c   0x08001b6c   0x00000754   Code   RO         5492    i.GetAngle          com_imu.o
    0x080022c0   0x080022c0   0x00000160   Code   RO          670    i.HAL_ADC_ConfigChannel  stm32f1xx_hal_adc.o
    0x08002420   0x08002420   0x00000144   Code   RO          679    i.HAL_ADC_Init      stm32f1xx_hal_adc.o
    0x08002564   0x08002564   0x000000b0   Code   RO          233    i.HAL_ADC_MspInit   adc.o
    0x08002614   0x08002614   0x00000068   Code   RO         1332    i.HAL_DMA_Init      stm32f1xx_hal_dma.o
    0x0800267c   0x0800267c   0x00000028   Code   RO          947    i.HAL_Delay         stm32f1xx_hal.o
    0x080026a4   0x080026a4   0x00000320   Code   RO         1262    i.HAL_GPIO_Init     stm32f1xx_hal_gpio.o
    0x080029c4   0x080029c4   0x00000014   Code   RO         1265    i.HAL_GPIO_TogglePin  stm32f1xx_hal_gpio.o
    0x080029d8   0x080029d8   0x0000000c   Code   RO         1266    i.HAL_GPIO_WritePin  stm32f1xx_hal_gpio.o
    0x080029e4   0x080029e4   0x0000000c   Code   RO          951    i.HAL_GetTick       stm32f1xx_hal.o
    0x080029f0   0x080029f0   0x000001d0   Code   RO         1959    i.HAL_I2C_Init      stm32f1xx_hal_i2c.o
    0x08002bc0   0x08002bc0   0x00000374   Code   RO         1977    i.HAL_I2C_Mem_Read  stm32f1xx_hal_i2c.o
    0x08002f34   0x08002f34   0x00000164   Code   RO         1980    i.HAL_I2C_Mem_Write  stm32f1xx_hal_i2c.o
    0x08003098   0x08003098   0x00000074   Code   RO          299    i.HAL_I2C_MspInit   i2c.o
    0x0800310c   0x0800310c   0x00000018   Code   RO          957    i.HAL_IncTick       stm32f1xx_hal.o
    0x08003124   0x08003124   0x00000028   Code   RO          958    i.HAL_Init          stm32f1xx_hal.o
    0x0800314c   0x0800314c   0x0000004c   Code   RO          959    i.HAL_InitTick      stm32f1xx_hal.o
    0x08003198   0x08003198   0x00000054   Code   RO          604    i.HAL_MspInit       stm32f1xx_hal_msp.o
    0x080031ec   0x080031ec   0x0000007c   Code   RO         1428    i.HAL_NVIC_SetPriority  stm32f1xx_hal_cortex.o
    0x08003268   0x08003268   0x00000028   Code   RO         1429    i.HAL_NVIC_SetPriorityGrouping  stm32f1xx_hal_cortex.o
    0x08003290   0x08003290   0x00000130   Code   RO         1224    i.HAL_RCCEx_PeriphCLKConfig  stm32f1xx_hal_rcc_ex.o
    0x080033c0   0x080033c0   0x0000018c   Code   RO         1115    i.HAL_RCC_ClockConfig  stm32f1xx_hal_rcc.o
    0x0800354c   0x0800354c   0x0000000c   Code   RO         1120    i.HAL_RCC_GetHCLKFreq  stm32f1xx_hal_rcc.o
    0x08003558   0x08003558   0x00000020   Code   RO         1122    i.HAL_RCC_GetPCLK1Freq  stm32f1xx_hal_rcc.o
    0x08003578   0x08003578   0x00000020   Code   RO         1123    i.HAL_RCC_GetPCLK2Freq  stm32f1xx_hal_rcc.o
    0x08003598   0x08003598   0x00000070   Code   RO         1124    i.HAL_RCC_GetSysClockFreq  stm32f1xx_hal_rcc.o
    0x08003608   0x08003608   0x00000464   Code   RO         1127    i.HAL_RCC_OscConfig  stm32f1xx_hal_rcc.o
    0x08003a6c   0x08003a6c   0x000000be   Code   RO         2436    i.HAL_SPI_Init      stm32f1xx_hal_spi.o
    0x08003b2a   0x08003b2a   0x00000002   PAD
    0x08003b2c   0x08003b2c   0x00000084   Code   RO          342    i.HAL_SPI_MspInit   spi.o
    0x08003bb0   0x08003bb0   0x00000248   Code   RO         2445    i.HAL_SPI_TransmitReceive  stm32f1xx_hal_spi.o
    0x08003df8   0x08003df8   0x00000034   Code   RO         1433    i.HAL_SYSTICK_Config  stm32f1xx_hal_cortex.o
    0x08003e2c   0x08003e2c   0x00000074   Code   RO         3467    i.HAL_TIMEx_ConfigBreakDeadTime  stm32f1xx_hal_tim_ex.o
    0x08003ea0   0x08003ea0   0x00000084   Code   RO         3483    i.HAL_TIMEx_MasterConfigSynchronization  stm32f1xx_hal_tim_ex.o
    0x08003f24   0x08003f24   0x00000066   Code   RO         2749    i.HAL_TIM_Base_Init  stm32f1xx_hal_tim.o
    0x08003f8a   0x08003f8a   0x00000002   PAD
    0x08003f8c   0x08003f8c   0x00000030   Code   RO          389    i.HAL_TIM_Base_MspInit  tim.o
    0x08003fbc   0x08003fbc   0x0000010c   Code   RO         2758    i.HAL_TIM_ConfigClockSource  stm32f1xx_hal_tim.o
    0x080040c8   0x080040c8   0x00000120   Code   RO          390    i.HAL_TIM_MspPostInit  tim.o
    0x080041e8   0x080041e8   0x00000104   Code   RO         2821    i.HAL_TIM_PWM_ConfigChannel  stm32f1xx_hal_tim.o
    0x080042ec   0x080042ec   0x00000066   Code   RO         2824    i.HAL_TIM_PWM_Init  stm32f1xx_hal_tim.o
    0x08004352   0x08004352   0x00000002   PAD
    0x08004354   0x08004354   0x0000007c   Code   RO          392    i.HAL_TIM_PWM_MspInit  tim.o
    0x080043d0   0x080043d0   0x000000d4   Code   RO         2829    i.HAL_TIM_PWM_Start  stm32f1xx_hal_tim.o
    0x080044a4   0x080044a4   0x00000076   Code   RO         3761    i.HAL_UART_Init     stm32f1xx_hal_uart.o
    0x0800451a   0x0800451a   0x00000002   PAD
    0x0800451c   0x0800451c   0x00000084   Code   RO          467    i.HAL_UART_MspInit  usart.o
    0x080045a0   0x080045a0   0x000000be   Code   RO         3769    i.HAL_UART_Transmit  stm32f1xx_hal_uart.o
    0x0800465e   0x0800465e   0x00000004   Code   RO          516    i.HardFault_Handler  stm32f1xx_it.o
    0x08004662   0x08004662   0x0000003e   Code   RO         2003    i.I2C_IsAcknowledgeFailed  stm32f1xx_hal_i2c.o
    0x080046a0   0x080046a0   0x00000160   Code   RO         2014    i.I2C_RequestMemoryRead  stm32f1xx_hal_i2c.o
    0x08004800   0x08004800   0x000000e0   Code   RO         2015    i.I2C_RequestMemoryWrite  stm32f1xx_hal_i2c.o
    0x080048e0   0x080048e0   0x00000066   Code   RO         2023    i.I2C_WaitOnBTFFlagUntilTimeout  stm32f1xx_hal_i2c.o
    0x08004946   0x08004946   0x000000be   Code   RO         2024    i.I2C_WaitOnFlagUntilTimeout  stm32f1xx_hal_i2c.o
    0x08004a04   0x08004a04   0x000000fa   Code   RO         2025    i.I2C_WaitOnMasterAddressFlagUntilTimeout  stm32f1xx_hal_i2c.o
    0x08004afe   0x08004afe   0x0000008a   Code   RO         2026    i.I2C_WaitOnRXNEFlagUntilTimeout  stm32f1xx_hal_i2c.o
    0x08004b88   0x08004b88   0x00000066   Code   RO         2029    i.I2C_WaitOnTXEFlagUntilTimeout  stm32f1xx_hal_i2c.o
    0x08004bee   0x08004bee   0x00000002   PAD
    0x08004bf0   0x08004bf0   0x00000024   Code   RO         5204    i.Int_IP5305T_ShortPress  int_ip5305t.o
    0x08004c14   0x08004c14   0x00000008   Code   RO         5205    i.Int_IP5305T_Wakeup  int_ip5305t.o
    0x08004c1c   0x08004c1c   0x00000012   Code   RO         5008    i.Int_LED_Off       int_led.o
    0x08004c2e   0x08004c2e   0x00000012   Code   RO         5009    i.Int_LED_On        int_led.o
    0x08004c40   0x08004c40   0x00000010   Code   RO         5010    i.Int_LED_Toggle    int_led.o
    0x08004c50   0x08004c50   0x00000160   Code   RO         5047    i.Int_MPU6050_Init  int_mpu6050.o
    0x08004db0   0x08004db0   0x00000044   Code   RO         5048    i.Int_MPU6050_ReadAccel  int_mpu6050.o
    0x08004df4   0x08004df4   0x00000024   Code   RO         5049    i.Int_MPU6050_ReadByte  int_mpu6050.o
    0x08004e18   0x08004e18   0x00000024   Code   RO         5050    i.Int_MPU6050_ReadBytes  int_mpu6050.o
    0x08004e3c   0x08004e3c   0x00000044   Code   RO         5051    i.Int_MPU6050_ReadGyro  int_mpu6050.o
    0x08004e80   0x08004e80   0x000000c8   Code   RO         5052    i.Int_MPU6050_SendByte  int_mpu6050.o
    0x08004f48   0x08004f48   0x0000003c   Code   RO         5054    i.Int_MPU6050_SetDLPF  int_mpu6050.o
    0x08004f84   0x08004f84   0x0000003a   Code   RO         5055    i.Int_MPU6050_SetSampleRate  int_mpu6050.o
    0x08004fbe   0x08004fbe   0x00000002   PAD
    0x08004fc0   0x08004fc0   0x00000048   Code   RO         5121    i.Int_SI24R1_Check  int_si24r1.o
    0x08005008   0x08005008   0x00000100   Code   RO         5122    i.Int_SI24R1_InitRxMode  int_si24r1.o
    0x08005108   0x08005108   0x00000030   Code   RO         5124    i.Int_SI24R1_ReadByte  int_si24r1.o
    0x08005138   0x08005138   0x00000040   Code   RO         5125    i.Int_SI24R1_ReadBytes  int_si24r1.o
    0x08005178   0x08005178   0x00000034   Code   RO         5126    i.Int_SI24R1_RxPacket  int_si24r1.o
    0x080051ac   0x080051ac   0x0000002c   Code   RO         5128    i.Int_SI24R1_WriteByte  int_si24r1.o
    0x080051d8   0x080051d8   0x00000040   Code   RO         5129    i.Int_SI24R1_WriteBytes  int_si24r1.o
    0x08005218   0x08005218   0x00000060   Code   RO          234    i.MX_ADC1_Init      adc.o
    0x08005278   0x08005278   0x00000024   Code   RO          274    i.MX_DMA_Init       dma.o
    0x0800529c   0x0800529c   0x000000f4   Code   RO          208    i.MX_GPIO_Init      gpio.o
    0x08005390   0x08005390   0x0000003c   Code   RO          300    i.MX_I2C1_Init      i2c.o
    0x080053cc   0x080053cc   0x00000044   Code   RO          343    i.MX_SPI1_Init      spi.o
    0x08005410   0x08005410   0x000000d8   Code   RO          393    i.MX_TIM1_Init      tim.o
    0x080054e8   0x080054e8   0x00000078   Code   RO          394    i.MX_TIM2_Init      tim.o
    0x08005560   0x08005560   0x0000007c   Code   RO          395    i.MX_TIM3_Init      tim.o
    0x080055dc   0x080055dc   0x0000007c   Code   RO          396    i.MX_TIM4_Init      tim.o
    0x08005658   0x08005658   0x00000038   Code   RO          468    i.MX_USART2_UART_Init  usart.o
    0x08005690   0x08005690   0x00000004   Code   RO          517    i.MemManage_Handler  stm32f1xx_it.o
    0x08005694   0x08005694   0x00000004   Code   RO          518    i.NMI_Handler       stm32f1xx_it.o
    0x08005698   0x08005698   0x00000050   Code   RO         5493    i.Q_rsqrt           com_imu.o
    0x080056e8   0x080056e8   0x00000028   Code   RO         1128    i.RCC_Delay         stm32f1xx_hal_rcc.o
    0x08005710   0x08005710   0x00000044   Code   RO         2474    i.SPI_EndRxTxTransaction  stm32f1xx_hal_spi.o
    0x08005754   0x08005754   0x000000d8   Code   RO         2479    i.SPI_WaitFlagStateUntilTimeout  stm32f1xx_hal_spi.o
    0x0800582c   0x0800582c   0x000000cc   Code   RO         5336    i.Start_Task        app_task.o
    0x080058f8   0x080058f8   0x00000014   Code   RO          519    i.SysTick_Handler   stm32f1xx_it.o
    0x0800590c   0x0800590c   0x00000084   Code   RO           14    i.SystemClock_Config  main.o
    0x08005990   0x08005990   0x00000002   Code   RO         4105    i.SystemInit        system_stm32f1xx.o
    0x08005992   0x08005992   0x00000002   PAD
    0x08005994   0x08005994   0x00000084   Code   RO         2842    i.TIM_Base_SetConfig  stm32f1xx_hal_tim.o
    0x08005a18   0x08005a18   0x00000022   Code   RO         2843    i.TIM_CCxChannelCmd  stm32f1xx_hal_tim.o
    0x08005a3a   0x08005a3a   0x00000016   Code   RO         2853    i.TIM_ETR_SetConfig  stm32f1xx_hal_tim.o
    0x08005a50   0x08005a50   0x00000012   Code   RO         2854    i.TIM_ITRx_SetConfig  stm32f1xx_hal_tim.o
    0x08005a62   0x08005a62   0x00000002   PAD
    0x08005a64   0x08005a64   0x00000060   Code   RO         2855    i.TIM_OC1_SetConfig  stm32f1xx_hal_tim.o
    0x08005ac4   0x08005ac4   0x00000068   Code   RO         2856    i.TIM_OC2_SetConfig  stm32f1xx_hal_tim.o
    0x08005b2c   0x08005b2c   0x00000068   Code   RO         2857    i.TIM_OC3_SetConfig  stm32f1xx_hal_tim.o
    0x08005b94   0x08005b94   0x00000048   Code   RO         2858    i.TIM_OC4_SetConfig  stm32f1xx_hal_tim.o
    0x08005bdc   0x08005bdc   0x00000026   Code   RO         2860    i.TIM_TI1_ConfigInputStage  stm32f1xx_hal_tim.o
    0x08005c02   0x08005c02   0x00000028   Code   RO         2862    i.TIM_TI2_ConfigInputStage  stm32f1xx_hal_tim.o
    0x08005c2a   0x08005c2a   0x0000006c   Code   RO         3784    i.UART_EndRxTransfer  stm32f1xx_hal_uart.o
    0x08005c96   0x08005c96   0x00000002   PAD
    0x08005c98   0x08005c98   0x000000fc   Code   RO         3788    i.UART_SetConfig    stm32f1xx_hal_uart.o
    0x08005d94   0x08005d94   0x0000008c   Code   RO         3792    i.UART_WaitOnFlagUntilTimeout  stm32f1xx_hal_uart.o
    0x08005e20   0x08005e20   0x00000004   Code   RO          520    i.UsageFault_Handler  stm32f1xx_it.o
    0x08005e24   0x08005e24   0x00000020   Code   RO         5843    i.__0printf         mc_w.l(printfa.o)
    0x08005e44   0x08005e44   0x00000028   Code   RO         5911    i.__ARM_fpclassify  m_ws.l(fpclassify.o)
    0x08005e6c   0x08005e6c   0x00000026   Code   RO         5913    i.__ARM_fpclassifyf  m_ws.l(fpclassifyf.o)
    0x08005e92   0x08005e92   0x00000002   PAD
    0x08005e94   0x08005e94   0x00000010   Code   RO         1435    i.__NVIC_GetPriorityGrouping  stm32f1xx_hal_cortex.o
    0x08005ea4   0x08005ea4   0x00000028   Code   RO         1436    i.__NVIC_SetPriority  stm32f1xx_hal_cortex.o
    0x08005ecc   0x08005ecc   0x000000aa   Code   RO         5929    i.__kernel_poly     m_ws.l(poly.o)
    0x08005f76   0x08005f76   0x00000006   Code   RO         5898    i.__mathlib_dbl_infnan  m_ws.l(dunder.o)
    0x08005f7c   0x08005f7c   0x0000000c   Code   RO         5900    i.__mathlib_dbl_invalid  m_ws.l(dunder.o)
    0x08005f88   0x08005f88   0x00000010   Code   RO         5903    i.__mathlib_dbl_underflow  m_ws.l(dunder.o)
    0x08005f98   0x08005f98   0x00000004   Code   RO         5917    i.__mathlib_flt_infnan2  m_ws.l(funder.o)
    0x08005f9c   0x08005f9c   0x0000000a   Code   RO         5921    i.__mathlib_flt_underflow  m_ws.l(funder.o)
    0x08005fa6   0x08005fa6   0x0000000e   Code   RO         5991    i.__scatterload_copy  mc_w.l(handlers.o)
    0x08005fb4   0x08005fb4   0x00000002   Code   RO         5992    i.__scatterload_null  mc_w.l(handlers.o)
    0x08005fb6   0x08005fb6   0x0000000e   Code   RO         5993    i.__scatterload_zeroinit  mc_w.l(handlers.o)
    0x08005fc4   0x08005fc4   0x0000000c   Code   RO         5963    i.__set_errno       mc_w.l(errno.o)
    0x08005fd0   0x08005fd0   0x00000184   Code   RO         5850    i._fp_digits        mc_w.l(printfa.o)
    0x08006154   0x08006154   0x000006dc   Code   RO         5851    i._printf_core      mc_w.l(printfa.o)
    0x08006830   0x08006830   0x00000024   Code   RO         5852    i._printf_post_padding  mc_w.l(printfa.o)
    0x08006854   0x08006854   0x0000002e   Code   RO         5853    i._printf_pre_padding  mc_w.l(printfa.o)
    0x08006882   0x08006882   0x00000002   PAD
    0x08006884   0x08006884   0x00000270   Code   RO         5577    i.asin              m_ws.l(asin.o)
    0x08006af4   0x08006af4   0x0000025c   Code   RO         5587    i.atan2f            m_ws.l(atan2f.o)
    0x08006d50   0x08006d50   0x00000018   Code   RO          469    i.fputc             usart.o
    0x08006d68   0x08006d68   0x00000084   Code   RO           15    i.main              main.o
    0x08006dec   0x08006dec   0x000000c0   Code   RO         4561    i.prvAddCurrentTaskToDelayedList  tasks.o
    0x08006eac   0x08006eac   0x000000e4   Code   RO         4562    i.prvAddNewTaskToReadyList  tasks.o
    0x08006f90   0x08006f90   0x00000048   Code   RO         4563    i.prvCheckTasksWaitingTermination  tasks.o
    0x08006fd8   0x08006fd8   0x00000012   Code   RO         4564    i.prvDeleteTCB      tasks.o
    0x08006fea   0x08006fea   0x00000002   PAD
    0x08006fec   0x08006fec   0x00000070   Code   RO         4873    i.prvHeapInit       heap_4.o
    0x0800705c   0x0800705c   0x00000028   Code   RO         4565    i.prvIdleTask       tasks.o
    0x08007084   0x08007084   0x0000007a   Code   RO         4566    i.prvInitialiseNewTask  tasks.o
    0x080070fe   0x080070fe   0x00000002   PAD
    0x08007100   0x08007100   0x00000068   Code   RO         4567    i.prvInitialiseTaskLists  tasks.o
    0x08007168   0x08007168   0x00000068   Code   RO         4874    i.prvInsertBlockIntoFreeList  heap_4.o
    0x080071d0   0x080071d0   0x00000030   Code   RO         4568    i.prvResetNextTaskUnblockTime  tasks.o
    0x08007200   0x08007200   0x00000016   Code   RO         4935    i.prvTaskExitError  port.o
    0x08007216   0x08007216   0x00000002   PAD
    0x08007218   0x08007218   0x000000e4   Code   RO         4876    i.pvPortMalloc      heap_4.o
    0x080072fc   0x080072fc   0x00000024   Code   RO         4936    i.pxPortInitialiseStack  port.o
    0x08007320   0x08007320   0x0000004c   Code   RO         5932    i.sqrt              m_ws.l(sqrt.o)
    0x0800736c   0x0800736c   0x00000028   Code   RO         4242    i.uxListRemove      list.o
    0x08007394   0x08007394   0x0000001a   Code   RO         4243    i.vListInitialise   list.o
    0x080073ae   0x080073ae   0x00000006   Code   RO         4244    i.vListInitialiseItem  list.o
    0x080073b4   0x080073b4   0x00000034   Code   RO         4245    i.vListInsert       list.o
    0x080073e8   0x080073e8   0x00000018   Code   RO         4246    i.vListInsertEnd    list.o
    0x08007400   0x08007400   0x00000024   Code   RO         4938    i.vPortEnterCritical  port.o
    0x08007424   0x08007424   0x00000020   Code   RO         4939    i.vPortExitCritical  port.o
    0x08007444   0x08007444   0x0000004c   Code   RO         4877    i.vPortFree         heap_4.o
    0x08007490   0x08007490   0x00000018   Code   RO         4940    i.vPortSetupTimerInterrupt  port.o
    0x080074a8   0x080074a8   0x00000034   Code   RO         4576    i.vTaskDelay        tasks.o
    0x080074dc   0x080074dc   0x000000d4   Code   RO         4577    i.vTaskDelete       tasks.o
    0x080075b0   0x080075b0   0x0000006c   Code   RO         4588    i.vTaskStartScheduler  tasks.o
    0x0800761c   0x0800761c   0x00000010   Code   RO         4590    i.vTaskSuspendAll   tasks.o
    0x0800762c   0x0800762c   0x00000060   Code   RO         4591    i.vTaskSwitchContext  tasks.o
    0x0800768c   0x0800768c   0x00000034   Code   RO         4941    i.xPortStartScheduler  port.o
    0x080076c0   0x080076c0   0x00000034   Code   RO         4942    i.xPortSysTickHandler  port.o
    0x080076f4   0x080076f4   0x00000068   Code   RO         4594    i.xTaskCreate       tasks.o
    0x0800775c   0x0800775c   0x00000074   Code   RO         4595    i.xTaskDelayUntil   tasks.o
    0x080077d0   0x080077d0   0x00000020   Code   RO         4601    i.xTaskGetSchedulerState  tasks.o
    0x080077f0   0x080077f0   0x0000000c   Code   RO         4602    i.xTaskGetTickCount  tasks.o
    0x080077fc   0x080077fc   0x00000190   Code   RO         4604    i.xTaskIncrementTick  tasks.o
    0x0800798c   0x0800798c   0x0000015c   Code   RO         4606    i.xTaskResumeAll    tasks.o
    0x08007ae8   0x08007ae8   0x00000012   Data   RO         1129    .constdata          stm32f1xx_hal_rcc.o
    0x08007afa   0x08007afa   0x00000018   Data   RO         4106    .constdata          system_stm32f1xx.o
    0x08007b12   0x08007b12   0x00000002   PAD
    0x08007b14   0x08007b14   0x0000000c   Data   RO         5495    .constdata          com_imu.o
    0x08007b20   0x08007b20   0x00000050   Data   RO         5578    .constdata          m_ws.l(asin.o)
    0x08007b70   0x08007b70   0x00000020   Data   RO         5989    Region$$Table       anon$$obj.o


    Execution Region RW_IRAM1 (Exec base: 0x20000000, Load base: 0x08007b90, Size: 0x000047d0, Max: 0x00005000, ABSOLUTE, COMPRESSED[0x00000058])

    Exec Addr    Load Addr    Size         Type   Attr      Idx    E Section Name        Object

    0x20000000   COMPRESSED   0x00000009   Data   RW          965    .data               stm32f1xx_hal.o
    0x20000009   COMPRESSED   0x00000003   PAD
    0x2000000c   COMPRESSED   0x00000004   Data   RW         4107    .data               system_stm32f1xx.o
    0x20000010   COMPRESSED   0x00000040   Data   RW         4609    .data               tasks.o
    0x20000050   COMPRESSED   0x0000001c   Data   RW         4883    .data               heap_4.o
    0x2000006c   COMPRESSED   0x00000004   Data   RW         4943    .data               port.o
    0x20000070   COMPRESSED   0x0000000a   Data   RW         5130    .data               int_si24r1.o
    0x2000007a   COMPRESSED   0x00000002   PAD
    0x2000007c   COMPRESSED   0x00000042   Data   RW         5252    .data               app_flight.o
    0x200000be   COMPRESSED   0x00000002   PAD
    0x200000c0   COMPRESSED   0x00000014   Data   RW         5337    .data               app_task.o
    0x200000d4   COMPRESSED   0x00000048   Data   RW         5471    .data               com_kalman.o
    0x2000011c   COMPRESSED   0x0000001c   Data   RW         5496    .data               com_imu.o
    0x20000138   COMPRESSED   0x00000004   Data   RW         5599    .data               mc_w.l(stdout.o)
    0x2000013c   COMPRESSED   0x00000004   Data   RW         5964    .data               mc_w.l(errno.o)
    0x20000140        -       0x00000074   Zero   RW          235    .bss                adc.o
    0x200001b4        -       0x00000054   Zero   RW          301    .bss                i2c.o
    0x20000208        -       0x00000058   Zero   RW          344    .bss                spi.o
    0x20000260        -       0x00000120   Zero   RW          397    .bss                tim.o
    0x20000380        -       0x00000048   Zero   RW          470    .bss                usart.o
    0x200003c8        -       0x000002e4   Zero   RW         4608    .bss                tasks.o
    0x200006ac        -       0x00003c00   Zero   RW         4882    .bss                heap_4.o
    0x200042ac        -       0x00000114   Zero   RW         5251    .bss                app_flight.o
    0x200043c0        -       0x0000000c   Zero   RW         5494    .bss                com_imu.o
    0x200043cc   COMPRESSED   0x00000004   PAD
    0x200043d0        -       0x00000400   Zero   RW            1    STACK               startup_stm32f103xb.o


==============================================================================

Image component sizes


      Code (inc. data)   RO Data    RW Data    ZI Data      Debug   Object Name

       272         32          0          0        116       1647   adc.o
      3392        706          0         66        276       7745   app_flight.o
       406        134          0         20          0       3388   app_task.o
      1956         56         12         28         12       2446   com_imu.o
        88          0          0         72          0       1317   com_kalman.o
       180          0          0          0          0       2403   com_pid.o
        36          4          0          0          0        686   dma.o
         0          0          0          0          0       2504   event_groups.o
       244         12          0          0          0        915   gpio.o
       520         58          0         28      15360       4403   heap_4.o
       176         24          0          0         84       1509   i2c.o
        44          6          0          0          0        874   int_ip5305t.o
        52          0          0          0          0       1768   int_led.o
       878        256          0          0          0       4828   int_mpu6050.o
       600        114          0         10          0       5728   int_si24r1.o
       148          0          0          0          0       3082   list.o
       270         22          0          0          0     457504   main.o
       404         48          0          4          0       8744   port.o
       232         24          0          0         88       2033   spi.o
        36          8        236          0       1024        780   startup_stm32f103xb.o
       192         36          0          9          0       5693   stm32f1xx_hal.o
       768         24          0          0          0       3020   stm32f1xx_hal_adc.o
       272         22          0          0          0      28598   stm32f1xx_hal_cortex.o
       104          4          0          0          0        999   stm32f1xx_hal_dma.o
       832         34          0          0          0       3189   stm32f1xx_hal_gpio.o
      3124         50          0          0          0      11302   stm32f1xx_hal_i2c.o
        84          8          0          0          0        846   stm32f1xx_hal_msp.o
      1748         98         18          0          0       5772   stm32f1xx_hal_rcc.o
       304         14          0          0          0       1348   stm32f1xx_hal_rcc_ex.o
      1058          6          0          0          0       4317   stm32f1xx_hal_spi.o
      1604         46          0          0          0      10988   stm32f1xx_hal_tim.o
       248         14          0          0          0       2048   stm32f1xx_hal_tim_ex.o
       808          4          0          0          0       4224   stm32f1xx_hal_uart.o
        42          0          0          0          0      17079   stm32f1xx_it.o
         2          0         24          4          0       1047   system_stm32f1xx.o
      2320        322          0         64        740      28048   tasks.o
      1044         82          0          0        288       4905   tim.o
       212         26          0          0         72       2106   usart.o

    ----------------------------------------------------------------------
     24732       2294        324        312      18064     649833   Object Totals
         0          0         32          0          0          0   (incl. Generated)
        32          0          2          7          4          0   (incl. Padding)

    ----------------------------------------------------------------------

      Code (inc. data)   RO Data    RW Data    ZI Data      Debug   Library Member Name

       624         52         80          0          0        168   asin.o
       604         76          0          0          0        116   atan2f.o
        34          6          0          0          0        204   dunder.o
        40          0          0          0          0         68   fpclassify.o
        38          0          0          0          0         68   fpclassifyf.o
        14          0          0          0          0        136   funder.o
       170          0          0          0          0         96   poly.o
        76          0          0          0          0         84   sqrt.o
        86          0          0          0          0          0   __dczerorl2.o
         0          0          0          0          0          0   entry.o
         0          0          0          0          0          0   entry10a.o
         0          0          0          0          0          0   entry11a.o
         8          4          0          0          0          0   entry2.o
         4          0          0          0          0          0   entry5.o
         0          0          0          0          0          0   entry7b.o
         0          0          0          0          0          0   entry8b.o
         8          4          0          0          0          0   entry9a.o
        12          6          0          4          0         68   errno.o
        30          0          0          0          0          0   handlers.o
        36          8          0          0          0         68   init.o
         0          0          0          0          0          0   iusefp.o
        30          0          0          0          0         68   llshl.o
        36          0          0          0          0         68   llsshr.o
        32          0          0          0          0         68   llushr.o
        36          0          0          0          0         68   memcpya.o
        36          0          0          0          0        108   memseta.o
      2258         90          0          0          0        452   printfa.o
         0          0          0          4          0          0   stdout.o
        32          0          0          0          0         68   strrchr.o
        44          0          0          0          0         80   uidiv.o
        98          0          0          0          0         92   uldiv.o
        48          0          0          0          0         68   cdrcmple.o
        20          0          0          0          0         68   cfcmple.o
        20          0          0          0          0         68   cfrcmple.o
        56          0          0          0          0         88   d2f.o
       334          0          0          0          0        148   dadd.o
       222          0          0          0          0        100   ddiv.o
       186          0          0          0          0        176   depilogue.o
        62          0          0          0          0         80   dfixi.o
        48          0          0          0          0         68   dfixul.o
        34          0          0          0          0         76   dflti.o
       228          0          0          0          0         96   dmul.o
        46          0          0          0          0         80   dscalb.o
       162          0          0          0          0        100   dsqrt.o
        38          0          0          0          0         68   f2d.o
       176          0          0          0          0        140   fadd.o
       124          0          0          0          0         88   fdiv.o
       110          0          0          0          0        168   fepilogue.o
        50          0          0          0          0         68   ffixi.o
        18          0          0          0          0         68   fflti.o
       100          0          0          0          0         76   fmul.o
        24          0          0          0          0         68   fscalb.o

    ----------------------------------------------------------------------
      6496        246         80          8          0       4108   Library Totals
         4          0          0          0          0          0   (incl. Padding)

    ----------------------------------------------------------------------

      Code (inc. data)   RO Data    RW Data    ZI Data      Debug   Library Name

      1600        134         80          0          0        940   m_ws.l
      2786        112          0          8          0       1208   mc_w.l
      2106          0          0          0          0       1960   mf_w.l

    ----------------------------------------------------------------------
      6496        246         80          8          0       4108   Library Totals

    ----------------------------------------------------------------------

==============================================================================


      Code (inc. data)   RO Data    RW Data    ZI Data      Debug   

     31228       2540        404        320      18064     643357   Grand Totals
     31228       2540        404         88      18064     643357   ELF Image Totals (compressed)
     31228       2540        404         88          0          0   ROM Totals

==============================================================================

    Total RO  Size (Code + RO Data)                31632 (  30.89kB)
    Total RW  Size (RW Data + ZI Data)             18384 (  17.95kB)
    Total ROM Size (Code + RO Data + RW Data)      31720 (  30.98kB)

==============================================================================

