Component: ARM Compiler 5.06 update 6 (build 750) Tool: armlink [4d35ed]

==============================================================================

Section Cross References

    startup_stm32f103xb.o(RESET) refers to startup_stm32f103xb.o(STACK) for __initial_sp
    startup_stm32f103xb.o(RESET) refers to startup_stm32f103xb.o(.text) for Reset_Handler
    startup_stm32f103xb.o(RESET) refers to stm32f1xx_it.o(i.NMI_Handler) for NMI_Handler
    startup_stm32f103xb.o(RESET) refers to stm32f1xx_it.o(i.HardFault_Handler) for HardFault_Handler
    startup_stm32f103xb.o(RESET) refers to stm32f1xx_it.o(i.MemManage_Handler) for MemManage_Handler
    startup_stm32f103xb.o(RESET) refers to stm32f1xx_it.o(i.BusFault_Handler) for BusFault_Handler
    startup_stm32f103xb.o(RESET) refers to stm32f1xx_it.o(i.UsageFault_Handler) for UsageFault_Handler
    startup_stm32f103xb.o(RESET) refers to stm32f1xx_it.o(i.SVC_Handler) for SVC_Handler
    startup_stm32f103xb.o(RESET) refers to stm32f1xx_it.o(i.DebugMon_Handler) for DebugMon_Handler
    startup_stm32f103xb.o(RESET) refers to stm32f1xx_it.o(i.PendSV_Handler) for PendSV_Handler
    startup_stm32f103xb.o(RESET) refers to stm32f1xx_it.o(i.SysTick_Handler) for SysTick_Handler
    startup_stm32f103xb.o(.text) refers to system_stm32f1xx.o(i.SystemInit) for SystemInit
    startup_stm32f103xb.o(.text) refers to entry.o(.ARM.Collect$$$$00000000) for __main
    main.o(i.SystemClock_Config) refers to memseta.o(.text) for __aeabi_memclr4
    main.o(i.SystemClock_Config) refers to stm32f1xx_hal_rcc.o(i.HAL_RCC_OscConfig) for HAL_RCC_OscConfig
    main.o(i.SystemClock_Config) refers to main.o(i.Error_Handler) for Error_Handler
    main.o(i.SystemClock_Config) refers to stm32f1xx_hal_rcc.o(i.HAL_RCC_ClockConfig) for HAL_RCC_ClockConfig
    main.o(i.SystemClock_Config) refers to stm32f1xx_hal_rcc_ex.o(i.HAL_RCCEx_PeriphCLKConfig) for HAL_RCCEx_PeriphCLKConfig
    main.o(i.main) refers to stm32f1xx_hal.o(i.HAL_Init) for HAL_Init
    main.o(i.main) refers to main.o(i.SystemClock_Config) for SystemClock_Config
    main.o(i.main) refers to gpio.o(i.MX_GPIO_Init) for MX_GPIO_Init
    main.o(i.main) refers to dma.o(i.MX_DMA_Init) for MX_DMA_Init
    main.o(i.main) refers to tim.o(i.MX_TIM1_Init) for MX_TIM1_Init
    main.o(i.main) refers to tim.o(i.MX_TIM2_Init) for MX_TIM2_Init
    main.o(i.main) refers to tim.o(i.MX_TIM3_Init) for MX_TIM3_Init
    main.o(i.main) refers to tim.o(i.MX_TIM4_Init) for MX_TIM4_Init
    main.o(i.main) refers to usart.o(i.MX_USART2_UART_Init) for MX_USART2_UART_Init
    main.o(i.main) refers to adc.o(i.MX_ADC1_Init) for MX_ADC1_Init
    main.o(i.main) refers to i2c.o(i.MX_I2C1_Init) for MX_I2C1_Init
    main.o(i.main) refers to int_mpu6050.o(i.Int_MPU6050_Init) for Int_MPU6050_Init
    main.o(i.main) refers to app_flight.o(i.App_Flight_MPUCalibrate) for App_Flight_MPUCalibrate
    main.o(i.main) refers to stm32f1xx_hal_tim.o(i.HAL_TIM_PWM_Start) for HAL_TIM_PWM_Start
    main.o(i.main) refers to app_flight.o(i.App_Flight_FetchMPUData) for App_Flight_FetchMPUData
    main.o(i.main) refers to stm32f1xx_hal.o(i.HAL_Delay) for HAL_Delay
    main.o(i.main) refers to tim.o(.bss) for htim3
    main.o(i.main) refers to app_flight.o(.data) for ledState
    gpio.o(i.MX_GPIO_Init) refers to stm32f1xx_hal_gpio.o(i.HAL_GPIO_WritePin) for HAL_GPIO_WritePin
    gpio.o(i.MX_GPIO_Init) refers to stm32f1xx_hal_gpio.o(i.HAL_GPIO_Init) for HAL_GPIO_Init
    adc.o(i.HAL_ADC_MspDeInit) refers to stm32f1xx_hal_gpio.o(i.HAL_GPIO_DeInit) for HAL_GPIO_DeInit
    adc.o(i.HAL_ADC_MspDeInit) refers to stm32f1xx_hal_dma.o(i.HAL_DMA_DeInit) for HAL_DMA_DeInit
    adc.o(i.HAL_ADC_MspInit) refers to stm32f1xx_hal_gpio.o(i.HAL_GPIO_Init) for HAL_GPIO_Init
    adc.o(i.HAL_ADC_MspInit) refers to stm32f1xx_hal_dma.o(i.HAL_DMA_Init) for HAL_DMA_Init
    adc.o(i.HAL_ADC_MspInit) refers to main.o(i.Error_Handler) for Error_Handler
    adc.o(i.HAL_ADC_MspInit) refers to adc.o(.bss) for hdma_adc1
    adc.o(i.MX_ADC1_Init) refers to stm32f1xx_hal_adc.o(i.HAL_ADC_Init) for HAL_ADC_Init
    adc.o(i.MX_ADC1_Init) refers to main.o(i.Error_Handler) for Error_Handler
    adc.o(i.MX_ADC1_Init) refers to stm32f1xx_hal_adc.o(i.HAL_ADC_ConfigChannel) for HAL_ADC_ConfigChannel
    adc.o(i.MX_ADC1_Init) refers to adc.o(.bss) for hadc1
    i2c.o(i.HAL_I2C_MspDeInit) refers to stm32f1xx_hal_gpio.o(i.HAL_GPIO_DeInit) for HAL_GPIO_DeInit
    i2c.o(i.HAL_I2C_MspInit) refers to stm32f1xx_hal_gpio.o(i.HAL_GPIO_Init) for HAL_GPIO_Init
    i2c.o(i.MX_I2C1_Init) refers to stm32f1xx_hal_i2c.o(i.HAL_I2C_Init) for HAL_I2C_Init
    i2c.o(i.MX_I2C1_Init) refers to main.o(i.Error_Handler) for Error_Handler
    i2c.o(i.MX_I2C1_Init) refers to i2c.o(.bss) for hi2c1
    tim.o(i.HAL_TIM_MspPostInit) refers to stm32f1xx_hal_gpio.o(i.HAL_GPIO_Init) for HAL_GPIO_Init
    tim.o(i.MX_TIM1_Init) refers to memseta.o(.text) for __aeabi_memclr4
[...]
    Removing system_stm32f1xx.o(.revsh_text), (4 bytes).
    Removing system_stm32f1xx.o(.rrx_text), (6 bytes).
    Removing system_stm32f1xx.o(i.SystemCoreClockUpdate), (164 bytes).
    Removing event_groups.o(i.prvTestWaitCondition), (30 bytes).
    Removing event_groups.o(i.vEventGroupClearBitsCallback), (16 bytes).
    Removing event_groups.o(i.vEventGroupDelete), (42 bytes).
    Removing event_groups.o(i.vEventGroupSetBitsCallback), (16 bytes).
    Removing event_groups.o(i.xEventGroupClearBits), (32 bytes).
    Removing event_groups.o(i.xEventGroupCreate), (26 bytes).
    Removing event_groups.o(i.xEventGroupGetBitsFromISR), (44 bytes).
    Removing event_groups.o(i.xEventGroupSetBits), (146 bytes).
    Removing event_groups.o(i.xEventGroupSync), (168 bytes).
    Removing event_groups.o(i.xEventGroupWaitBits), (204 bytes).
    Removing list.o(i.uxListRemove), (40 bytes).
    Removing list.o(i.vListInitialise), (26 bytes).
    Removing list.o(i.vListInitialiseItem), (6 bytes).
    Removing list.o(i.vListInsert), (52 bytes).
    Removing list.o(i.vListInsertEnd), (24 bytes).
    Removing queue.o(i.prvCopyDataFromQueue), (42 bytes).
    Removing queue.o(i.prvCopyDataToQueue), (106 bytes).
    Removing queue.o(i.prvInitialiseNewQueue), (38 bytes).
    Removing queue.o(i.prvIsQueueEmpty), (26 bytes).
    Removing queue.o(i.prvIsQueueFull), (30 bytes).
    Removing queue.o(i.prvUnlockQueue), (126 bytes).
    Removing queue.o(i.uxQueueMessagesWaiting), (18 bytes).
    Removing queue.o(i.uxQueueMessagesWaitingFromISR), (8 bytes).
    Removing queue.o(i.uxQueueSpacesAvailable), (24 bytes).
    Removing queue.o(i.vQueueDelete), (14 bytes).
    Removing queue.o(i.xQueueGenericCreate), (76 bytes).
    Removing queue.o(i.xQueueGenericReset), (160 bytes).
    Removing queue.o(i.xQueueGenericSend), (280 bytes).
    Removing queue.o(i.xQueueGenericSendFromISR), (152 bytes).
    Removing queue.o(i.xQueueGiveFromISR), (132 bytes).
    Removing queue.o(i.xQueueIsQueueEmptyFromISR), (16 bytes).
    Removing queue.o(i.xQueueIsQueueFullFromISR), (22 bytes).
    Removing queue.o(i.xQueuePeek), (268 bytes).
    Removing queue.o(i.xQueuePeekFromISR), (74 bytes).
    Removing queue.o(i.xQueueReceive), (260 bytes).
    Removing queue.o(i.xQueueReceiveFromISR), (140 bytes).
    Removing queue.o(i.xQueueSemaphoreTake), (240 bytes).
    Removing stream_buffer.o(i.prvBytesInBuffer), (24 bytes).
    Removing stream_buffer.o(i.prvInitialiseNewStreamBuffer), (42 bytes).
    Removing stream_buffer.o(i.prvReadBytesFromBuffer), (76 bytes).
    Removing stream_buffer.o(i.prvReadMessageFromBuffer), (90 bytes).
    Removing stream_buffer.o(i.prvWriteBytesToBuffer), (76 bytes).
    Removing stream_buffer.o(i.prvWriteMessageToBuffer), (88 bytes).
    Removing stream_buffer.o(i.vStreamBufferDelete), (32 bytes).
    Removing stream_buffer.o(i.xStreamBufferBytesAvailable), (18 bytes).
    Removing stream_buffer.o(i.xStreamBufferGenericCreate), (82 bytes).
    Removing stream_buffer.o(i.xStreamBufferIsEmpty), (22 bytes).
    Removing stream_buffer.o(i.xStreamBufferIsFull), (40 bytes).
    Removing stream_buffer.o(i.xStreamBufferNextMessageLengthBytes), (52 bytes).
    Removing stream_buffer.o(i.xStreamBufferReceive), (176 bytes).
    Removing stream_buffer.o(i.xStreamBufferReceiveCompletedFromISR), (80 bytes).
    Removing stream_buffer.o(i.xStreamBufferReceiveFromISR), (132 bytes).
    Removing stream_buffer.o(i.xStreamBufferReset), (56 bytes).
    Removing stream_buffer.o(i.xStreamBufferSend), (226 bytes).
    Removing stream_buffer.o(i.xStreamBufferSendCompletedFromISR), (80 bytes).
    Removing stream_buffer.o(i.xStreamBufferSendFromISR), (134 bytes).
    Removing stream_buffer.o(i.xStreamBufferSetTriggerLevel), (26 bytes).
    Removing stream_buffer.o(i.xStreamBufferSpacesAvailable), (40 bytes).
    Removing tasks.o(i.pcTaskGetName), (24 bytes).
    Removing tasks.o(i.prvAddCurrentTaskToDelayedList), (192 bytes).
    Removing tasks.o(i.prvAddNewTaskToReadyList), (228 bytes).
    Removing tasks.o(i.prvCheckTasksWaitingTermination), (72 bytes).
    Removing tasks.o(i.prvDeleteTCB), (18 bytes).
    Removing tasks.o(i.prvIdleTask), (40 bytes).
    Removing tasks.o(i.prvInitialiseNewTask), (122 bytes).
    Removing tasks.o(i.prvInitialiseTaskLists), (104 bytes).
    Removing tasks.o(i.prvResetNextTaskUnblockTime), (48 bytes).
    Removing tasks.o(i.prvTaskIsTaskSuspended), (64 bytes).
    Removing tasks.o(i.ulTaskGenericNotifyTake), (136 bytes).
    Removing tasks.o(i.ulTaskGenericNotifyValueClear), (64 bytes).
    Removing tasks.o(i.uxTaskGetNumberOfTasks), (12 bytes).
    Removing tasks.o(i.uxTaskPriorityGet), (36 bytes).
    Removing tasks.o(i.uxTaskPriorityGetFromISR), (56 bytes).
    Removing tasks.o(i.uxTaskResetEventItemValue), (28 bytes).
    Removing tasks.o(i.vTaskDelay), (52 bytes).
    Removing tasks.o(i.vTaskDelete), (212 bytes).
    Removing tasks.o(i.vTaskEndScheduler), (36 bytes).
    Removing tasks.o(i.vTaskGenericNotifyGiveFromISR), (336 bytes).
    Removing tasks.o(i.vTaskInternalSetTimeOutState), (24 bytes).
    Removing tasks.o(i.vTaskMissedYield), (12 bytes).
    Removing tasks.o(i.vTaskPlaceOnEventList), (32 bytes).
    Removing tasks.o(i.vTaskPlaceOnUnorderedEventList), (80 bytes).
    Removing tasks.o(i.vTaskPrioritySet), (284 bytes).
    Removing tasks.o(i.vTaskRemoveFromUnorderedEventList), (208 bytes).
    Removing tasks.o(i.vTaskResume), (172 bytes).
    Removing tasks.o(i.vTaskSetTimeOutState), (36 bytes).
    Removing tasks.o(i.vTaskStartScheduler), (108 bytes).
    Removing tasks.o(i.vTaskSuspend), (216 bytes).
    Removing tasks.o(i.vTaskSuspendAll), (16 bytes).
    Removing tasks.o(i.vTaskSwitchContext), (96 bytes).
    Removing tasks.o(i.xTaskCatchUpTicks), (40 bytes).
    Removing tasks.o(i.xTaskCheckForTimeOut), (96 bytes).
    Removing tasks.o(i.xTaskCreate), (104 bytes).
    Removing tasks.o(i.xTaskDelayUntil), (116 bytes).
    Removing tasks.o(i.xTaskGenericNotify), (332 bytes).
    Removing tasks.o(i.xTaskGenericNotifyFromISR), (504 bytes).
    Removing tasks.o(i.xTaskGenericNotifyStateClear), (64 bytes).
    Removing tasks.o(i.xTaskGenericNotifyWait), (172 bytes).
    Removing tasks.o(i.xTaskGetCurrentTaskHandle), (12 bytes).
    Removing tasks.o(i.xTaskGetSchedulerState), (32 bytes).
    Removing tasks.o(i.xTaskGetTickCount), (12 bytes).
    Removing tasks.o(i.xTaskGetTickCountFromISR), (12 bytes).
    Removing tasks.o(i.xTaskIncrementTick), (400 bytes).
    Removing tasks.o(i.xTaskRemoveFromEventList), (264 bytes).
    Removing tasks.o(i.xTaskResumeAll), (348 bytes).
    Removing tasks.o(i.xTaskResumeFromISR), (216 bytes).
    Removing tasks.o(.bss), (740 bytes).
    Removing tasks.o(.data), (64 bytes).
    Removing heap_4.o(i.prvHeapInit), (112 bytes).
    Removing heap_4.o(i.prvInsertBlockIntoFreeList), (104 bytes).
    Removing heap_4.o(i.pvPortCalloc), (54 bytes).
    Removing heap_4.o(i.pvPortMalloc), (228 bytes).
    Removing heap_4.o(i.vPortFree), (76 bytes).
    Removing heap_4.o(i.vPortGetHeapStats), (128 bytes).
    Removing heap_4.o(i.vPortInitialiseBlocks), (2 bytes).
    Removing heap_4.o(i.xPortGetFreeHeapSize), (12 bytes).
    Removing heap_4.o(i.xPortGetMinimumEverFreeHeapSize), (12 bytes).
    Removing heap_4.o(.bss), (15360 bytes).
    Removing heap_4.o(.data), (28 bytes).
    Removing port.o(.emb_text), (150 bytes).
    Removing port.o(i.prvTaskExitError), (22 bytes).
    Removing port.o(i.pxPortInitialiseStack), (36 bytes).
    Removing port.o(i.vPortEndScheduler), (2 bytes).
    Removing port.o(i.vPortEnterCritical), (36 bytes).
    Removing port.o(i.vPortExitCritical), (32 bytes).
    Removing port.o(i.vPortSetupTimerInterrupt), (24 bytes).
    Removing port.o(i.xPortStartScheduler), (52 bytes).
    Removing port.o(i.xPortSysTickHandler), (52 bytes).
    Removing port.o(.data), (4 bytes).
    Removing int_led.o(.rev16_text), (4 bytes).
    Removing int_led.o(.revsh_text), (4 bytes).
    Removing int_led.o(.rrx_text), (6 bytes).
    Removing int_led.o(i.Int_LED_Off), (18 bytes).
    Removing int_led.o(i.Int_LED_On), (18 bytes).
    Removing int_led.o(i.Int_LED_Toggle), (16 bytes).
    Removing int_mpu6050.o(.rev16_text), (4 bytes).
    Removing int_mpu6050.o(.revsh_text), (4 bytes).
    Removing int_mpu6050.o(.rrx_text), (6 bytes).
    Removing int_mpu6050.o(i.Int_MPU6050_SendBytes), (36 bytes).
    Removing app_flight.o(.rev16_text), (4 bytes).
    Removing app_flight.o(.revsh_text), (4 bytes).
    Removing app_flight.o(.rrx_text), (6 bytes).
    Removing app_flight.o(i.App_Flight_DetectBatVoltage), (268 bytes).
    Removing app_flight.o(i.App_Flight_PilotLED), (308 bytes).
    Removing com_delay.o(.rev16_text), (4 bytes).
    Removing com_delay.o(.revsh_text), (4 bytes).
    Removing com_delay.o(.rrx_text), (6 bytes).
    Removing com_delay.o(i.for_delay_ms), (28 bytes).
    Removing com_logger.o(.rev16_text), (4 bytes).
    Removing com_logger.o(.revsh_text), (4 bytes).
    Removing com_logger.o(.rrx_text), (6 bytes).
    Removing com_logger.o(i.log_dump), (188 bytes).
    Removing f2d.o(.text), (38 bytes).
    Removing d2f.o(.text), (56 bytes).

674 unused section(s) (total 83454 bytes) removed from the image.

==============================================================================

Image Symbol Table

    Local Symbols

    Symbol Name                              Value     Ov Type        Size  Object(Section)

    ../Core/Src/adc.c                        0x00000000   Number         0  adc.o ABSOLUTE
    ../Core/Src/dma.c                        0x00000000   Number         0  dma.o ABSOLUTE
    ../Core/Src/gpio.c                       0x00000000   Number         0  gpio.o ABSOLUTE
    ../Core/Src/i2c.c                        0x00000000   Number         0  i2c.o ABSOLUTE
    ../Core/Src/main.c                       0x00000000   Number         0  main.o ABSOLUTE
    ../Core/Src/stm32f1xx_hal_msp.c          0x00000000   Number         0  stm32f1xx_hal_msp.o ABSOLUTE
    ../Core/Src/stm32f1xx_it.c               0x00000000   Number         0  stm32f1xx_it.o ABSOLUTE
    ../Core/Src/system_stm32f1xx.c           0x00000000   Number         0  system_stm32f1xx.o ABSOLUTE
    ../Core/Src/tim.c                        0x00000000   Number         0  tim.o ABSOLUTE
    ../Core/Src/usart.c                      0x00000000   Number         0  usart.o ABSOLUTE
    ../Drivers/STM32F1xx_HAL_Driver/Src/stm32f1xx_hal.c 0x00000000   Number         0  stm32f1xx_hal.o ABSOLUTE
    ../Drivers/STM32F1xx_HAL_Driver/Src/stm32f1xx_hal_adc.c 0x00000000   Number         0  stm32f1xx_hal_adc.o ABSOLUTE
    ../Drivers/STM32F1xx_HAL_Driver/Src/stm32f1xx_hal_adc_ex.c 0x00000000   Number         0  stm32f1xx_hal_adc_ex.o ABSOLUTE
    ../Drivers/STM32F1xx_HAL_Driver/Src/stm32f1xx_hal_cortex.c 0x00000000   Number         0  stm32f1xx_hal_cortex.o ABSOLUTE
    ../Drivers/STM32F1xx_HAL_Driver/Src/stm32f1xx_hal_dma.c 0x00000000   Number         0  stm32f1xx_hal_dma.o ABSOLUTE
    ../Drivers/STM32F1xx_HAL_Driver/Src/stm32f1xx_hal_exti.c 0x00000000   Number         0  stm32f1xx_hal_exti.o ABSOLUTE
    ../Drivers/STM32F1xx_HAL_Driver/Src/stm32f1xx_hal_flash.c 0x00000000   Number         0  stm32f1xx_hal_flash.o ABSOLUTE
    ../Drivers/STM32F1xx_HAL_Driver/Src/stm32f1xx_hal_flash_ex.c 0x00000000   Number         0  stm32f1xx_hal_flash_ex.o ABSOLUTE
    ../Drivers/STM32F1xx_HAL_Driver/Src/stm32f1xx_hal_gpio.c 0x00000000   Number         0  stm32f1xx_hal_gpio.o ABSOLUTE
    ../Drivers/STM32F1xx_HAL_Driver/Src/stm32f1xx_hal_gpio_ex.c 0x00000000   Number         0  stm32f1xx_hal_gpio_ex.o ABSOLUTE
    ../Drivers/STM32F1xx_HAL_Driver/Src/stm32f1xx_hal_i2c.c 0x00000000   Number         0  stm32f1xx_hal_i2c.o ABSOLUTE
    ../Drivers/STM32F1xx_HAL_Driver/Src/stm32f1xx_hal_pwr.c 0x00000000   Number         0  stm32f1xx_hal_pwr.o ABSOLUTE
    ../Drivers/STM32F1xx_HAL_Driver/Src/stm32f1xx_hal_rcc.c 0x00000000   Number         0  stm32f1xx_hal_rcc.o ABSOLUTE
    ../Drivers/STM32F1xx_HAL_Driver/Src/stm32f1xx_hal_rcc_ex.c 0x00000000   Number         0  stm32f1xx_hal_rcc_ex.o ABSOLUTE
    ../Drivers/STM32F1xx_HAL_Driver/Src/stm32f1xx_hal_tim.c 0x00000000   Number         0  stm32f1xx_hal_tim.o ABSOLUTE
    ../Drivers/STM32F1xx_HAL_Driver/Src/stm32f1xx_hal_tim_ex.c 0x00000000   Number         0  stm32f1xx_hal_tim_ex.o ABSOLUTE
    ../Drivers/STM32F1xx_HAL_Driver/Src/stm32f1xx_hal_uart.c 0x00000000   Number         0  stm32f1xx_hal_uart.o ABSOLUTE
    ../clib/microlib/division.c              0x00000000   Number         0  uidiv.o ABSOLUTE
    ../clib/microlib/division.c              0x00000000   Number         0  uldiv.o ABSOLUTE
    ../clib/microlib/init/entry.s            0x00000000   Number         0  entry5.o ABSOLUTE
    ../clib/microlib/init/entry.s            0x00000000   Number         0  entry11b.o ABSOLUTE
    ../clib/microlib/init/entry.s            0x00000000   Number         0  entry11a.o ABSOLUTE
    ../clib/microlib/init/entry.s            0x00000000   Number         0  entry10b.o ABSOLUTE
    ../clib/microlib/init/entry.s            0x00000000   Number         0  entry10a.o ABSOLUTE
    ../clib/microlib/init/entry.s            0x00000000   Number         0  entry9b.o ABSOLUTE
    ../clib/microlib/init/entry.s            0x00000000   Number         0  entry8b.o ABSOLUTE
    ../clib/microlib/init/entry.s            0x00000000   Number         0  entry7a.o ABSOLUTE
    ../clib/microlib/init/entry.s            0x00000000   Number         0  entry2.o ABSOLUTE
    ../clib/microlib/init/entry.s            0x00000000   Number         0  entry8a.o ABSOLUTE
    ../clib/microlib/init/entry.s            0x00000000   Number         0  entry9a.o ABSOLUTE
    ../clib/microlib/init/entry.s            0x00000000   Number         0  entry7b.o ABSOLUTE
    ../clib/microlib/init/entry.s            0x00000000   Number         0  entry.o ABSOLUTE
    ../clib/microlib/longlong.c              0x00000000   Number         0  llushr.o ABSOLUTE
    ../clib/microlib/longlong.c              0x00000000   Number         0  llshl.o ABSOLUTE
    ../clib/microlib/longlong.c              0x00000000   Number         0  llsshr.o ABSOLUTE
    ../clib/microlib/printf/printf.c         0x00000000   Number         0  printf1.o ABSOLUTE
    ../clib/microlib/printf/printf.c         0x00000000   Number         0  printf2.o ABSOLUTE
    ../clib/microlib/printf/printf.c         0x00000000   Number         0  printf3.o ABSOLUTE
    ../clib/microlib/printf/printf.c         0x00000000   Number         0  printfb.o ABSOLUTE
    ../clib/microlib/printf/printf.c         0x00000000   Number         0  printf0.o ABSOLUTE
    ../clib/microlib/printf/printf.c         0x00000000   Number         0  printf8.o ABSOLUTE
    ../clib/microlib/printf/printf.c         0x00000000   Number         0  printf5.o ABSOLUTE
    ../clib/microlib/printf/printf.c         0x00000000   Number         0  printfa.o ABSOLUTE
    ../clib/microlib/printf/printf.c         0x00000000   Number         0  printf4.o ABSOLUTE
    ../clib/microlib/printf/printf.c         0x00000000   Number         0  printf7.o ABSOLUTE
    ../clib/microlib/printf/printf.c         0x00000000   Number         0  printf6.o ABSOLUTE
    ../clib/microlib/printf/stubs.s          0x00000000   Number         0  stubs.o ABSOLUTE
    ../clib/microlib/stdio/putc.c            0x00000000   Number         0  putc.o ABSOLUTE
    ../clib/microlib/stdio/streams.c         0x00000000   Number         0  stdout.o ABSOLUTE
    ../clib/microlib/string/memcpy.c         0x00000000   Number         0  memcpya.o ABSOLUTE
    ../clib/microlib/string/memcpy.c         0x00000000   Number         0  memcpyb.o ABSOLUTE
    ../clib/microlib/string/memset.c         0x00000000   Number         0  memseta.o ABSOLUTE
    ../clib/microlib/string/strrchr.c        0x00000000   Number         0  strrchr.o ABSOLUTE
    ../clib/microlib/stubs.s                 0x00000000   Number         0  iusefp.o ABSOLUTE
    ../fplib/microlib/d2f.c                  0x00000000   Number         0  d2f.o ABSOLUTE
    ../fplib/microlib/f2d.c                  0x00000000   Number         0  f2d.o ABSOLUTE
    ../fplib/microlib/fpadd.c                0x00000000   Number         0  dadd.o ABSOLUTE
    ../fplib/microlib/fpadd.c                0x00000000   Number         0  fadd.o ABSOLUTE
    ../fplib/microlib/fpdiv.c                0x00000000   Number         0  fdiv.o ABSOLUTE
    ../fplib/microlib/fpdiv.c                0x00000000   Number         0  ddiv.o ABSOLUTE
    ../fplib/microlib/fpepilogue.c           0x00000000   Number         0  fepilogue.o ABSOLUTE
    ../fplib/microlib/fpepilogue.c           0x00000000   Number         0  depilogue.o ABSOLUTE
    ../fplib/microlib/fpfix.c                0x00000000   Number         0  ffixi.o ABSOLUTE
    ../fplib/microlib/fpfix.c                0x00000000   Number         0  dfixi.o ABSOLUTE
    ../fplib/microlib/fpfix.c                0x00000000   Number         0  dfixul.o ABSOLUTE
    ../fplib/microlib/fpflt.c                0x00000000   Number         0  dflti.o ABSOLUTE
    ../fplib/microlib/fpflt.c                0x00000000   Number         0  fflti.o ABSOLUTE
    ../fplib/microlib/fpmul.c                0x00000000   Number         0  dmul.o ABSOLUTE
    ../fplib/microlib/fpmul.c                0x00000000   Number         0  fmul.o ABSOLUTE
    ..\App\App_Flight.c                      0x00000000   Number         0  app_flight.o ABSOLUTE
    ..\Com\Com_Delay.c                       0x00000000   Number         0  com_delay.o ABSOLUTE
    ..\Com\Com_Kalman.c                      0x00000000   Number         0  com_kalman.o ABSOLUTE
    ..\Com\Com_Logger.c                      0x00000000   Number         0  com_logger.o ABSOLUTE
    ..\Core\Src\adc.c                        0x00000000   Number         0  adc.o ABSOLUTE
    ..\Core\Src\dma.c                        0x00000000   Number         0  dma.o ABSOLUTE
    ..\Core\Src\gpio.c                       0x00000000   Number         0  gpio.o ABSOLUTE
    ..\Core\Src\i2c.c                        0x00000000   Number         0  i2c.o ABSOLUTE
    ..\Core\Src\main.c                       0x00000000   Number         0  main.o ABSOLUTE
    ..\Core\Src\stm32f1xx_hal_msp.c          0x00000000   Number         0  stm32f1xx_hal_msp.o ABSOLUTE
    ..\Core\Src\stm32f1xx_it.c               0x00000000   Number         0  stm32f1xx_it.o ABSOLUTE
    ..\Core\Src\system_stm32f1xx.c           0x00000000   Number         0  system_stm32f1xx.o ABSOLUTE
    ..\Core\Src\tim.c                        0x00000000   Number         0  tim.o ABSOLUTE
    ..\Core\Src\usart.c                      0x00000000   Number         0  usart.o ABSOLUTE
    ..\Drivers\STM32F1xx_HAL_Driver\Src\stm32f1xx_hal.c 0x00000000   Number         0  stm32f1xx_hal.o ABSOLUTE
    ..\Drivers\STM32F1xx_HAL_Driver\Src\stm32f1xx_hal_adc.c 0x00000000   Number         0  stm32f1xx_hal_adc.o ABSOLUTE
    ..\Drivers\STM32F1xx_HAL_Driver\Src\stm32f1xx_hal_adc_ex.c 0x00000000   Number         0  stm32f1xx_hal_adc_ex.o ABSOLUTE
    ..\Drivers\STM32F1xx_HAL_Driver\Src\stm32f1xx_hal_cortex.c 0x00000000   Number         0  stm32f1xx_hal_cortex.o ABSOLUTE
    ..\Drivers\STM32F1xx_HAL_Driver\Src\stm32f1xx_hal_dma.c 0x00000000   Number         0  stm32f1xx_hal_dma.o ABSOLUTE
    ..\Drivers\STM32F1xx_HAL_Driver\Src\stm32f1xx_hal_exti.c 0x00000000   Number         0  stm32f1xx_hal_exti.o ABSOLUTE
    ..\Drivers\STM32F1xx_HAL_Driver\Src\stm32f1xx_hal_flash.c 0x00000000   Number         0  stm32f1xx_hal_flash.o ABSOLUTE
    ..\Drivers\STM32F1xx_HAL_Driver\Src\stm32f1xx_hal_flash_ex.c 0x00000000   Number         0  stm32f1xx_hal_flash_ex.o ABSOLUTE
    ..\Drivers\STM32F1xx_HAL_Driver\Src\stm32f1xx_hal_gpio.c 0x00000000   Number         0  stm32f1xx_hal_gpio.o ABSOLUTE
    ..\Drivers\STM32F1xx_HAL_Driver\Src\stm32f1xx_hal_gpio_ex.c 0x00000000   Number         0  stm32f1xx_hal_gpio_ex.o ABSOLUTE
    ..\Drivers\STM32F1xx_HAL_Driver\Src\stm32f1xx_hal_i2c.c 0x00000000   Number         0  stm32f1xx_hal_i2c.o ABSOLUTE
    ..\Drivers\STM32F1xx_HAL_Driver\Src\stm32f1xx_hal_pwr.c 0x00000000   Number         0  stm32f1xx_hal_pwr.o ABSOLUTE
    ..\Drivers\STM32F1xx_HAL_Driver\Src\stm32f1xx_hal_rcc.c 0x00000000   Number         0  stm32f1xx_hal_rcc.o ABSOLUTE
    ..\Drivers\STM32F1xx_HAL_Driver\Src\stm32f1xx_hal_rcc_ex.c 0x00000000   Number         0  stm32f1xx_hal_rcc_ex.o ABSOLUTE
    ..\Drivers\STM32F1xx_HAL_Driver\Src\stm32f1xx_hal_tim.c 0x00000000   Number         0  stm32f1xx_hal_tim.o ABSOLUTE
    ..\Drivers\STM32F1xx_HAL_Driver\Src\stm32f1xx_hal_tim_ex.c 0x00000000   Number         0  stm32f1xx_hal_tim_ex.o ABSOLUTE
    ..\Drivers\STM32F1xx_HAL_Driver\Src\stm32f1xx_hal_uart.c 0x00000000   Number         0  stm32f1xx_hal_uart.o ABSOLUTE
    ..\Int\Int_LED.c                         0x00000000   Number         0  int_led.o ABSOLUTE
    ..\Int\Int_MPU6050.c                     0x00000000   Number         0  int_mpu6050.o ABSOLUTE
    ..\Mid\FreeRTOS\Portable\heap_4.c        0x00000000   Number         0  heap_4.o ABSOLUTE
    ..\Mid\FreeRTOS\Portable\port.c          0x00000000   Number         0  port.o ABSOLUTE
    ..\Mid\FreeRTOS\Source\croutine.c        0x00000000   Number         0  croutine.o ABSOLUTE
    ..\Mid\FreeRTOS\Source\event_groups.c    0x00000000   Number         0  event_groups.o ABSOLUTE
    ..\Mid\FreeRTOS\Source\list.c            0x00000000   Number         0  list.o ABSOLUTE
    ..\Mid\FreeRTOS\Source\queue.c           0x00000000   Number         0  queue.o ABSOLUTE
    ..\Mid\FreeRTOS\Source\stream_buffer.c   0x00000000   Number         0  stream_buffer.o ABSOLUTE
    ..\Mid\FreeRTOS\Source\tasks.c           0x00000000   Number         0  tasks.o ABSOLUTE
    ..\Mid\FreeRTOS\Source\timers.c          0x00000000   Number         0  timers.o ABSOLUTE
    ..\\App\\App_Flight.c                    0x00000000   Number         0  app_flight.o ABSOLUTE
    ..\\Com\\Com_Delay.c                     0x00000000   Number         0  com_delay.o ABSOLUTE
    ..\\Com\\Com_Logger.c                    0x00000000   Number         0  com_logger.o ABSOLUTE
    ..\\Int\\Int_LED.c                       0x00000000   Number         0  int_led.o ABSOLUTE
    ..\\Int\\Int_MPU6050.c                   0x00000000   Number         0  int_mpu6050.o ABSOLUTE
    ..\\Mid\\FreeRTOS\\Portable\\port.c      0x00000000   Number         0  port.o ABSOLUTE
    cdrcmple.s                               0x00000000   Number         0  cdrcmple.o ABSOLUTE
    dc.s                                     0x00000000   Number         0  dc.o ABSOLUTE
    handlers.s                               0x00000000   Number         0  handlers.o ABSOLUTE
    init.s                                   0x00000000   Number         0  init.o ABSOLUTE
    startup_stm32f103xb.s                    0x00000000   Number         0  startup_stm32f103xb.o ABSOLUTE
    RESET                                    0x08000000   Section      236  startup_stm32f103xb.o(RESET)
    .ARM.Collect$$$$00000000                 0x080000ec   Section        0  entry.o(.ARM.Collect$$$$00000000)
    .ARM.Collect$$$$00000001                 0x080000ec   Section        4  entry2.o(.ARM.Collect$$$$00000001)
    .ARM.Collect$$$$00000004                 0x080000f0   Section        4  entry5.o(.ARM.Collect$$$$00000004)
    .ARM.Collect$$$$00000008                 0x080000f4   Section        0  entry7b.o(.ARM.Collect$$$$00000008)
    .ARM.Collect$$$$0000000A                 0x080000f4   Section        0  entry8b.o(.ARM.Collect$$$$0000000A)
    .ARM.Collect$$$$0000000B                 0x080000f4   Section        8  entry9a.o(.ARM.Collect$$$$0000000B)
    .ARM.Collect$$$$0000000D                 0x080000fc   Section        0  entry10a.o(.ARM.Collect$$$$0000000D)
    .ARM.Collect$$$$0000000F                 0x080000fc   Section        0  entry11a.o(.ARM.Collect$$$$0000000F)
    .ARM.Collect$$$$00002712                 0x080000fc   Section        4  entry2.o(.ARM.Collect$$$$00002712)
    __lit__00000000                          0x080000fc   Data           4  entry2.o(.ARM.Collect$$$$00002712)
    .text                                    0x08000100   Section       36  startup_stm32f103xb.o(.text)
    .text                                    0x08000124   Section        0  llushr.o(.text)
    .text                                    0x08000144   Section        0  memseta.o(.text)
    .text                                    0x08000168   Section        0  strrchr.o(.text)
    .text                                    0x08000188   Section        0  fadd.o(.text)
    .text                                    0x08000238   Section        0  fmul.o(.text)
    .text                                    0x0800029c   Section        0  fdiv.o(.text)
    .text                                    0x08000318   Section        0  dadd.o(.text)
    .text                                    0x08000466   Section        0  dmul.o(.text)
    .text                                    0x0800054a   Section        0  fflti.o(.text)
    .text                                    0x0800055c   Section        0  dflti.o(.text)
    .text                                    0x0800057e   Section        0  ffixi.o(.text)
    .text                                    0x080005b0   Section        0  dfixi.o(.text)
    .text                                    0x080005ee   Section        0  uidiv.o(.text)
    .text                                    0x0800061a   Section        0  uldiv.o(.text)
    .text                                    0x0800067c   Section        0  llshl.o(.text)
    .text                                    0x0800069a   Section        0  llsshr.o(.text)
    .text                                    0x080006be   Section        0  fepilogue.o(.text)
    .text                                    0x080006be   Section        0  iusefp.o(.text)
    .text                                    0x0800072c   Section        0  depilogue.o(.text)
    .text                                    0x080007e6   Section        0  ddiv.o(.text)
    .text                                    0x080008c4   Section        0  dfixul.o(.text)
    .text                                    0x080008f4   Section       48  cdrcmple.o(.text)
    .text                                    0x08000924   Section       36  init.o(.text)
    i.ADC_ConversionStop_Disable             0x08000948   Section        0  stm32f1xx_hal_adc.o(i.ADC_ConversionStop_Disable)
    i.App_Flight_FetchMPUData                0x080009a4   Section        0  app_flight.o(i.App_Flight_FetchMPUData)
    i.App_Flight_MPUCalibrate                0x08000ca0   Section        0  app_flight.o(i.App_Flight_MPUCalibrate)
    i.BusFault_Handler                       0x08000e14   Section        0  stm32f1xx_it.o(i.BusFault_Handler)
    i.Com_Kalman_1                           0x08000e18   Section        0  com_kalman.o(i.Com_Kalman_1)
    i.DebugMon_Handler                       0x08000e70   Section        0  stm32f1xx_it.o(i.DebugMon_Handler)
    i.Error_Handler                          0x08000e72   Section        0  main.o(i.Error_Handler)
    i.HAL_ADC_ConfigChannel                  0x08000e78   Section        0  stm32f1xx_hal_adc.o(i.HAL_ADC_ConfigChannel)
    i.HAL_ADC_Init                           0x08000fd8   Section        0  stm32f1xx_hal_adc.o(i.HAL_ADC_Init)
    i.HAL_ADC_MspInit                        0x0800111c   Section        0  adc.o(i.HAL_ADC_MspInit)
    i.HAL_DMA_Init                           0x080011cc   Section        0  stm32f1xx_hal_dma.o(i.HAL_DMA_Init)
    i.HAL_Delay                              0x08001234   Section        0  stm32f1xx_hal.o(i.HAL_Delay)
    i.HAL_GPIO_Init                          0x0800125c   Section        0  stm32f1xx_hal_gpio.o(i.HAL_GPIO_Init)
    i.HAL_GPIO_WritePin                      0x0800157c   Section        0  stm32f1xx_hal_gpio.o(i.HAL_GPIO_WritePin)
    i.HAL_GetTick                            0x08001588   Section        0  stm32f1xx_hal.o(i.HAL_GetTick)
    i.HAL_I2C_Init                           0x08001594   Section        0  stm32f1xx_hal_i2c.o(i.HAL_I2C_Init)
    i.HAL_I2C_Mem_Read                       0x08001764   Section        0  stm32f1xx_hal_i2c.o(i.HAL_I2C_Mem_Read)
    i.HAL_I2C_Mem_Write                      0x08001ad8   Section        0  stm32f1xx_hal_i2c.o(i.HAL_I2C_Mem_Write)
    i.HAL_I2C_MspInit                        0x08001c3c   Section        0  i2c.o(i.HAL_I2C_MspInit)
    i.HAL_IncTick                            0x08001cb0   Section        0  stm32f1xx_hal.o(i.HAL_IncTick)
    i.HAL_Init                               0x08001cc8   Section        0  stm32f1xx_hal.o(i.HAL_Init)
    i.HAL_InitTick                           0x08001cf0   Section        0  stm32f1xx_hal.o(i.HAL_InitTick)
    i.HAL_MspInit                            0x08001d3c   Section        0  stm32f1xx_hal_msp.o(i.HAL_MspInit)
    i.HAL_NVIC_SetPriority                   0x08001d90   Section        0  stm32f1xx_hal_cortex.o(i.HAL_NVIC_SetPriority)
    i.HAL_NVIC_SetPriorityGrouping           0x08001e0c   Section        0  stm32f1xx_hal_cortex.o(i.HAL_NVIC_SetPriorityGrouping)
    i.HAL_RCCEx_PeriphCLKConfig              0x08001e34   Section        0  stm32f1xx_hal_rcc_ex.o(i.HAL_RCCEx_PeriphCLKConfig)
    i.HAL_RCC_ClockConfig                    0x08001f64   Section        0  stm32f1xx_hal_rcc.o(i.HAL_RCC_ClockConfig)
    i.HAL_RCC_GetHCLKFreq                    0x080020f0   Section        0  stm32f1xx_hal_rcc.o(i.HAL_RCC_GetHCLKFreq)
    i.HAL_RCC_GetPCLK1Freq                   0x080020fc   Section        0  stm32f1xx_hal_rcc.o(i.HAL_RCC_GetPCLK1Freq)
    i.HAL_RCC_GetPCLK2Freq                   0x0800211c   Section        0  stm32f1xx_hal_rcc.o(i.HAL_RCC_GetPCLK2Freq)
    i.HAL_RCC_GetSysClockFreq                0x0800213c   Section        0  stm32f1xx_hal_rcc.o(i.HAL_RCC_GetSysClockFreq)
    i.HAL_RCC_OscConfig                      0x080021ac   Section        0  stm32f1xx_hal_rcc.o(i.HAL_RCC_OscConfig)
    i.HAL_SYSTICK_Config                     0x08002610   Section        0  stm32f1xx_hal_cortex.o(i.HAL_SYSTICK_Config)
    i.HAL_TIMEx_ConfigBreakDeadTime          0x08002644   Section        0  stm32f1xx_hal_tim_ex.o(i.HAL_TIMEx_ConfigBreakDeadTime)
    i.HAL_TIMEx_MasterConfigSynchronization  0x080026b8   Section        0  stm32f1xx_hal_tim_ex.o(i.HAL_TIMEx_MasterConfigSynchronization)
    i.HAL_TIM_Base_Init                      0x0800273c   Section        0  stm32f1xx_hal_tim.o(i.HAL_TIM_Base_Init)
    i.HAL_TIM_Base_MspInit                   0x080027a4   Section        0  tim.o(i.HAL_TIM_Base_MspInit)
    i.HAL_TIM_ConfigClockSource              0x080027d4   Section        0  stm32f1xx_hal_tim.o(i.HAL_TIM_ConfigClockSource)
    i.HAL_TIM_MspPostInit                    0x080028e0   Section        0  tim.o(i.HAL_TIM_MspPostInit)
    i.HAL_TIM_PWM_ConfigChannel              0x08002a00   Section        0  stm32f1xx_hal_tim.o(i.HAL_TIM_PWM_ConfigChannel)
    i.HAL_TIM_PWM_Init                       0x08002b04   Section        0  stm32f1xx_hal_tim.o(i.HAL_TIM_PWM_Init)
    i.HAL_TIM_PWM_MspInit                    0x08002b6c   Section        0  tim.o(i.HAL_TIM_PWM_MspInit)
    i.HAL_TIM_PWM_Start                      0x08002be8   Section        0  stm32f1xx_hal_tim.o(i.HAL_TIM_PWM_Start)
    i.HAL_UART_Init                          0x08002cbc   Section        0  stm32f1xx_hal_uart.o(i.HAL_UART_Init)
    i.HAL_UART_MspInit                       0x08002d34   Section        0  usart.o(i.HAL_UART_MspInit)
    i.HAL_UART_Transmit                      0x08002db8   Section        0  stm32f1xx_hal_uart.o(i.HAL_UART_Transmit)
    i.HardFault_Handler                      0x08002e76   Section        0  stm32f1xx_it.o(i.HardFault_Handler)
    i.I2C_IsAcknowledgeFailed                0x08002e7a   Section        0  stm32f1xx_hal_i2c.o(i.I2C_IsAcknowledgeFailed)
    I2C_IsAcknowledgeFailed                  0x08002e7b   Thumb Code    62  stm32f1xx_hal_i2c.o(i.I2C_IsAcknowledgeFailed)
    i.I2C_RequestMemoryRead                  0x08002eb8   Section        0  stm32f1xx_hal_i2c.o(i.I2C_RequestMemoryRead)
    I2C_RequestMemoryRead                    0x08002eb9   Thumb Code   348  stm32f1xx_hal_i2c.o(i.I2C_RequestMemoryRead)
    i.I2C_RequestMemoryWrite                 0x08003018   Section        0  stm32f1xx_hal_i2c.o(i.I2C_RequestMemoryWrite)
    I2C_RequestMemoryWrite                   0x08003019   Thumb Code   220  stm32f1xx_hal_i2c.o(i.I2C_RequestMemoryWrite)
    i.I2C_WaitOnBTFFlagUntilTimeout          0x080030f8   Section        0  stm32f1xx_hal_i2c.o(i.I2C_WaitOnBTFFlagUntilTimeout)
    I2C_WaitOnBTFFlagUntilTimeout            0x080030f9   Thumb Code   102  stm32f1xx_hal_i2c.o(i.I2C_WaitOnBTFFlagUntilTimeout)
    i.I2C_WaitOnFlagUntilTimeout             0x0800315e   Section        0  stm32f1xx_hal_i2c.o(i.I2C_WaitOnFlagUntilTimeout)
    I2C_WaitOnFlagUntilTimeout               0x0800315f   Thumb Code   190  stm32f1xx_hal_i2c.o(i.I2C_WaitOnFlagUntilTimeout)
    i.I2C_WaitOnMasterAddressFlagUntilTimeout 0x0800321c   Section        0  stm32f1xx_hal_i2c.o(i.I2C_WaitOnMasterAddressFlagUntilTimeout)
    I2C_WaitOnMasterAddressFlagUntilTimeout  0x0800321d   Thumb Code   250  stm32f1xx_hal_i2c.o(i.I2C_WaitOnMasterAddressFlagUntilTimeout)
    i.I2C_WaitOnRXNEFlagUntilTimeout         0x08003316   Section        0  stm32f1xx_hal_i2c.o(i.I2C_WaitOnRXNEFlagUntilTimeout)
    I2C_WaitOnRXNEFlagUntilTimeout           0x08003317   Thumb Code   138  stm32f1xx_hal_i2c.o(i.I2C_WaitOnRXNEFlagUntilTimeout)
    i.I2C_WaitOnTXEFlagUntilTimeout          0x080033a0   Section        0  stm32f1xx_hal_i2c.o(i.I2C_WaitOnTXEFlagUntilTimeout)
    I2C_WaitOnTXEFlagUntilTimeout            0x080033a1   Thumb Code   102  stm32f1xx_hal_i2c.o(i.I2C_WaitOnTXEFlagUntilTimeout)
    i.Int_MPU6050_Init                       0x08003408   Section        0  int_mpu6050.o(i.Int_MPU6050_Init)
    i.Int_MPU6050_ReadAccel                  0x08003568   Section        0  int_mpu6050.o(i.Int_MPU6050_ReadAccel)
    i.Int_MPU6050_ReadByte                   0x080035ac   Section        0  int_mpu6050.o(i.Int_MPU6050_ReadByte)
    i.Int_MPU6050_ReadBytes                  0x080035d0   Section        0  int_mpu6050.o(i.Int_MPU6050_ReadBytes)
    i.Int_MPU6050_ReadGyro                   0x080035f4   Section        0  int_mpu6050.o(i.Int_MPU6050_ReadGyro)
    i.Int_MPU6050_SendByte                   0x08003638   Section        0  int_mpu6050.o(i.Int_MPU6050_SendByte)
    i.Int_MPU6050_SetDLPF                    0x08003700   Section        0  int_mpu6050.o(i.Int_MPU6050_SetDLPF)
    Int_MPU6050_SetDLPF                      0x08003701   Thumb Code    60  int_mpu6050.o(i.Int_MPU6050_SetDLPF)
    i.Int_MPU6050_SetSampleRate              0x0800373c   Section        0  int_mpu6050.o(i.Int_MPU6050_SetSampleRate)
    i.MX_ADC1_Init                           0x08003778   Section        0  adc.o(i.MX_ADC1_Init)
    i.MX_DMA_Init                            0x080037d8   Section        0  dma.o(i.MX_DMA_Init)
    i.MX_GPIO_Init                           0x080037fc   Section        0  gpio.o(i.MX_GPIO_Init)
    i.MX_I2C1_Init                           0x080038b8   Section        0  i2c.o(i.MX_I2C1_Init)
    i.MX_TIM1_Init                           0x080038f4   Section        0  tim.o(i.MX_TIM1_Init)
    i.MX_TIM2_Init                           0x080039cc   Section        0  tim.o(i.MX_TIM2_Init)
    i.MX_TIM3_Init                           0x08003a44   Section        0  tim.o(i.MX_TIM3_Init)
    i.MX_TIM4_Init                           0x08003ac0   Section        0  tim.o(i.MX_TIM4_Init)
    i.MX_USART2_UART_Init                    0x08003b3c   Section        0  usart.o(i.MX_USART2_UART_Init)
    i.MemManage_Handler                      0x08003b74   Section        0  stm32f1xx_it.o(i.MemManage_Handler)
    i.NMI_Handler                            0x08003b78   Section        0  stm32f1xx_it.o(i.NMI_Handler)
    i.PendSV_Handler                         0x08003b7c   Section        0  stm32f1xx_it.o(i.PendSV_Handler)
    i.RCC_Delay                              0x08003b80   Section        0  stm32f1xx_hal_rcc.o(i.RCC_Delay)
    RCC_Delay                                0x08003b81   Thumb Code    36  stm32f1xx_hal_rcc.o(i.RCC_Delay)
    i.SVC_Handler                            0x08003ba8   Section        0  stm32f1xx_it.o(i.SVC_Handler)
    i.SysTick_Handler                        0x08003baa   Section        0  stm32f1xx_it.o(i.SysTick_Handler)
    i.SystemClock_Config                     0x08003bb2   Section        0  main.o(i.SystemClock_Config)
    i.SystemInit                             0x08003c36   Section        0  system_stm32f1xx.o(i.SystemInit)
    i.TIM_Base_SetConfig                     0x08003c38   Section        0  stm32f1xx_hal_tim.o(i.TIM_Base_SetConfig)
    i.TIM_CCxChannelCmd                      0x08003cbc   Section        0  stm32f1xx_hal_tim.o(i.TIM_CCxChannelCmd)
    i.TIM_ETR_SetConfig                      0x08003cde   Section        0  stm32f1xx_hal_tim.o(i.TIM_ETR_SetConfig)
    i.TIM_ITRx_SetConfig                     0x08003cf4   Section        0  stm32f1xx_hal_tim.o(i.TIM_ITRx_SetConfig)
    TIM_ITRx_SetConfig                       0x08003cf5   Thumb Code    18  stm32f1xx_hal_tim.o(i.TIM_ITRx_SetConfig)
    i.TIM_OC1_SetConfig                      0x08003d08   Section        0  stm32f1xx_hal_tim.o(i.TIM_OC1_SetConfig)
    TIM_OC1_SetConfig                        0x08003d09   Thumb Code    90  stm32f1xx_hal_tim.o(i.TIM_OC1_SetConfig)
    i.TIM_OC2_SetConfig                      0x08003d68   Section        0  stm32f1xx_hal_tim.o(i.TIM_OC2_SetConfig)
    i.TIM_OC3_SetConfig                      0x08003dd0   Section        0  stm32f1xx_hal_tim.o(i.TIM_OC3_SetConfig)
    TIM_OC3_SetConfig                        0x08003dd1   Thumb Code    98  stm32f1xx_hal_tim.o(i.TIM_OC3_SetConfig)
    i.TIM_OC4_SetConfig                      0x08003e38   Section        0  stm32f1xx_hal_tim.o(i.TIM_OC4_SetConfig)
    TIM_OC4_SetConfig                        0x08003e39   Thumb Code    68  stm32f1xx_hal_tim.o(i.TIM_OC4_SetConfig)
    i.TIM_TI1_ConfigInputStage               0x08003e80   Section        0  stm32f1xx_hal_tim.o(i.TIM_TI1_ConfigInputStage)
    TIM_TI1_ConfigInputStage                 0x08003e81   Thumb Code    38  stm32f1xx_hal_tim.o(i.TIM_TI1_ConfigInputStage)
    i.TIM_TI2_ConfigInputStage               0x08003ea6   Section        0  stm32f1xx_hal_tim.o(i.TIM_TI2_ConfigInputStage)
    TIM_TI2_ConfigInputStage                 0x08003ea7   Thumb Code    40  stm32f1xx_hal_tim.o(i.TIM_TI2_ConfigInputStage)
    i.UART_EndRxTransfer                     0x08003ece   Section        0  stm32f1xx_hal_uart.o(i.UART_EndRxTransfer)
    UART_EndRxTransfer                       0x08003ecf   Thumb Code   108  stm32f1xx_hal_uart.o(i.UART_EndRxTransfer)
    i.UART_SetConfig                         0x08003f3c   Section        0  stm32f1xx_hal_uart.o(i.UART_SetConfig)
    UART_SetConfig                           0x08003f3d   Thumb Code   248  stm32f1xx_hal_uart.o(i.UART_SetConfig)
    i.UART_WaitOnFlagUntilTimeout            0x08004038   Section        0  stm32f1xx_hal_uart.o(i.UART_WaitOnFlagUntilTimeout)
    UART_WaitOnFlagUntilTimeout              0x08004039   Thumb Code   140  stm32f1xx_hal_uart.o(i.UART_WaitOnFlagUntilTimeout)
    i.UsageFault_Handler                     0x080040c4   Section        0  stm32f1xx_it.o(i.UsageFault_Handler)
    i.__0printf                              0x080040c8   Section        0  printfa.o(i.__0printf)
    i.__NVIC_GetPriorityGrouping             0x080040e8   Section        0  stm32f1xx_hal_cortex.o(i.__NVIC_GetPriorityGrouping)
    __NVIC_GetPriorityGrouping               0x080040e9   Thumb Code    10  stm32f1xx_hal_cortex.o(i.__NVIC_GetPriorityGrouping)
    i.__NVIC_SetPriority                     0x080040f8   Section        0  stm32f1xx_hal_cortex.o(i.__NVIC_SetPriority)
    __NVIC_SetPriority                       0x080040f9   Thumb Code    32  stm32f1xx_hal_cortex.o(i.__NVIC_SetPriority)
    i.__scatterload_copy                     0x08004120   Section       14  handlers.o(i.__scatterload_copy)
    i.__scatterload_null                     0x0800412e   Section        2  handlers.o(i.__scatterload_null)
    i.__scatterload_zeroinit                 0x08004130   Section       14  handlers.o(i.__scatterload_zeroinit)
    i._fp_digits                             0x08004140   Section        0  printfa.o(i._fp_digits)
    _fp_digits                               0x08004141   Thumb Code   366  printfa.o(i._fp_digits)
    i._printf_core                           0x080042c4   Section        0  printfa.o(i._printf_core)
    _printf_core                             0x080042c5   Thumb Code  1744  printfa.o(i._printf_core)
    i._printf_post_padding                   0x080049a0   Section        0  printfa.o(i._printf_post_padding)
    _printf_post_padding                     0x080049a1   Thumb Code    36  printfa.o(i._printf_post_padding)
    i._printf_pre_padding                    0x080049c4   Section        0  printfa.o(i._printf_pre_padding)
    _printf_pre_padding                      0x080049c5   Thumb Code    46  printfa.o(i._printf_pre_padding)
    i.fputc                                  0x080049f4   Section        0  usart.o(i.fputc)
    i.main                                   0x08004a0c   Section        0  main.o(i.main)
    .constdata                               0x08004a88   Section       18  stm32f1xx_hal_rcc.o(.constdata)
    aPLLMULFactorTable                       0x08004a88   Data          16  stm32f1xx_hal_rcc.o(.constdata)
    aPredivFactorTable                       0x08004a98   Data           2  stm32f1xx_hal_rcc.o(.constdata)
    .constdata                               0x08004a9a   Section       24  system_stm32f1xx.o(.constdata)
    .conststring                             0x08004ab4   Section      135  app_flight.o(.conststring)
    .data                                    0x20000000   Section        9  stm32f1xx_hal.o(.data)
    .data                                    0x2000000c   Section        4  system_stm32f1xx.o(.data)
    .data                                    0x20000010   Section       20  app_flight.o(.data)
    batteryVoltage                           0x20000010   Data           4  app_flight.o(.data)
    lastGyro                                 0x20000018   Data           6  app_flight.o(.data)
    lastTick                                 0x20000020   Data           4  app_flight.o(.data)
    .data                                    0x20000024   Section       72  com_kalman.o(.data)
    .data                                    0x2000006c   Section        4  stdout.o(.data)
    .bss                                     0x20000070   Section      116  adc.o(.bss)
    .bss                                     0x200000e4   Section       84  i2c.o(.bss)
    .bss                                     0x20000138   Section      288  tim.o(.bss)
    .bss                                     0x20000258   Section       72  usart.o(.bss)
    .bss                                     0x200002a0   Section       24  app_flight.o(.bss)
    mpu6050                                  0x200002a0   Data          12  app_flight.o(.bss)
    mpuCalibrationOffset                     0x200002ac   Data          12  app_flight.o(.bss)
    STACK                                    0x200002b8   Section     1024  startup_stm32f103xb.o(STACK)

    Global Symbols

    Symbol Name                              Value     Ov Type        Size  Object(Section)

    BuildAttributes$$THM_ISAv4$P$D$K$B$S$PE$A:L22UL41UL21$X:L11$S22US41US21$IEEE1$IW$USESV6$~STKCKD$USESV7$~SHL$OTIME$ROPI$EBA8$MICROLIB$REQ8$PRES8$EABIv2 0x00000000   Number         0  anon$$obj.o ABSOLUTE
    __ARM_use_no_argv                        0x00000000   Number         0  main.o ABSOLUTE
    _printf_a                                0x00000000   Number         0  stubs.o ABSOLUTE
    _printf_c                                0x00000000   Number         0  stubs.o ABSOLUTE
    _printf_charcount                        0x00000000   Number         0  stubs.o ABSOLUTE
    _printf_d                                0x00000000   Number         0  stubs.o ABSOLUTE
    _printf_e                                0x00000000   Number         0  stubs.o ABSOLUTE
    _printf_f                                0x00000000   Number         0  stubs.o ABSOLUTE
    _printf_flags                            0x00000000   Number         0  stubs.o ABSOLUTE
    _printf_fp_dec                           0x00000000   Number         0  stubs.o ABSOLUTE
    _printf_fp_hex                           0x00000000   Number         0  stubs.o ABSOLUTE
    _printf_g                                0x00000000   Number         0  stubs.o ABSOLUTE
    _printf_i                                0x00000000   Number         0  stubs.o ABSOLUTE
    _printf_int_dec                          0x00000000   Number         0  stubs.o ABSOLUTE
    _printf_l                                0x00000000   Number         0  stubs.o ABSOLUTE
    _printf_lc                               0x00000000   Number         0  stubs.o ABSOLUTE
    _printf_ll                               0x00000000   Number         0  stubs.o ABSOLUTE
    _printf_lld                              0x00000000   Number         0  stubs.o ABSOLUTE
    _printf_lli                              0x00000000   Number         0  stubs.o ABSOLUTE
    _printf_llo                              0x00000000   Number         0  stubs.o ABSOLUTE
    _printf_llu                              0x00000000   Number         0  stubs.o ABSOLUTE
    _printf_llx                              0x00000000   Number         0  stubs.o ABSOLUTE
    _printf_longlong_dec                     0x00000000   Number         0  stubs.o ABSOLUTE
    _printf_longlong_hex                     0x00000000   Number         0  stubs.o ABSOLUTE
    _printf_longlong_oct                     0x00000000   Number         0  stubs.o ABSOLUTE
    _printf_ls                               0x00000000   Number         0  stubs.o ABSOLUTE
    _printf_mbtowc                           0x00000000   Number         0  stubs.o ABSOLUTE
    _printf_n                                0x00000000   Number         0  stubs.o ABSOLUTE
    _printf_o                                0x00000000   Number         0  stubs.o ABSOLUTE
    _printf_p                                0x00000000   Number         0  stubs.o ABSOLUTE
    _printf_percent                          0x00000000   Number         0  stubs.o ABSOLUTE
    _printf_pre_padding                      0x00000000   Number         0  stubs.o ABSOLUTE
    _printf_return_value                     0x00000000   Number         0  stubs.o ABSOLUTE
    _printf_s                                0x00000000   Number         0  stubs.o ABSOLUTE
    _printf_sizespec                         0x00000000   Number         0  stubs.o ABSOLUTE
    _printf_str                              0x00000000   Number         0  stubs.o ABSOLUTE
    _printf_truncate_signed                  0x00000000   Number         0  stubs.o ABSOLUTE
    _printf_truncate_unsigned                0x00000000   Number         0  stubs.o ABSOLUTE
    _printf_u                                0x00000000   Number         0  stubs.o ABSOLUTE
    _printf_wc                               0x00000000   Number         0  stubs.o ABSOLUTE
    _printf_wctomb                           0x00000000   Number         0  stubs.o ABSOLUTE
    _printf_widthprec                        0x00000000   Number         0  stubs.o ABSOLUTE
    _printf_x                                0x00000000   Number         0  stubs.o ABSOLUTE
    __cpp_initialize__aeabi_                  - Undefined Weak Reference
    __cxa_finalize                            - Undefined Weak Reference
    __decompress                              - Undefined Weak Reference
    _clock_init                               - Undefined Weak Reference
    _microlib_exit                            - Undefined Weak Reference
    __Vectors_Size                           0x000000ec   Number         0  startup_stm32f103xb.o ABSOLUTE
    __Vectors                                0x08000000   Data           4  startup_stm32f103xb.o(RESET)
    __Vectors_End                            0x080000ec   Data           0  startup_stm32f103xb.o(RESET)
    __main                                   0x080000ed   Thumb Code     0  entry.o(.ARM.Collect$$$$00000000)
    _main_stk                                0x080000ed   Thumb Code     0  entry2.o(.ARM.Collect$$$$00000001)
    _main_scatterload                        0x080000f1   Thumb Code     0  entry5.o(.ARM.Collect$$$$00000004)
    __main_after_scatterload                 0x080000f5   Thumb Code     0  entry5.o(.ARM.Collect$$$$00000004)
    _main_clock                              0x080000f5   Thumb Code     0  entry7b.o(.ARM.Collect$$$$00000008)
    _main_cpp_init                           0x080000f5   Thumb Code     0  entry8b.o(.ARM.Collect$$$$0000000A)
    _main_init                               0x080000f5   Thumb Code     0  entry9a.o(.ARM.Collect$$$$0000000B)
    __rt_final_cpp                           0x080000fd   Thumb Code     0  entry10a.o(.ARM.Collect$$$$0000000D)
    __rt_final_exit                          0x080000fd   Thumb Code     0  entry11a.o(.ARM.Collect$$$$0000000F)
    Reset_Handler                            0x08000101   Thumb Code     8  startup_stm32f103xb.o(.text)
    ADC1_2_IRQHandler                        0x0800011b   Thumb Code     0  startup_stm32f103xb.o(.text)
    CAN1_RX1_IRQHandler                      0x0800011b   Thumb Code     0  startup_stm32f103xb.o(.text)
    CAN1_SCE_IRQHandler                      0x0800011b   Thumb Code     0  startup_stm32f103xb.o(.text)
    DMA1_Channel1_IRQHandler                 0x0800011b   Thumb Code     0  startup_stm32f103xb.o(.text)
    DMA1_Channel2_IRQHandler                 0x0800011b   Thumb Code     0  startup_stm32f103xb.o(.text)
    DMA1_Channel3_IRQHandler                 0x0800011b   Thumb Code     0  startup_stm32f103xb.o(.text)
    DMA1_Channel4_IRQHandler                 0x0800011b   Thumb Code     0  startup_stm32f103xb.o(.text)
    DMA1_Channel5_IRQHandler                 0x0800011b   Thumb Code     0  startup_stm32f103xb.o(.text)
    DMA1_Channel6_IRQHandler                 0x0800011b   Thumb Code     0  startup_stm32f103xb.o(.text)
    DMA1_Channel7_IRQHandler                 0x0800011b   Thumb Code     0  startup_stm32f103xb.o(.text)
    EXTI0_IRQHandler                         0x0800011b   Thumb Code     0  startup_stm32f103xb.o(.text)
    EXTI15_10_IRQHandler                     0x0800011b   Thumb Code     0  startup_stm32f103xb.o(.text)
    EXTI1_IRQHandler                         0x0800011b   Thumb Code     0  startup_stm32f103xb.o(.text)
    EXTI2_IRQHandler                         0x0800011b   Thumb Code     0  startup_stm32f103xb.o(.text)
    EXTI3_IRQHandler                         0x0800011b   Thumb Code     0  startup_stm32f103xb.o(.text)
    EXTI4_IRQHandler                         0x0800011b   Thumb Code     0  startup_stm32f103xb.o(.text)
    EXTI9_5_IRQHandler                       0x0800011b   Thumb Code     0  startup_stm32f103xb.o(.text)
    FLASH_IRQHandler                         0x0800011b   Thumb Code     0  startup_stm32f103xb.o(.text)
    I2C1_ER_IRQHandler                       0x0800011b   Thumb Code     0  startup_stm32f103xb.o(.text)
    I2C1_EV_IRQHandler                       0x0800011b   Thumb Code     0  startup_stm32f103xb.o(.text)
    I2C2_ER_IRQHandler                       0x0800011b   Thumb Code     0  startup_stm32f103xb.o(.text)
    I2C2_EV_IRQHandler                       0x0800011b   Thumb Code     0  startup_stm32f103xb.o(.text)
    PVD_IRQHandler                           0x0800011b   Thumb Code     0  startup_stm32f103xb.o(.text)
    RCC_IRQHandler                           0x0800011b   Thumb Code     0  startup_stm32f103xb.o(.text)
    RTC_Alarm_IRQHandler                     0x0800011b   Thumb Code     0  startup_stm32f103xb.o(.text)
    RTC_IRQHandler                           0x0800011b   Thumb Code     0  startup_stm32f103xb.o(.text)
    SPI1_IRQHandler                          0x0800011b   Thumb Code     0  startup_stm32f103xb.o(.text)
    SPI2_IRQHandler                          0x0800011b   Thumb Code     0  startup_stm32f103xb.o(.text)
    TAMPER_IRQHandler                        0x0800011b   Thumb Code     0  startup_stm32f103xb.o(.text)
    TIM1_BRK_IRQHandler                      0x0800011b   Thumb Code     0  startup_stm32f103xb.o(.text)
    TIM1_CC_IRQHandler                       0x0800011b   Thumb Code     0  startup_stm32f103xb.o(.text)
    TIM1_TRG_COM_IRQHandler                  0x0800011b   Thumb Code     0  startup_stm32f103xb.o(.text)
    TIM1_UP_IRQHandler                       0x0800011b   Thumb Code     0  startup_stm32f103xb.o(.text)
    TIM2_IRQHandler                          0x0800011b   Thumb Code     0  startup_stm32f103xb.o(.text)
    TIM3_IRQHandler                          0x0800011b   Thumb Code     0  startup_stm32f103xb.o(.text)
    TIM4_IRQHandler                          0x0800011b   Thumb Code     0  startup_stm32f103xb.o(.text)
    USART1_IRQHandler                        0x0800011b   Thumb Code     0  startup_stm32f103xb.o(.text)
    USART2_IRQHandler                        0x0800011b   Thumb Code     0  startup_stm32f103xb.o(.text)
    USART3_IRQHandler                        0x0800011b   Thumb Code     0  startup_stm32f103xb.o(.text)
    USBWakeUp_IRQHandler                     0x0800011b   Thumb Code     0  startup_stm32f103xb.o(.text)
    USB_HP_CAN1_TX_IRQHandler                0x0800011b   Thumb Code     0  startup_stm32f103xb.o(.text)
    USB_LP_CAN1_RX0_IRQHandler               0x0800011b   Thumb Code     0  startup_stm32f103xb.o(.text)
    WWDG_IRQHandler                          0x0800011b   Thumb Code     0  startup_stm32f103xb.o(.text)
    __aeabi_llsr                             0x08000125   Thumb Code    32  llushr.o(.text)
    _ll_ushift_r                             0x08000125   Thumb Code     0  llushr.o(.text)
    __aeabi_memset                           0x08000145   Thumb Code    14  memseta.o(.text)
    __aeabi_memset4                          0x08000145   Thumb Code     0  memseta.o(.text)
    __aeabi_memset8                          0x08000145   Thumb Code     0  memseta.o(.text)
    __aeabi_memclr                           0x08000153   Thumb Code     4  memseta.o(.text)
    __aeabi_memclr4                          0x08000153   Thumb Code     0  memseta.o(.text)
    __aeabi_memclr8                          0x08000153   Thumb Code     0  memseta.o(.text)
    _memset$wrapper                          0x08000157   Thumb Code    18  memseta.o(.text)
    strrchr                                  0x08000169   Thumb Code    32  strrchr.o(.text)
    __aeabi_fadd                             0x08000189   Thumb Code   164  fadd.o(.text)
    __aeabi_fsub                             0x0800022d   Thumb Code     6  fadd.o(.text)
    __aeabi_frsub                            0x08000233   Thumb Code     6  fadd.o(.text)
    __aeabi_fmul                             0x08000239   Thumb Code   100  fmul.o(.text)
    __aeabi_fdiv                             0x0800029d   Thumb Code   124  fdiv.o(.text)
    __aeabi_dadd                             0x08000319   Thumb Code   322  dadd.o(.text)
    __aeabi_dsub                             0x0800045b   Thumb Code     6  dadd.o(.text)
    __aeabi_drsub                            0x08000461   Thumb Code     6  dadd.o(.text)
    __aeabi_dmul                             0x08000467   Thumb Code   228  dmul.o(.text)
    __aeabi_i2f                              0x0800054b   Thumb Code    18  fflti.o(.text)
    __aeabi_i2d                              0x0800055d   Thumb Code    34  dflti.o(.text)
    __aeabi_f2iz                             0x0800057f   Thumb Code    50  ffixi.o(.text)
    __aeabi_d2iz                             0x080005b1   Thumb Code    62  dfixi.o(.text)
    __aeabi_uidiv                            0x080005ef   Thumb Code     0  uidiv.o(.text)
    __aeabi_uidivmod                         0x080005ef   Thumb Code    44  uidiv.o(.text)
    __aeabi_uldivmod                         0x0800061b   Thumb Code    98  uldiv.o(.text)
    __aeabi_llsl                             0x0800067d   Thumb Code    30  llshl.o(.text)
    _ll_shift_l                              0x0800067d   Thumb Code     0  llshl.o(.text)
    __aeabi_lasr                             0x0800069b   Thumb Code    36  llsshr.o(.text)
    _ll_sshift_r                             0x0800069b   Thumb Code     0  llsshr.o(.text)
    __I$use$fp                               0x080006bf   Thumb Code     0  iusefp.o(.text)
    _float_round                             0x080006bf   Thumb Code    18  fepilogue.o(.text)
    _float_epilogue                          0x080006d1   Thumb Code    92  fepilogue.o(.text)
    _double_round                            0x0800072d   Thumb Code    30  depilogue.o(.text)
    _double_epilogue                         0x0800074b   Thumb Code   156  depilogue.o(.text)
    __aeabi_ddiv                             0x080007e7   Thumb Code   222  ddiv.o(.text)
    __aeabi_d2ulz                            0x080008c5   Thumb Code    48  dfixul.o(.text)
    __aeabi_cdrcmple                         0x080008f5   Thumb Code    48  cdrcmple.o(.text)
    __scatterload                            0x08000925   Thumb Code    28  init.o(.text)
    __scatterload_rt2                        0x08000925   Thumb Code     0  init.o(.text)
    ADC_ConversionStop_Disable               0x08000949   Thumb Code    92  stm32f1xx_hal_adc.o(i.ADC_ConversionStop_Disable)
    App_Flight_FetchMPUData                  0x080009a5   Thumb Code   680  app_flight.o(i.App_Flight_FetchMPUData)
    App_Flight_MPUCalibrate                  0x08000ca1   Thumb Code   362  app_flight.o(i.App_Flight_MPUCalibrate)
    BusFault_Handler                         0x08000e15   Thumb Code     4  stm32f1xx_it.o(i.BusFault_Handler)
    Com_Kalman_1                             0x08000e19   Thumb Code    88  com_kalman.o(i.Com_Kalman_1)
    DebugMon_Handler                         0x08000e71   Thumb Code     2  stm32f1xx_it.o(i.DebugMon_Handler)
    Error_Handler                            0x08000e73   Thumb Code     6  main.o(i.Error_Handler)
    HAL_ADC_ConfigChannel                    0x08000e79   Thumb Code   338  stm32f1xx_hal_adc.o(i.HAL_ADC_ConfigChannel)
    HAL_ADC_Init                             0x08000fd9   Thumb Code   314  stm32f1xx_hal_adc.o(i.HAL_ADC_Init)
    HAL_ADC_MspInit                          0x0800111d   Thumb Code   154  adc.o(i.HAL_ADC_MspInit)
    HAL_DMA_Init                             0x080011cd   Thumb Code   100  stm32f1xx_hal_dma.o(i.HAL_DMA_Init)
    HAL_Delay                                0x08001235   Thumb Code    36  stm32f1xx_hal.o(i.HAL_Delay)
    HAL_GPIO_Init                            0x0800125d   Thumb Code   766  stm32f1xx_hal_gpio.o(i.HAL_GPIO_Init)
    HAL_GPIO_WritePin                        0x0800157d   Thumb Code    12  stm32f1xx_hal_gpio.o(i.HAL_GPIO_WritePin)
    HAL_GetTick                              0x08001589   Thumb Code     6  stm32f1xx_hal.o(i.HAL_GetTick)
    HAL_I2C_Init                             0x08001595   Thumb Code   446  stm32f1xx_hal_i2c.o(i.HAL_I2C_Init)
    HAL_I2C_Mem_Read                         0x08001765   Thumb Code   868  stm32f1xx_hal_i2c.o(i.HAL_I2C_Mem_Read)
    HAL_I2C_Mem_Write                        0x08001ad9   Thumb Code   348  stm32f1xx_hal_i2c.o(i.HAL_I2C_Mem_Write)
    HAL_I2C_MspInit                          0x08001c3d   Thumb Code   104  i2c.o(i.HAL_I2C_MspInit)
    HAL_IncTick                              0x08001cb1   Thumb Code    16  stm32f1xx_hal.o(i.HAL_IncTick)
    HAL_Init                                 0x08001cc9   Thumb Code    34  stm32f1xx_hal.o(i.HAL_Init)
    HAL_InitTick                             0x08001cf1   Thumb Code    64  stm32f1xx_hal.o(i.HAL_InitTick)
    HAL_MspInit                              0x08001d3d   Thumb Code    76  stm32f1xx_hal_msp.o(i.HAL_MspInit)
    HAL_NVIC_SetPriority                     0x08001d91   Thumb Code   124  stm32f1xx_hal_cortex.o(i.HAL_NVIC_SetPriority)
    HAL_NVIC_SetPriorityGrouping             0x08001e0d   Thumb Code    32  stm32f1xx_hal_cortex.o(i.HAL_NVIC_SetPriorityGrouping)
    HAL_RCCEx_PeriphCLKConfig                0x08001e35   Thumb Code   290  stm32f1xx_hal_rcc_ex.o(i.HAL_RCCEx_PeriphCLKConfig)
    HAL_RCC_ClockConfig                      0x08001f65   Thumb Code   376  stm32f1xx_hal_rcc.o(i.HAL_RCC_ClockConfig)
    HAL_RCC_GetHCLKFreq                      0x080020f1   Thumb Code     6  stm32f1xx_hal_rcc.o(i.HAL_RCC_GetHCLKFreq)
    HAL_RCC_GetPCLK1Freq                     0x080020fd   Thumb Code    22  stm32f1xx_hal_rcc.o(i.HAL_RCC_GetPCLK1Freq)
    HAL_RCC_GetPCLK2Freq                     0x0800211d   Thumb Code    22  stm32f1xx_hal_rcc.o(i.HAL_RCC_GetPCLK2Freq)
    HAL_RCC_GetSysClockFreq                  0x0800213d   Thumb Code    92  stm32f1xx_hal_rcc.o(i.HAL_RCC_GetSysClockFreq)
    HAL_RCC_OscConfig                        0x080021ad   Thumb Code  1114  stm32f1xx_hal_rcc.o(i.HAL_RCC_OscConfig)
    HAL_SYSTICK_Config                       0x08002611   Thumb Code    52  stm32f1xx_hal_cortex.o(i.HAL_SYSTICK_Config)
    HAL_TIMEx_ConfigBreakDeadTime            0x08002645   Thumb Code   116  stm32f1xx_hal_tim_ex.o(i.HAL_TIMEx_ConfigBreakDeadTime)
    HAL_TIMEx_MasterConfigSynchronization    0x080026b9   Thumb Code   118  stm32f1xx_hal_tim_ex.o(i.HAL_TIMEx_MasterConfigSynchronization)
    HAL_TIM_Base_Init                        0x0800273d   Thumb Code   102  stm32f1xx_hal_tim.o(i.HAL_TIM_Base_Init)
    HAL_TIM_Base_MspInit                     0x080027a5   Thumb Code    40  tim.o(i.HAL_TIM_Base_MspInit)
    HAL_TIM_ConfigClockSource                0x080027d5   Thumb Code   268  stm32f1xx_hal_tim.o(i.HAL_TIM_ConfigClockSource)
    HAL_TIM_MspPostInit                      0x080028e1   Thumb Code   260  tim.o(i.HAL_TIM_MspPostInit)
    HAL_TIM_PWM_ConfigChannel                0x08002a01   Thumb Code   260  stm32f1xx_hal_tim.o(i.HAL_TIM_PWM_ConfigChannel)
    HAL_TIM_PWM_Init                         0x08002b05   Thumb Code   102  stm32f1xx_hal_tim.o(i.HAL_TIM_PWM_Init)
    HAL_TIM_PWM_MspInit                      0x08002b6d   Thumb Code   112  tim.o(i.HAL_TIM_PWM_MspInit)
    HAL_TIM_PWM_Start                        0x08002be9   Thumb Code   198  stm32f1xx_hal_tim.o(i.HAL_TIM_PWM_Start)
    HAL_UART_Init                            0x08002cbd   Thumb Code   118  stm32f1xx_hal_uart.o(i.HAL_UART_Init)
    HAL_UART_MspInit                         0x08002d35   Thumb Code   120  usart.o(i.HAL_UART_MspInit)
    HAL_UART_Transmit                        0x08002db9   Thumb Code   190  stm32f1xx_hal_uart.o(i.HAL_UART_Transmit)
    HardFault_Handler                        0x08002e77   Thumb Code     4  stm32f1xx_it.o(i.HardFault_Handler)
    Int_MPU6050_Init                         0x08003409   Thumb Code   210  int_mpu6050.o(i.Int_MPU6050_Init)
    Int_MPU6050_ReadAccel                    0x08003569   Thumb Code    68  int_mpu6050.o(i.Int_MPU6050_ReadAccel)
    Int_MPU6050_ReadByte                     0x080035ad   Thumb Code    32  int_mpu6050.o(i.Int_MPU6050_ReadByte)
    Int_MPU6050_ReadBytes                    0x080035d1   Thumb Code    32  int_mpu6050.o(i.Int_MPU6050_ReadBytes)
    Int_MPU6050_ReadGyro                     0x080035f5   Thumb Code    68  int_mpu6050.o(i.Int_MPU6050_ReadGyro)
    Int_MPU6050_SendByte                     0x08003639   Thumb Code    94  int_mpu6050.o(i.Int_MPU6050_SendByte)
    Int_MPU6050_SetSampleRate                0x0800373d   Thumb Code    58  int_mpu6050.o(i.Int_MPU6050_SetSampleRate)
    MX_ADC1_Init                             0x08003779   Thumb Code    86  adc.o(i.MX_ADC1_Init)
    MX_DMA_Init                              0x080037d9   Thumb Code    32  dma.o(i.MX_DMA_Init)
    MX_GPIO_Init                             0x080037fd   Thumb Code   174  gpio.o(i.MX_GPIO_Init)
    MX_I2C1_Init                             0x080038b9   Thumb Code    48  i2c.o(i.MX_I2C1_Init)
    MX_TIM1_Init                             0x080038f5   Thumb Code   206  tim.o(i.MX_TIM1_Init)
    MX_TIM2_Init                             0x080039cd   Thumb Code   116  tim.o(i.MX_TIM2_Init)
    MX_TIM3_Init                             0x08003a45   Thumb Code   114  tim.o(i.MX_TIM3_Init)
    MX_TIM4_Init                             0x08003ac1   Thumb Code   114  tim.o(i.MX_TIM4_Init)
    MX_USART2_UART_Init                      0x08003b3d   Thumb Code    46  usart.o(i.MX_USART2_UART_Init)
    MemManage_Handler                        0x08003b75   Thumb Code     4  stm32f1xx_it.o(i.MemManage_Handler)
    NMI_Handler                              0x08003b79   Thumb Code     4  stm32f1xx_it.o(i.NMI_Handler)
    PendSV_Handler                           0x08003b7d   Thumb Code     2  stm32f1xx_it.o(i.PendSV_Handler)
    SVC_Handler                              0x08003ba9   Thumb Code     2  stm32f1xx_it.o(i.SVC_Handler)
    SysTick_Handler                          0x08003bab   Thumb Code     8  stm32f1xx_it.o(i.SysTick_Handler)
    SystemClock_Config                       0x08003bb3   Thumb Code   132  main.o(i.SystemClock_Config)
    SystemInit                               0x08003c37   Thumb Code     2  system_stm32f1xx.o(i.SystemInit)
    TIM_Base_SetConfig                       0x08003c39   Thumb Code   120  stm32f1xx_hal_tim.o(i.TIM_Base_SetConfig)
    TIM_CCxChannelCmd                        0x08003cbd   Thumb Code    34  stm32f1xx_hal_tim.o(i.TIM_CCxChannelCmd)
    TIM_ETR_SetConfig                        0x08003cdf   Thumb Code    22  stm32f1xx_hal_tim.o(i.TIM_ETR_SetConfig)
    TIM_OC2_SetConfig                        0x08003d69   Thumb Code   100  stm32f1xx_hal_tim.o(i.TIM_OC2_SetConfig)
    UsageFault_Handler                       0x080040c5   Thumb Code     4  stm32f1xx_it.o(i.UsageFault_Handler)
    __0printf                                0x080040c9   Thumb Code    22  printfa.o(i.__0printf)
    __1printf                                0x080040c9   Thumb Code     0  printfa.o(i.__0printf)
    __2printf                                0x080040c9   Thumb Code     0  printfa.o(i.__0printf)
    __c89printf                              0x080040c9   Thumb Code     0  printfa.o(i.__0printf)
    printf                                   0x080040c9   Thumb Code     0  printfa.o(i.__0printf)
    __scatterload_copy                       0x08004121   Thumb Code    14  handlers.o(i.__scatterload_copy)
    __scatterload_null                       0x0800412f   Thumb Code     2  handlers.o(i.__scatterload_null)
    __scatterload_zeroinit                   0x08004131   Thumb Code    14  handlers.o(i.__scatterload_zeroinit)
    fputc                                    0x080049f5   Thumb Code    20  usart.o(i.fputc)
    main                                     0x08004a0d   Thumb Code   104  main.o(i.main)
    AHBPrescTable                            0x08004a9a   Data          16  system_stm32f1xx.o(.constdata)
    APBPrescTable                            0x08004aaa   Data           8  system_stm32f1xx.o(.constdata)
    Region$$Table$$Base                      0x08004b3c   Number         0  anon$$obj.o(Region$$Table)
    Region$$Table$$Limit                     0x08004b5c   Number         0  anon$$obj.o(Region$$Table)
    uwTick                                   0x20000000   Data           4  stm32f1xx_hal.o(.data)
    uwTickPrio                               0x20000004   Data           4  stm32f1xx_hal.o(.data)
    uwTickFreq                               0x20000008   Data           1  stm32f1xx_hal.o(.data)
    SystemCoreClock                          0x2000000c   Data           4  system_stm32f1xx.o(.data)
    ledState                                 0x20000014   Data           4  app_flight.o(.data)
    ekf                                      0x20000024   Data          72  com_kalman.o(.data)
    __stdout                                 0x2000006c   Data           4  stdout.o(.data)
    hadc1                                    0x20000070   Data          48  adc.o(.bss)
    hdma_adc1                                0x200000a0   Data          68  adc.o(.bss)
    hi2c1                                    0x200000e4   Data          84  i2c.o(.bss)
    htim1                                    0x20000138   Data          72  tim.o(.bss)
    htim2                                    0x20000180   Data          72  tim.o(.bss)
    htim3                                    0x200001c8   Data          72  tim.o(.bss)
    htim4                                    0x20000210   Data          72  tim.o(.bss)
    huart2                                   0x20000258   Data          72  usart.o(.bss)
    __initial_sp                             0x200006b8   Data           0  startup_stm32f103xb.o(STACK)



==============================================================================

Memory Map of the image

  Image Entry point : 0x080000ed

  Load Region LR_IROM1 (Base: 0x08000000, Size: 0x00004bcc, Max: 0x00010000, ABSOLUTE)

    Execution Region ER_IROM1 (Exec base: 0x08000000, Load base: 0x08000000, Size: 0x00004b5c, Max: 0x00010000, ABSOLUTE)

    Exec Addr    Load Addr    Size         Type   Attr      Idx    E Section Name        Object

    0x08000000   0x08000000   0x000000ec   Data   RO            3    RESET               startup_stm32f103xb.o
    0x080000ec   0x080000ec   0x00000000   Code   RO         4894  * .ARM.Collect$$$$00000000  mc_w.l(entry.o)
    0x080000ec   0x080000ec   0x00000004   Code   RO         5193    .ARM.Collect$$$$00000001  mc_w.l(entry2.o)
    0x080000f0   0x080000f0   0x00000004   Code   RO         5196    .ARM.Collect$$$$00000004  mc_w.l(entry5.o)
    0x080000f4   0x080000f4   0x00000000   Code   RO         5198    .ARM.Collect$$$$00000008  mc_w.l(entry7b.o)
    0x080000f4   0x080000f4   0x00000000   Code   RO         5200    .ARM.Collect$$$$0000000A  mc_w.l(entry8b.o)
    0x080000f4   0x080000f4   0x00000008   Code   RO         5201    .ARM.Collect$$$$0000000B  mc_w.l(entry9a.o)
    0x080000fc   0x080000fc   0x00000000   Code   RO         5203    .ARM.Collect$$$$0000000D  mc_w.l(entry10a.o)
    0x080000fc   0x080000fc   0x00000000   Code   RO         5205    .ARM.Collect$$$$0000000F  mc_w.l(entry11a.o)
    0x080000fc   0x080000fc   0x00000004   Code   RO         5194    .ARM.Collect$$$$00002712  mc_w.l(entry2.o)
    0x08000100   0x08000100   0x00000024   Code   RO            4    .text               startup_stm32f103xb.o
    0x08000124   0x08000124   0x00000020   Code   RO         4900    .text               mc_w.l(llushr.o)
    0x08000144   0x08000144   0x00000024   Code   RO         4904    .text               mc_w.l(memseta.o)
    0x08000168   0x08000168   0x00000020   Code   RO         4906    .text               mc_w.l(strrchr.o)
    0x08000188   0x08000188   0x000000b0   Code   RO         5171    .text               mf_w.l(fadd.o)
    0x08000238   0x08000238   0x00000064   Code   RO         5173    .text               mf_w.l(fmul.o)
    0x0800029c   0x0800029c   0x0000007c   Code   RO         5175    .text               mf_w.l(fdiv.o)
    0x08000318   0x08000318   0x0000014e   Code   RO         5177    .text               mf_w.l(dadd.o)
    0x08000466   0x08000466   0x000000e4   Code   RO         5179    .text               mf_w.l(dmul.o)
    0x0800054a   0x0800054a   0x00000012   Code   RO         5181    .text               mf_w.l(fflti.o)
    0x0800055c   0x0800055c   0x00000022   Code   RO         5183    .text               mf_w.l(dflti.o)
    0x0800057e   0x0800057e   0x00000032   Code   RO         5185    .text               mf_w.l(ffixi.o)
    0x080005b0   0x080005b0   0x0000003e   Code   RO         5187    .text               mf_w.l(dfixi.o)
    0x080005ee   0x080005ee   0x0000002c   Code   RO         5207    .text               mc_w.l(uidiv.o)
    0x0800061a   0x0800061a   0x00000062   Code   RO         5209    .text               mc_w.l(uldiv.o)
    0x0800067c   0x0800067c   0x0000001e   Code   RO         5211    .text               mc_w.l(llshl.o)
    0x0800069a   0x0800069a   0x00000024   Code   RO         5213    .text               mc_w.l(llsshr.o)
    0x080006be   0x080006be   0x00000000   Code   RO         5215    .text               mc_w.l(iusefp.o)
    0x080006be   0x080006be   0x0000006e   Code   RO         5216    .text               mf_w.l(fepilogue.o)
    0x0800072c   0x0800072c   0x000000ba   Code   RO         5218    .text               mf_w.l(depilogue.o)
    0x080007e6   0x080007e6   0x000000de   Code   RO         5220    .text               mf_w.l(ddiv.o)
    0x080008c4   0x080008c4   0x00000030   Code   RO         5222    .text               mf_w.l(dfixul.o)
    0x080008f4   0x080008f4   0x00000030   Code   RO         5224    .text               mf_w.l(cdrcmple.o)
    0x08000924   0x08000924   0x00000024   Code   RO         5226    .text               mc_w.l(init.o)
    0x08000948   0x08000948   0x0000005c   Code   RO          608    i.ADC_ConversionStop_Disable  stm32f1xx_hal_adc.o
    0x080009a4   0x080009a4   0x000002fc   Code   RO         4744    i.App_Flight_FetchMPUData  app_flight.o
    0x08000ca0   0x08000ca0   0x00000174   Code   RO         4745    i.App_Flight_MPUCalibrate  app_flight.o
    0x08000e14   0x08000e14   0x00000004   Code   RO          446    i.BusFault_Handler  stm32f1xx_it.o
    0x08000e18   0x08000e18   0x00000058   Code   RO         4876    i.Com_Kalman_1      com_kalman.o
    0x08000e70   0x08000e70   0x00000002   Code   RO          447    i.DebugMon_Handler  stm32f1xx_it.o
    0x08000e72   0x08000e72   0x00000006   Code   RO           13    i.Error_Handler     main.o
    0x08000e78   0x08000e78   0x00000160   Code   RO          614    i.HAL_ADC_ConfigChannel  stm32f1xx_hal_adc.o
    0x08000fd8   0x08000fd8   0x00000144   Code   RO          623    i.HAL_ADC_Init      stm32f1xx_hal_adc.o
    0x0800111c   0x0800111c   0x000000b0   Code   RO          213    i.HAL_ADC_MspInit   adc.o
    0x080011cc   0x080011cc   0x00000068   Code   RO         1276    i.HAL_DMA_Init      stm32f1xx_hal_dma.o
    0x08001234   0x08001234   0x00000028   Code   RO          891    i.HAL_Delay         stm32f1xx_hal.o
    0x0800125c   0x0800125c   0x00000320   Code   RO         1206    i.HAL_GPIO_Init     stm32f1xx_hal_gpio.o
    0x0800157c   0x0800157c   0x0000000c   Code   RO         1210    i.HAL_GPIO_WritePin  stm32f1xx_hal_gpio.o
    0x08001588   0x08001588   0x0000000c   Code   RO          895    i.HAL_GetTick       stm32f1xx_hal.o
    0x08001594   0x08001594   0x000001d0   Code   RO         1903    i.HAL_I2C_Init      stm32f1xx_hal_i2c.o
    0x08001764   0x08001764   0x00000374   Code   RO         1921    i.HAL_I2C_Mem_Read  stm32f1xx_hal_i2c.o
    0x08001ad8   0x08001ad8   0x00000164   Code   RO         1924    i.HAL_I2C_Mem_Write  stm32f1xx_hal_i2c.o
    0x08001c3c   0x08001c3c   0x00000074   Code   RO          279    i.HAL_I2C_MspInit   i2c.o
    0x08001cb0   0x08001cb0   0x00000018   Code   RO          901    i.HAL_IncTick       stm32f1xx_hal.o
    0x08001cc8   0x08001cc8   0x00000028   Code   RO          902    i.HAL_Init          stm32f1xx_hal.o
    0x08001cf0   0x08001cf0   0x0000004c   Code   RO          903    i.HAL_InitTick      stm32f1xx_hal.o
    0x08001d3c   0x08001d3c   0x00000054   Code   RO          548    i.HAL_MspInit       stm32f1xx_hal_msp.o
    0x08001d90   0x08001d90   0x0000007c   Code   RO         1372    i.HAL_NVIC_SetPriority  stm32f1xx_hal_cortex.o
    0x08001e0c   0x08001e0c   0x00000028   Code   RO         1373    i.HAL_NVIC_SetPriorityGrouping  stm32f1xx_hal_cortex.o
    0x08001e34   0x08001e34   0x00000130   Code   RO         1168    i.HAL_RCCEx_PeriphCLKConfig  stm32f1xx_hal_rcc_ex.o
    0x08001f64   0x08001f64   0x0000018c   Code   RO         1059    i.HAL_RCC_ClockConfig  stm32f1xx_hal_rcc.o
    0x080020f0   0x080020f0   0x0000000c   Code   RO         1064    i.HAL_RCC_GetHCLKFreq  stm32f1xx_hal_rcc.o
    0x080020fc   0x080020fc   0x00000020   Code   RO         1066    i.HAL_RCC_GetPCLK1Freq  stm32f1xx_hal_rcc.o
    0x0800211c   0x0800211c   0x00000020   Code   RO         1067    i.HAL_RCC_GetPCLK2Freq  stm32f1xx_hal_rcc.o
    0x0800213c   0x0800213c   0x00000070   Code   RO         1068    i.HAL_RCC_GetSysClockFreq  stm32f1xx_hal_rcc.o
    0x080021ac   0x080021ac   0x00000464   Code   RO         1071    i.HAL_RCC_OscConfig  stm32f1xx_hal_rcc.o
    0x08002610   0x08002610   0x00000034   Code   RO         1377    i.HAL_SYSTICK_Config  stm32f1xx_hal_cortex.o
    0x08002644   0x08002644   0x00000074   Code   RO         3089    i.HAL_TIMEx_ConfigBreakDeadTime  stm32f1xx_hal_tim_ex.o
    0x080026b8   0x080026b8   0x00000084   Code   RO         3105    i.HAL_TIMEx_MasterConfigSynchronization  stm32f1xx_hal_tim_ex.o
    0x0800273c   0x0800273c   0x00000066   Code   RO         2371    i.HAL_TIM_Base_Init  stm32f1xx_hal_tim.o
    0x080027a2   0x080027a2   0x00000002   PAD
    0x080027a4   0x080027a4   0x00000030   Code   RO          321    i.HAL_TIM_Base_MspInit  tim.o
    0x080027d4   0x080027d4   0x0000010c   Code   RO         2380    i.HAL_TIM_ConfigClockSource  stm32f1xx_hal_tim.o
    0x080028e0   0x080028e0   0x00000120   Code   RO          322    i.HAL_TIM_MspPostInit  tim.o
    0x08002a00   0x08002a00   0x00000104   Code   RO         2443    i.HAL_TIM_PWM_ConfigChannel  stm32f1xx_hal_tim.o
    0x08002b04   0x08002b04   0x00000066   Code   RO         2446    i.HAL_TIM_PWM_Init  stm32f1xx_hal_tim.o
    0x08002b6a   0x08002b6a   0x00000002   PAD
    0x08002b6c   0x08002b6c   0x0000007c   Code   RO          324    i.HAL_TIM_PWM_MspInit  tim.o
    0x08002be8   0x08002be8   0x000000d4   Code   RO         2451    i.HAL_TIM_PWM_Start  stm32f1xx_hal_tim.o
    0x08002cbc   0x08002cbc   0x00000076   Code   RO         3383    i.HAL_UART_Init     stm32f1xx_hal_uart.o
    0x08002d32   0x08002d32   0x00000002   PAD
    0x08002d34   0x08002d34   0x00000084   Code   RO          399    i.HAL_UART_MspInit  usart.o
    0x08002db8   0x08002db8   0x000000be   Code   RO         3391    i.HAL_UART_Transmit  stm32f1xx_hal_uart.o
    0x08002e76   0x08002e76   0x00000004   Code   RO          448    i.HardFault_Handler  stm32f1xx_it.o
    0x08002e7a   0x08002e7a   0x0000003e   Code   RO         1947    i.I2C_IsAcknowledgeFailed  stm32f1xx_hal_i2c.o
    0x08002eb8   0x08002eb8   0x00000160   Code   RO         1958    i.I2C_RequestMemoryRead  stm32f1xx_hal_i2c.o
    0x08003018   0x08003018   0x000000e0   Code   RO         1959    i.I2C_RequestMemoryWrite  stm32f1xx_hal_i2c.o
    0x080030f8   0x080030f8   0x00000066   Code   RO         1967    i.I2C_WaitOnBTFFlagUntilTimeout  stm32f1xx_hal_i2c.o
    0x0800315e   0x0800315e   0x000000be   Code   RO         1968    i.I2C_WaitOnFlagUntilTimeout  stm32f1xx_hal_i2c.o
    0x0800321c   0x0800321c   0x000000fa   Code   RO         1969    i.I2C_WaitOnMasterAddressFlagUntilTimeout  stm32f1xx_hal_i2c.o
    0x08003316   0x08003316   0x0000008a   Code   RO         1970    i.I2C_WaitOnRXNEFlagUntilTimeout  stm32f1xx_hal_i2c.o
    0x080033a0   0x080033a0   0x00000066   Code   RO         1973    i.I2C_WaitOnTXEFlagUntilTimeout  stm32f1xx_hal_i2c.o
    0x08003406   0x08003406   0x00000002   PAD
    0x08003408   0x08003408   0x00000160   Code   RO         4669    i.Int_MPU6050_Init  int_mpu6050.o
    0x08003568   0x08003568   0x00000044   Code   RO         4670    i.Int_MPU6050_ReadAccel  int_mpu6050.o
    0x080035ac   0x080035ac   0x00000024   Code   RO         4671    i.Int_MPU6050_ReadByte  int_mpu6050.o
    0x080035d0   0x080035d0   0x00000024   Code   RO         4672    i.Int_MPU6050_ReadBytes  int_mpu6050.o
    0x080035f4   0x080035f4   0x00000044   Code   RO         4673    i.Int_MPU6050_ReadGyro  int_mpu6050.o
    0x08003638   0x08003638   0x000000c8   Code   RO         4674    i.Int_MPU6050_SendByte  int_mpu6050.o
    0x08003700   0x08003700   0x0000003c   Code   RO         4676    i.Int_MPU6050_SetDLPF  int_mpu6050.o
    0x0800373c   0x0800373c   0x0000003a   Code   RO         4677    i.Int_MPU6050_SetSampleRate  int_mpu6050.o
    0x08003776   0x08003776   0x00000002   PAD
    0x08003778   0x08003778   0x00000060   Code   RO          214    i.MX_ADC1_Init      adc.o
    0x080037d8   0x080037d8   0x00000024   Code   RO          254    i.MX_DMA_Init       dma.o
    0x080037fc   0x080037fc   0x000000bc   Code   RO          188    i.MX_GPIO_Init      gpio.o
    0x080038b8   0x080038b8   0x0000003c   Code   RO          280    i.MX_I2C1_Init      i2c.o
    0x080038f4   0x080038f4   0x000000d8   Code   RO          325    i.MX_TIM1_Init      tim.o
    0x080039cc   0x080039cc   0x00000078   Code   RO          326    i.MX_TIM2_Init      tim.o
    0x08003a44   0x08003a44   0x0000007c   Code   RO          327    i.MX_TIM3_Init      tim.o
    0x08003ac0   0x08003ac0   0x0000007c   Code   RO          328    i.MX_TIM4_Init      tim.o
    0x08003b3c   0x08003b3c   0x00000038   Code   RO          400    i.MX_USART2_UART_Init  usart.o
    0x08003b74   0x08003b74   0x00000004   Code   RO          449    i.MemManage_Handler  stm32f1xx_it.o
    0x08003b78   0x08003b78   0x00000004   Code   RO          450    i.NMI_Handler       stm32f1xx_it.o
    0x08003b7c   0x08003b7c   0x00000002   Code   RO          451    i.PendSV_Handler    stm32f1xx_it.o
    0x08003b7e   0x08003b7e   0x00000002   PAD
    0x08003b80   0x08003b80   0x00000028   Code   RO         1072    i.RCC_Delay         stm32f1xx_hal_rcc.o
    0x08003ba8   0x08003ba8   0x00000002   Code   RO          452    i.SVC_Handler       stm32f1xx_it.o
    0x08003baa   0x08003baa   0x00000008   Code   RO          453    i.SysTick_Handler   stm32f1xx_it.o
    0x08003bb2   0x08003bb2   0x00000084   Code   RO           14    i.SystemClock_Config  main.o
    0x08003c36   0x08003c36   0x00000002   Code   RO         3727    i.SystemInit        system_stm32f1xx.o
    0x08003c38   0x08003c38   0x00000084   Code   RO         2464    i.TIM_Base_SetConfig  stm32f1xx_hal_tim.o
    0x08003cbc   0x08003cbc   0x00000022   Code   RO         2465    i.TIM_CCxChannelCmd  stm32f1xx_hal_tim.o
    0x08003cde   0x08003cde   0x00000016   Code   RO         2475    i.TIM_ETR_SetConfig  stm32f1xx_hal_tim.o
    0x08003cf4   0x08003cf4   0x00000012   Code   RO         2476    i.TIM_ITRx_SetConfig  stm32f1xx_hal_tim.o
    0x08003d06   0x08003d06   0x00000002   PAD
    0x08003d08   0x08003d08   0x00000060   Code   RO         2477    i.TIM_OC1_SetConfig  stm32f1xx_hal_tim.o
    0x08003d68   0x08003d68   0x00000068   Code   RO         2478    i.TIM_OC2_SetConfig  stm32f1xx_hal_tim.o
    0x08003dd0   0x08003dd0   0x00000068   Code   RO         2479    i.TIM_OC3_SetConfig  stm32f1xx_hal_tim.o
    0x08003e38   0x08003e38   0x00000048   Code   RO         2480    i.TIM_OC4_SetConfig  stm32f1xx_hal_tim.o
    0x08003e80   0x08003e80   0x00000026   Code   RO         2482    i.TIM_TI1_ConfigInputStage  stm32f1xx_hal_tim.o
    0x08003ea6   0x08003ea6   0x00000028   Code   RO         2484    i.TIM_TI2_ConfigInputStage  stm32f1xx_hal_tim.o
    0x08003ece   0x08003ece   0x0000006c   Code   RO         3406    i.UART_EndRxTransfer  stm32f1xx_hal_uart.o
    0x08003f3a   0x08003f3a   0x00000002   PAD
    0x08003f3c   0x08003f3c   0x000000fc   Code   RO         3410    i.UART_SetConfig    stm32f1xx_hal_uart.o
    0x08004038   0x08004038   0x0000008c   Code   RO         3414    i.UART_WaitOnFlagUntilTimeout  stm32f1xx_hal_uart.o
    0x080040c4   0x080040c4   0x00000004   Code   RO          454    i.UsageFault_Handler  stm32f1xx_it.o
    0x080040c8   0x080040c8   0x00000020   Code   RO         5143    i.__0printf         mc_w.l(printfa.o)
    0x080040e8   0x080040e8   0x00000010   Code   RO         1379    i.__NVIC_GetPriorityGrouping  stm32f1xx_hal_cortex.o
    0x080040f8   0x080040f8   0x00000028   Code   RO         1380    i.__NVIC_SetPriority  stm32f1xx_hal_cortex.o
    0x08004120   0x08004120   0x0000000e   Code   RO         5230    i.__scatterload_copy  mc_w.l(handlers.o)
    0x0800412e   0x0800412e   0x00000002   Code   RO         5231    i.__scatterload_null  mc_w.l(handlers.o)
    0x08004130   0x08004130   0x0000000e   Code   RO         5232    i.__scatterload_zeroinit  mc_w.l(handlers.o)
    0x0800413e   0x0800413e   0x00000002   PAD
    0x08004140   0x08004140   0x00000184   Code   RO         5150    i._fp_digits        mc_w.l(printfa.o)
    0x080042c4   0x080042c4   0x000006dc   Code   RO         5151    i._printf_core      mc_w.l(printfa.o)
    0x080049a0   0x080049a0   0x00000024   Code   RO         5152    i._printf_post_padding  mc_w.l(printfa.o)
    0x080049c4   0x080049c4   0x0000002e   Code   RO         5153    i._printf_pre_padding  mc_w.l(printfa.o)
    0x080049f2   0x080049f2   0x00000002   PAD
    0x080049f4   0x080049f4   0x00000018   Code   RO          401    i.fputc             usart.o
    0x08004a0c   0x08004a0c   0x0000007c   Code   RO           15    i.main              main.o
    0x08004a88   0x08004a88   0x00000012   Data   RO         1073    .constdata          stm32f1xx_hal_rcc.o
    0x08004a9a   0x08004a9a   0x00000018   Data   RO         3728    .constdata          system_stm32f1xx.o
    0x08004ab2   0x08004ab2   0x00000002   PAD
    0x08004ab4   0x08004ab4   0x00000087   Data   RO         4748    .conststring        app_flight.o
    0x08004b3b   0x08004b3b   0x00000001   PAD
    0x08004b3c   0x08004b3c   0x00000020   Data   RO         5228    Region$$Table       anon$$obj.o


    Execution Region RW_IRAM1 (Exec base: 0x20000000, Load base: 0x08004b5c, Size: 0x000006b8, Max: 0x00005000, ABSOLUTE)

    Exec Addr    Load Addr    Size         Type   Attr      Idx    E Section Name        Object

    0x20000000   0x08004b5c   0x00000009   Data   RW          909    .data               stm32f1xx_hal.o
    0x20000009   0x08004b65   0x00000003   PAD
    0x2000000c   0x08004b68   0x00000004   Data   RW         3729    .data               system_stm32f1xx.o
    0x20000010   0x08004b6c   0x00000014   Data   RW         4749    .data               app_flight.o
    0x20000024   0x08004b80   0x00000048   Data   RW         4877    .data               com_kalman.o
    0x2000006c   0x08004bc8   0x00000004   Data   RW         4899    .data               mc_w.l(stdout.o)
    0x20000070        -       0x00000074   Zero   RW          215    .bss                adc.o
    0x200000e4        -       0x00000054   Zero   RW          281    .bss                i2c.o
    0x20000138        -       0x00000120   Zero   RW          329    .bss                tim.o
    0x20000258        -       0x00000048   Zero   RW          402    .bss                usart.o
    0x200002a0        -       0x00000018   Zero   RW         4747    .bss                app_flight.o
    0x200002b8        -       0x00000400   Zero   RW            1    STACK               startup_stm32f103xb.o


==============================================================================

Image component sizes


      Code (inc. data)   RO Data    RW Data    ZI Data      Debug   Object Name

       272         32          0          0        116       1647   adc.o
      1136         94        135         20         24       3291   app_flight.o
        88          0          0         72          0       1317   com_kalman.o
        36          4          0          0          0        686   dma.o
       188         14          0          0          0        875   gpio.o
       176         24          0          0         84       1509   i2c.o
       878        256          0          0          0       4828   int_mpu6050.o
       262         20          0          0          0     450972   main.o
        36          8        236          0       1024        780   startup_stm32f103xb.o
       192         36          0          9          0       5693   stm32f1xx_hal.o
       768         24          0          0          0       3020   stm32f1xx_hal_adc.o
       272         22          0          0          0      28598   stm32f1xx_hal_cortex.o
       104          4          0          0          0        999   stm32f1xx_hal_dma.o
       812         34          0          0          0       2600   stm32f1xx_hal_gpio.o
      3124         50          0          0          0      11302   stm32f1xx_hal_i2c.o
        84          8          0          0          0        846   stm32f1xx_hal_msp.o
      1748         98         18          0          0       5772   stm32f1xx_hal_rcc.o
       304         14          0          0          0       1348   stm32f1xx_hal_rcc_ex.o
      1604         46          0          0          0      10988   stm32f1xx_hal_tim.o
       248         14          0          0          0       2048   stm32f1xx_hal_tim_ex.o
       808          4          0          0          0       4224   stm32f1xx_hal_uart.o
        34          0          0          0          0       3698   stm32f1xx_it.o
         2          0         24          4          0       1047   system_stm32f1xx.o
      1044         82          0          0        288       4905   tim.o
       212         26          0          0         72       2106   usart.o

    ----------------------------------------------------------------------
     14448        914        448        108       1608     555099   Object Totals
         0          0         32          0          0          0   (incl. Generated)
        16          0          3          3          0          0   (incl. Padding)

    ----------------------------------------------------------------------

      Code (inc. data)   RO Data    RW Data    ZI Data      Debug   Library Member Name

         0          0          0          0          0          0   entry.o
         0          0          0          0          0          0   entry10a.o
         0          0          0          0          0          0   entry11a.o
         8          4          0          0          0          0   entry2.o
         4          0          0          0          0          0   entry5.o
         0          0          0          0          0          0   entry7b.o
         0          0          0          0          0          0   entry8b.o
         8          4          0          0          0          0   entry9a.o
        30          0          0          0          0          0   handlers.o
        36          8          0          0          0         68   init.o
         0          0          0          0          0          0   iusefp.o
        30          0          0          0          0         68   llshl.o
        36          0          0          0          0         68   llsshr.o
        32          0          0          0          0         68   llushr.o
        36          0          0          0          0        108   memseta.o
      2258         90          0          0          0        452   printfa.o
         0          0          0          4          0          0   stdout.o
        32          0          0          0          0         68   strrchr.o
        44          0          0          0          0         80   uidiv.o
        98          0          0          0          0         92   uldiv.o
        48          0          0          0          0         68   cdrcmple.o
       334          0          0          0          0        148   dadd.o
       222          0          0          0          0        100   ddiv.o
       186          0          0          0          0        176   depilogue.o
        62          0          0          0          0         80   dfixi.o
        48          0          0          0          0         68   dfixul.o
        34          0          0          0          0         76   dflti.o
       228          0          0          0          0         96   dmul.o
       176          0          0          0          0        140   fadd.o
       124          0          0          0          0         88   fdiv.o
       110          0          0          0          0        168   fepilogue.o
        50          0          0          0          0         68   ffixi.o
        18          0          0          0          0         68   fflti.o
       100          0          0          0          0         76   fmul.o

    ----------------------------------------------------------------------
      4396        106          0          4          0       2492   Library Totals
         4          0          0          0          0          0   (incl. Padding)

    ----------------------------------------------------------------------

      Code (inc. data)   RO Data    RW Data    ZI Data      Debug   Library Name

      2652        106          0          4          0       1072   mc_w.l
      1740          0          0          0          0       1420   mf_w.l

    ----------------------------------------------------------------------
      4396        106          0          4          0       2492   Library Totals

    ----------------------------------------------------------------------

==============================================================================


      Code (inc. data)   RO Data    RW Data    ZI Data      Debug   

     18844       1020        448        112       1608     551607   Grand Totals
     18844       1020        448        112       1608     551607   ELF Image Totals
     18844       1020        448        112          0          0   ROM Totals

==============================================================================

    Total RO  Size (Code + RO Data)                19292 (  18.84kB)
    Total RW  Size (RW Data + ZI Data)              1720 (   1.68kB)
    Total ROM Size (Code + RO Data + RW Data)      19404 (  18.95kB)

==============================================================================

